2025-05-02 21:46:21,400 ChatBI->     INFO     schema linking: {'target_columns': ['上报地址'], 'condition_columns': {'发现时间': '近1年', '案件描述/内容描述': '设备维修'}}
2025-05-02 21:46:21,809 ChatBI->     INFO     
2025-05-02 21:46:21,920 ChatBI->     INFO     你
2025-05-02 21:46:22,029 ChatBI->     INFO     希望
2025-05-02 21:46:22,136 ChatBI->     INFO     了解
2025-05-02 21:46:22,244 ChatBI->     INFO     近
2025-05-02 21:46:22,351 ChatBI->     INFO     1
2025-05-02 21:46:22,461 ChatBI->     INFO     年
2025-05-02 21:46:22,567 ChatBI->     INFO     有
2025-05-02 21:46:22,705 ChatBI->     INFO     设备
2025-05-02 21:46:22,816 ChatBI->     INFO     维修
2025-05-02 21:46:22,938 ChatBI->     INFO     需求
2025-05-02 21:46:23,045 ChatBI->     INFO     的
2025-05-02 21:46:23,156 ChatBI->     INFO     小区
2025-05-02 21:46:23,263 ChatBI->     INFO     有哪些
2025-05-02 21:46:23,372 ChatBI->     INFO     。
2025-05-02 21:46:23,481 ChatBI->     INFO     这是一个
2025-05-02 21:46:23,588 ChatBI->     INFO     筛选
2025-05-02 21:46:23,697 ChatBI->     INFO     和
2025-05-02 21:46:23,805 ChatBI->     INFO     列表
2025-05-02 21:46:23,913 ChatBI->     INFO     类型
2025-05-02 21:46:24,023 ChatBI->     INFO     的问题
2025-05-02 21:46:24,130 ChatBI->     INFO     。
2025-05-02 21:46:24,254 ChatBI->     INFO     需要
2025-05-02 21:46:24,363 ChatBI->     INFO     将
2025-05-02 21:46:24,487 ChatBI->     INFO     时间
2025-05-02 21:46:24,612 ChatBI->     INFO     设
2025-05-02 21:46:24,734 ChatBI->     INFO     为
2025-05-02 21:46:24,845 ChatBI->     INFO     维度
2025-05-02 21:46:24,952 ChatBI->     INFO     字段
2025-05-02 21:46:25,064 ChatBI->     INFO     ，并
2025-05-02 21:46:25,171 ChatBI->     INFO     限定
2025-05-02 21:46:25,280 ChatBI->     INFO     时间为
2025-05-02 21:46:25,389 ChatBI->     INFO     近
2025-05-02 21:46:25,498 ChatBI->     INFO     1
2025-05-02 21:46:25,609 ChatBI->     INFO     年
2025-05-02 21:46:25,717 ChatBI->     INFO     ；
2025-05-02 21:46:25,823 ChatBI->     INFO     同时
2025-05-02 21:46:25,933 ChatBI->     INFO     将
2025-05-02 21:46:26,043 ChatBI->     INFO     事项
2025-05-02 21:46:26,150 ChatBI->     INFO     类别
2025-05-02 21:46:26,258 ChatBI->     INFO     、
2025-05-02 21:46:26,368 ChatBI->     INFO     事项
2025-05-02 21:46:26,477 ChatBI->     INFO     大
2025-05-02 21:46:26,584 ChatBI->     INFO     类
2025-05-02 21:46:26,693 ChatBI->     INFO     、
2025-05-02 21:46:26,801 ChatBI->     INFO     事项
2025-05-02 21:46:26,909 ChatBI->     INFO     小
2025-05-02 21:46:27,031 ChatBI->     INFO     类
2025-05-02 21:46:27,138 ChatBI->     INFO     、
2025-05-02 21:46:27,247 ChatBI->     INFO     事项
2025-05-02 21:46:27,355 ChatBI->     INFO     名称
2025-05-02 21:46:27,463 ChatBI->     INFO     、
2025-05-02 21:46:27,570 ChatBI->     INFO     事项
2025-05-02 21:46:27,678 ChatBI->     INFO     标签
2025-05-02 21:46:27,785 ChatBI->     INFO     设
2025-05-02 21:46:27,896 ChatBI->     INFO     为
2025-05-02 21:46:28,021 ChatBI->     INFO     维度
2025-05-02 21:46:28,129 ChatBI->     INFO     字段
2025-05-02 21:46:28,250 ChatBI->     INFO     ，
2025-05-02 21:46:28,359 ChatBI->     INFO     以
2025-05-02 21:46:28,468 ChatBI->     INFO     筛选
2025-05-02 21:46:28,577 ChatBI->     INFO     出
2025-05-02 21:46:28,685 ChatBI->     INFO     与
2025-05-02 21:46:28,792 ChatBI->     INFO     设备
2025-05-02 21:46:28,901 ChatBI->     INFO     维修
2025-05-02 21:46:29,011 ChatBI->     INFO     相关的
2025-05-02 21:46:29,119 ChatBI->     INFO     事项
2025-05-02 21:46:29,226 ChatBI->     INFO     ；
2025-05-02 21:46:29,334 ChatBI->     INFO     最后
2025-05-02 21:46:29,442 ChatBI->     INFO     将
2025-05-02 21:46:29,553 ChatBI->     INFO     所属
2025-05-02 21:46:29,660 ChatBI->     INFO     居
2025-05-02 21:46:29,784 ChatBI->     INFO     委
2025-05-02 21:46:29,908 ChatBI->     INFO     设
2025-05-02 21:46:30,032 ChatBI->     INFO     为
2025-05-02 21:46:30,141 ChatBI->     INFO     维度
2025-05-02 21:46:30,250 ChatBI->     INFO     字段
2025-05-02 21:46:30,359 ChatBI->     INFO     ，
2025-05-02 21:46:30,466 ChatBI->     INFO     以
2025-05-02 21:46:30,573 ChatBI->     INFO     列出
2025-05-02 21:46:30,682 ChatBI->     INFO     具体的
2025-05-02 21:46:30,791 ChatBI->     INFO     小区
2025-05-02 21:46:30,900 ChatBI->     INFO     名称
2025-05-02 21:46:31,008 ChatBI->     INFO     。


2025-05-02 21:46:31,117 ChatBI->     INFO     DONE
2025-05-02 21:46:31,227 ChatBI->     INFO     
2025-05-02 21:46:31,335 ChatBI->     INFO     任务类型: SQL
2025-05-02 21:46:32,588 ChatBI->     INFO     stad sql: SELECT DISTINCT `上报地址` FROM `HongKouDemo` WHERE `发现时间` >= DATE_SUB(CURDATE(), INTERVAL 1 YEAR) AND `案件描述/内容描述` LIKE '%设备维修%' LIMIT 10;
2025-05-02 21:46:32,594 ChatBI->     INFO     非结构化信息为: {"`案件描述/内容描述` LIKE '%设备维修%'": '设备维修'}
2025-05-02 21:46:33,088 ChatBI->     INFO     设备维修 的命名实体判别： no
2025-05-02 21:46:33,090 ChatBI->     INFO     开始对非结构化文档【粗略】检索
2025-05-02 21:46:33,560 ChatBI->     INFO     检索到的文档总数量为：607
2025-05-02 21:46:33,582 ChatBI->     INFO     开始对非结构化文档【深度】检索
2025-05-02 21:46:34,004 ChatBI->     INFO     层级抽取文档： 市民来电反映:上述地址的小区内的所有电动车充电装置，只能投币使用，不能线上支付，且现有的设备都是损坏，无法正常使用。诉求：请管理部门尽快维修设备，并尽快开通线上支付功能。 ==> yes  
2025-05-02 21:46:34,004 ChatBI->     INFO     层级抽取文档： 市民反映：衡水路89弄1号楼2903房屋内玻璃幕墙侧严重漏水，前期经城管、区应急管理中心、物业公司工程人员及居委会联合现场查看，认定为玻璃幕墙老化所致。业主提出应由物业负责提出检修方案并报业委会，使用维修基金进行修理。业委会主任拒绝相关要求。业主致电川北街道城建中心（房管所）反映此问题，某陈姓工作人员表示无权责。1、物业应对漏水问题出具正式的检修方案，报业委会。2、业委会应根据事实情况，征询意见或召开业主大会，明确维修基金的使用。3、物业应负责相应的检修。4、川北街道房管所人员应尽监督、管理、协调责任。5、物业应明确是否履行玻璃幕墙定期检查的职责。6、查明物业经理吴某、业委会主任是否存在不作为，川北街道陈某是否存在渎职。诉求：投诉物业不作为及街道房管渎职，要求协调解决使用维修基金事宜。（市民要求信息保密，需要回复）  市民投诉上述地址物业不作为及街道房管渎职，要求协调解决使用维修基金事宜。 ==> no  
2025-05-02 21:46:34,004 ChatBI->     INFO     层级抽取文档： 市民来电反映:其是上述地址居民，市民表示现在居民楼公共管道漏水，物业联系市民告知需要将市民家中的墙体破坏才能检查管道，市民表示应该有类似窥镜检查设备，物业告知整个虹口区的房管部门都没有，市民不认可，要求管理部门核实联系市民告知市民是否有相关设备可以检查。 ==> no  
2025-05-02 21:46:34,004 ChatBI->     INFO     层级抽取文档： 市民来电反映:其是上述地址的居民，因为其楼上1104室的排污水管道漏水了，造成其家里漏水，且房屋顶部和墙壁都损坏了。其联系物业报修，物业查看后，声称没钱维修，就不了了之了。市民对此不认可。市民认为物业存在不作为。诉求：请管理部门尽快查处物业的不作为，并给出一个合理的解决方案。 ==> no  
2025-05-02 21:46:34,004 ChatBI->     INFO     层级抽取文档： 市民来电反映:上述地址的居民装修从6:00到半夜，严重附近居民的生活，诉求：要求在规定的时间内装修，并且做好噪音防治措施（市民要求信息保密 无需回复） ==> no  
2025-05-02 21:46:34,004 ChatBI->     INFO     层级抽取文档： 市民反映：运光路伊敏河路路口东南角人行道砖松动起翘。诉求：需要维修 ==> no  
2025-05-02 21:46:34,004 ChatBI->     INFO     层级抽取文档： 市民来电反映:上述地址菜场在装修，除了噪音大，气味也很大，导致楼上居民家中不开窗开空调装修的气味还是很大，诉求：请管理部门核实处理。（市民要求信息保密 无需回复） ==> no  
2025-05-02 21:46:34,004 ChatBI->     INFO     层级抽取文档： 市民反映：上述地址的木制台阶上有木板松动掉落，有铁钉外露，极端情况下会出现人身伤害事件。诉求：请尽快维修木制台阶。 ==> yes  
2025-05-02 21:46:34,004 ChatBI->     INFO     层级抽取文档： 市民来电反映:8月24日上述地址8:00后就开始装修了，市民表示噪音非常吵，已经严重影响居民生活，而且噪音分贝也特别大，诉求：希望管理部门核实，市民希望双休日不要装修，工作日9:00之后开始装修，市民希望尽快处理。（市民要求信息保密 需回复） ==> no  
2025-05-02 21:46:34,004 ChatBI->     INFO     层级抽取文档： 市民来电反映:上述地址在装修严重影响市民的正常休息，诉求：请管理部门督促文明、规范施工，不要扰民。（市民要求信息保密 无需回复） ==> no  
2025-05-02 21:46:34,004 ChatBI->     INFO     阈值索引为：20, 窗口大小为: 40 
2025-05-02 21:46:34,008 ChatBI->     INFO     确定的文档: 0; 在次确认的文档: 60
2025-05-02 21:46:35,858 ChatBI->     INFO     从60个需再次确认的文档中筛选出的相关文档数量：24
2025-05-02 21:46:35,859 ChatBI->     INFO     示例文档：['市民来电反映:在上述地址公共区域靠着马路，有一排电瓶车的充电桩，也没有安装指示标牌：不对外使用，但是缺无法使用，市民表示之前是有一个可以使用的，现在一个都不能用，报修后也没有维修，说是物业不修。诉求：希望管理部门核实后尽快维修恢复使用。', '市民来电反映:6层小区的电梯前几年才加装，去年开始启用，8月14日晚上电梯故障影响居民上下楼，有联系物业， 物业表示不管，让找电梯维护单位，联系了电梯公司，表示配件坏了让等，为此市民等不及。诉求：希望帮忙督促催促电梯公司尽快来维修。（市民要求信息保密 无需回复）', '市民来电反映:8月16日晚把车停在上述小区，现在看到发生了剐蹭，向物业调看监控告知摄像头坏了，要求管理部门解释为什么不进行维修或重新安装。', '市民反映：上述地址和平公园内的荡秋千设备维修了将近三个月。诉求：请管理部门告知市民秋千维修完成时间。', '市民反映：和平公园以设备维修的名义，将整个儿童乐园区域封闭，禁止放暑假的儿童进入游玩，事实上没有任何设备在维修，而是将儿童乐园变成了工作人员休闲娱乐的场所。（详见附件）诉求：请管理部门核实尽快开放儿童乐园区域。（市民要求信息保密，无需回复）']
2025-05-02 21:46:35,860 ChatBI->     INFO     没有找到<  >对应的视图
2025-05-02 21:46:38,209 ChatBI->     INFO     websocket发送的数据为：{"sql_gen": "SELECT DISTINCT `上报地址` FROM `HongKouDemo` WHERE `发现时间` >= DATE_SUB(CURDATE(), INTERVAL 1 YEAR) AND `案件描述/内容描述` LIKE '%设备维修%' LIMIT 10;"}
2025-05-02 21:46:38,211 ChatBI->     INFO     websocket发送的数据为：{"response": [{"上报地址": "虹口区天宝西路靠近密云路"}, {"上报地址": "虹口区东汉阳路309弄16号"}, {"上报地址": "虹口区纪念路494弄24号201"}, {"上报地址": "虹口区和平公园"}, {"上报地址": "虹口区四平路188号"}, {"上报地址": "虹口区吴家湾路52弄217号"}, {"上报地址": "虹口区吴家湾路52弄217号604"}, {"上报地址": "虹口区凉城路1201弄"}, {"上报地址": "虹口区天宝路891号和平公园儿童乐园"}, {"上报地址": "虹口区天通庵路657弄10号楼601室"}]}
