2025-05-02 21:55:08,635 ChatBI->     INFO     schema linking: {'target_columns': ['上报地址'], 'condition_columns': {'发现时间': '近1年', '案件描述/内容描述': '设备维修'}}
2025-05-02 21:55:08,999 ChatBI->     INFO     
2025-05-02 21:55:09,114 ChatBI->     INFO     你
2025-05-02 21:55:09,237 ChatBI->     INFO     希望
2025-05-02 21:55:09,346 ChatBI->     INFO     了解
2025-05-02 21:55:09,455 ChatBI->     INFO     近
2025-05-02 21:55:09,578 ChatBI->     INFO     1
2025-05-02 21:55:09,686 ChatBI->     INFO     年
2025-05-02 21:55:09,793 ChatBI->     INFO     有
2025-05-02 21:55:09,901 ChatBI->     INFO     设备
2025-05-02 21:55:10,009 ChatBI->     INFO     维修
2025-05-02 21:55:10,116 ChatBI->     INFO     需求
2025-05-02 21:55:10,222 ChatBI->     INFO     的
2025-05-02 21:55:10,344 ChatBI->     INFO     小区
2025-05-02 21:55:10,453 ChatBI->     INFO     有哪些
2025-05-02 21:55:10,561 ChatBI->     INFO     。
2025-05-02 21:55:10,672 ChatBI->     INFO     这是一个
2025-05-02 21:55:10,778 ChatBI->     INFO     筛选
2025-05-02 21:55:10,888 ChatBI->     INFO     和
2025-05-02 21:55:10,995 ChatBI->     INFO     列表
2025-05-02 21:55:11,105 ChatBI->     INFO     类型
2025-05-02 21:55:11,215 ChatBI->     INFO     的问题
2025-05-02 21:55:11,324 ChatBI->     INFO     。
2025-05-02 21:55:11,432 ChatBI->     INFO     需要
2025-05-02 21:55:11,541 ChatBI->     INFO     将
2025-05-02 21:55:11,650 ChatBI->     INFO     时间
2025-05-02 21:55:11,759 ChatBI->     INFO     设
2025-05-02 21:55:11,868 ChatBI->     INFO     为
2025-05-02 21:55:11,976 ChatBI->     INFO     维度
2025-05-02 21:55:12,084 ChatBI->     INFO     字段
2025-05-02 21:55:12,191 ChatBI->     INFO     ，并
2025-05-02 21:55:12,301 ChatBI->     INFO     限定
2025-05-02 21:55:12,410 ChatBI->     INFO     时间为
2025-05-02 21:55:12,533 ChatBI->     INFO     近
2025-05-02 21:55:12,642 ChatBI->     INFO     1
2025-05-02 21:55:12,752 ChatBI->     INFO     年
2025-05-02 21:55:12,876 ChatBI->     INFO     ；
2025-05-02 21:55:12,985 ChatBI->     INFO     同时
2025-05-02 21:55:13,094 ChatBI->     INFO     将
2025-05-02 21:55:13,203 ChatBI->     INFO     事项
2025-05-02 21:55:13,313 ChatBI->     INFO     类别
2025-05-02 21:55:13,421 ChatBI->     INFO     、
2025-05-02 21:55:13,529 ChatBI->     INFO     事项
2025-05-02 21:55:13,640 ChatBI->     INFO     大
2025-05-02 21:55:13,749 ChatBI->     INFO     类
2025-05-02 21:55:13,858 ChatBI->     INFO     、
2025-05-02 21:55:13,967 ChatBI->     INFO     事项
2025-05-02 21:55:14,075 ChatBI->     INFO     小
2025-05-02 21:55:14,183 ChatBI->     INFO     类
2025-05-02 21:55:14,292 ChatBI->     INFO     、
2025-05-02 21:55:14,399 ChatBI->     INFO     事项
2025-05-02 21:55:14,509 ChatBI->     INFO     名称
2025-05-02 21:55:14,617 ChatBI->     INFO     、
2025-05-02 21:55:14,725 ChatBI->     INFO     事项
2025-05-02 21:55:14,835 ChatBI->     INFO     标签
2025-05-02 21:55:14,943 ChatBI->     INFO     设
2025-05-02 21:55:15,051 ChatBI->     INFO     为
2025-05-02 21:55:15,175 ChatBI->     INFO     维度
2025-05-02 21:55:15,299 ChatBI->     INFO     字段
2025-05-02 21:55:15,424 ChatBI->     INFO     ，
2025-05-02 21:55:15,549 ChatBI->     INFO     以
2025-05-02 21:55:15,671 ChatBI->     INFO     筛选
2025-05-02 21:55:15,781 ChatBI->     INFO     出
2025-05-02 21:55:15,891 ChatBI->     INFO     与
2025-05-02 21:55:16,012 ChatBI->     INFO     设备
2025-05-02 21:55:16,120 ChatBI->     INFO     维修
2025-05-02 21:55:16,228 ChatBI->     INFO     相关的
2025-05-02 21:55:16,337 ChatBI->     INFO     事项
2025-05-02 21:55:16,445 ChatBI->     INFO     ；
2025-05-02 21:55:16,554 ChatBI->     INFO     最后
2025-05-02 21:55:16,665 ChatBI->     INFO     将
2025-05-02 21:55:16,774 ChatBI->     INFO     所属
2025-05-02 21:55:16,882 ChatBI->     INFO     居
2025-05-02 21:55:16,989 ChatBI->     INFO     委
2025-05-02 21:55:17,099 ChatBI->     INFO     设
2025-05-02 21:55:17,207 ChatBI->     INFO     为
2025-05-02 21:55:17,332 ChatBI->     INFO     维度
2025-05-02 21:55:17,455 ChatBI->     INFO     字段
2025-05-02 21:55:17,562 ChatBI->     INFO     ，
2025-05-02 21:55:17,670 ChatBI->     INFO     以
2025-05-02 21:55:17,779 ChatBI->     INFO     列出
2025-05-02 21:55:17,889 ChatBI->     INFO     具体的
2025-05-02 21:55:17,998 ChatBI->     INFO     小区
2025-05-02 21:55:18,106 ChatBI->     INFO     名称
2025-05-02 21:55:18,216 ChatBI->     INFO     。


2025-05-02 21:55:18,322 ChatBI->     INFO     DONE
2025-05-02 21:55:18,434 ChatBI->     INFO     
2025-05-02 21:55:18,544 ChatBI->     INFO     任务类型: SQL
2025-05-02 21:55:19,801 ChatBI->     INFO     stad sql: SELECT DISTINCT `上报地址` FROM `HongKouDemo` WHERE `发现时间` >= DATE_SUB(CURDATE(), INTERVAL 1 YEAR) AND `案件描述/内容描述` LIKE '%设备维修%' LIMIT 10;
2025-05-02 21:55:19,812 ChatBI->     INFO     非结构化信息为: {"`案件描述/内容描述` LIKE '%设备维修%'": '设备维修'}
2025-05-02 21:55:20,206 ChatBI->     INFO     设备维修 的命名实体判别： no
2025-05-02 21:55:20,209 ChatBI->     INFO     开始对非结构化文档【粗略】检索
2025-05-02 21:55:20,658 ChatBI->     INFO     检索到的文档总数量为：607
2025-05-02 21:55:20,692 ChatBI->     INFO     开始对非结构化文档【深度】检索
2025-05-02 21:55:21,065 ChatBI->     INFO     层级抽取文档： 市民来电反映:上述地址的小区内的所有电动车充电装置，只能投币使用，不能线上支付，且现有的设备都是损坏，无法正常使用。诉求：请管理部门尽快维修设备，并尽快开通线上支付功能。 ==> yes  
2025-05-02 21:55:21,066 ChatBI->     INFO     层级抽取文档： 市民反映：衡水路89弄1号楼2903房屋内玻璃幕墙侧严重漏水，前期经城管、区应急管理中心、物业公司工程人员及居委会联合现场查看，认定为玻璃幕墙老化所致。业主提出应由物业负责提出检修方案并报业委会，使用维修基金进行修理。业委会主任拒绝相关要求。业主致电川北街道城建中心（房管所）反映此问题，某陈姓工作人员表示无权责。1、物业应对漏水问题出具正式的检修方案，报业委会。2、业委会应根据事实情况，征询意见或召开业主大会，明确维修基金的使用。3、物业应负责相应的检修。4、川北街道房管所人员应尽监督、管理、协调责任。5、物业应明确是否履行玻璃幕墙定期检查的职责。6、查明物业经理吴某、业委会主任是否存在不作为，川北街道陈某是否存在渎职。诉求：投诉物业不作为及街道房管渎职，要求协调解决使用维修基金事宜。（市民要求信息保密，需要回复）  市民投诉上述地址物业不作为及街道房管渎职，要求协调解决使用维修基金事宜。 ==> no  
2025-05-02 21:55:21,067 ChatBI->     INFO     层级抽取文档： 市民来电反映:其是上述地址居民，市民表示现在居民楼公共管道漏水，物业联系市民告知需要将市民家中的墙体破坏才能检查管道，市民表示应该有类似窥镜检查设备，物业告知整个虹口区的房管部门都没有，市民不认可，要求管理部门核实联系市民告知市民是否有相关设备可以检查。 ==> no  
2025-05-02 21:55:21,067 ChatBI->     INFO     层级抽取文档： 市民来电反映:其是上述地址的居民，因为其楼上1104室的排污水管道漏水了，造成其家里漏水，且房屋顶部和墙壁都损坏了。其联系物业报修，物业查看后，声称没钱维修，就不了了之了。市民对此不认可。市民认为物业存在不作为。诉求：请管理部门尽快查处物业的不作为，并给出一个合理的解决方案。 ==> no  
2025-05-02 21:55:21,068 ChatBI->     INFO     层级抽取文档： 市民来电反映:上述地址的居民装修从6:00到半夜，严重附近居民的生活，诉求：要求在规定的时间内装修，并且做好噪音防治措施（市民要求信息保密 无需回复） ==> no  
2025-05-02 21:55:21,069 ChatBI->     INFO     层级抽取文档： 市民反映：运光路伊敏河路路口东南角人行道砖松动起翘。诉求：需要维修 ==> no  
2025-05-02 21:55:21,069 ChatBI->     INFO     层级抽取文档： 市民来电反映:上述地址菜场在装修，除了噪音大，气味也很大，导致楼上居民家中不开窗开空调装修的气味还是很大，诉求：请管理部门核实处理。（市民要求信息保密 无需回复） ==> no  
2025-05-02 21:55:21,070 ChatBI->     INFO     层级抽取文档： 市民反映：上述地址的木制台阶上有木板松动掉落，有铁钉外露，极端情况下会出现人身伤害事件。诉求：请尽快维修木制台阶。 ==> yes  
2025-05-02 21:55:21,070 ChatBI->     INFO     层级抽取文档： 市民来电反映:8月24日上述地址8:00后就开始装修了，市民表示噪音非常吵，已经严重影响居民生活，而且噪音分贝也特别大，诉求：希望管理部门核实，市民希望双休日不要装修，工作日9:00之后开始装修，市民希望尽快处理。（市民要求信息保密 需回复） ==> no  
2025-05-02 21:55:21,070 ChatBI->     INFO     层级抽取文档： 市民来电反映:上述地址在装修严重影响市民的正常休息，诉求：请管理部门督促文明、规范施工，不要扰民。（市民要求信息保密 无需回复） ==> no  
2025-05-02 21:55:21,071 ChatBI->     INFO     阈值索引为：20, 窗口大小为: 40 
2025-05-02 21:55:21,071 ChatBI->     INFO     确定的文档: 0; 在次确认的文档: 60
2025-05-02 21:55:23,230 ChatBI->     INFO     从60个需再次确认的文档中筛选出的相关文档数量：24
2025-05-02 21:55:23,230 ChatBI->     INFO     示例文档：['市民来电反映:在上述地址公共区域靠着马路，有一排电瓶车的充电桩，也没有安装指示标牌：不对外使用，但是缺无法使用，市民表示之前是有一个可以使用的，现在一个都不能用，报修后也没有维修，说是物业不修。诉求：希望管理部门核实后尽快维修恢复使用。', '市民来电反映:6层小区的电梯前几年才加装，去年开始启用，8月14日晚上电梯故障影响居民上下楼，有联系物业， 物业表示不管，让找电梯维护单位，联系了电梯公司，表示配件坏了让等，为此市民等不及。诉求：希望帮忙督促催促电梯公司尽快来维修。（市民要求信息保密 无需回复）', '市民来电反映:8月16日晚把车停在上述小区，现在看到发生了剐蹭，向物业调看监控告知摄像头坏了，要求管理部门解释为什么不进行维修或重新安装。', '市民反映：上述地址和平公园内的荡秋千设备维修了将近三个月。诉求：请管理部门告知市民秋千维修完成时间。', '市民反映：和平公园以设备维修的名义，将整个儿童乐园区域封闭，禁止放暑假的儿童进入游玩，事实上没有任何设备在维修，而是将儿童乐园变成了工作人员休闲娱乐的场所。（详见附件）诉求：请管理部门核实尽快开放儿童乐园区域。（市民要求信息保密，无需回复）']
2025-05-02 21:55:23,233 ChatBI->     INFO     没有找到<  >对应的视图
2025-05-02 21:55:26,156 ChatBI->     INFO     websocket发送的数据为：{"sql_gen": "SELECT DISTINCT `上报地址` FROM `HongKouDemo` WHERE `发现时间` >= DATE_SUB(CURDATE(), INTERVAL 1 YEAR) AND `案件描述/内容描述` LIKE '%设备维修%' LIMIT 10;"}
2025-05-02 21:55:26,157 ChatBI->     INFO     websocket发送的数据为：{"response": [{"上报地址": "虹口区天宝西路靠近密云路"}, {"上报地址": "虹口区东汉阳路309弄16号"}, {"上报地址": "虹口区纪念路494弄24号201"}, {"上报地址": "虹口区和平公园"}, {"上报地址": "虹口区四平路188号"}, {"上报地址": "虹口区吴家湾路52弄217号"}, {"上报地址": "虹口区吴家湾路52弄217号604"}, {"上报地址": "虹口区凉城路1201弄"}, {"上报地址": "虹口区天宝路891号和平公园儿童乐园"}, {"上报地址": "虹口区天通庵路657弄10号楼601室"}]}
2025-05-02 21:55:27,651 ChatBI->     INFO     websocket发送的数据为：{"data_detail": [{"案件编号": 202408301870900110, "原编号": 20240830028747, "案件来源/信息来源": "12345热线", "工单类型": "求助类", "发现时间": "2024-08-30 16:37", "状态": "已退单", "事项类别": null, "事项大类": null, "事项小类": null, "事项名称": null, "事项标签": null, "案件描述/内容描述": "市民来电反映:8月30日上述地址路边靠近公厕的1个消防栓漏水且伴有积水。诉求：请及时维修。", "上报地址": "虹口区天宝西路靠近密云路", "实际地址": "虹口区天宝西路靠近密云路", "联系人": null, "联系电话": null, "所属街道": "欧阳路街道", "主责部门": "欧阳路街道办事处", "协同部门": null, "主处置部门": null, "协同处置部门": null, "办理描述": null, "结案时间": null, "结案期限(是否超时)": "正常", "市紧急程度": "次紧急", "收单时间": null, "紧急程度": null, "所属片区": "第五片区", "所属居委": "祥东居委", "派遣时间": null, "案件期限": 15, "处置计时": null, "案件整体计时": "0天23小时13分钟22秒", "事实认定": null, "诉求认定": null, "是否解决区回访": null, "是否满意区回访": null}, {"案件编号": 202408299827400128, "原编号": 20240829036681, "案件来源/信息来源": "12345热线", "工单类型": "求助类", "发现时间": "2024-08-29 20:11", "状态": "待接单处置", "事项类别": "公共服务", "事项大类": "社区共治", "事项小类": "业委会", "事项名称": "维修基金", "事项标签": null, "案件描述/内容描述": "市民来电反映:上述地址楼栋两部电梯都坏了，现已修好，但彻底修复需要使用维修基金，业委会至今都未出面，导致维修基金无法使用，居委、街道也未督促处理，故市民来电反映，诉求：请管理部门核实确认督促业委会尽快启用维修基金彻底修复该处电梯。（需回复）", "上报地址": "虹口区东汉阳路309弄16号", "实际地址": "东汉阳路309弄16号", "联系人": null, "联系电话": null, "所属街道": "北外滩街道", "主责部门": "北外滩街道办事处", "协同部门": null, "主处置部门": "北外滩街道办事处/中片区（热线）", "协同处置部门": null, "办理描述": null, "结案时间": null, "结案期限(是否超时)": "正常", "市紧急程度": "普通", "收单时间": "2024-08-30 09:41:12", "紧急程度": "一般", "所属片区": "中片区", "所属居委": "前进居委", "派遣时间": "2024-08-30 14:02:36", "案件期限": 7, "处置计时": "1天1小时47分钟43秒", "案件整体计时": "1天19小时39分钟23秒", "事实认定": null, "诉求认定": null, "是否解决区回访": null, "是否满意区回访": null}, {"案件编号": 202408271912600112, "原编号": 20240827030680, "案件来源/信息来源": "12345热线", "工单类型": "求助类", "发现时间": "2024-08-27 16:13", "状态": "待接单处置", "事项类别": "公共管理", "事项大类": "房屋保障", "事项小类": "物业服务", "事项名称": "维修服务", "事项标签": null, "案件描述/内容描述": "市民来电反映:美丽家园电梯工程后楼栋门禁故障，楼梯油漆补漆；楼梯扶手拆除无人安装，市民表示以上反映多次无人处理对此不认可，诉求：尽快督促维修。", "上报地址": "虹口区纪念路494弄24号201", "实际地址": "纪念路494弄24号", "联系人": null, "联系电话": null, "所属街道": "江湾镇街道", "主责部门": "江湾镇街道办事处", "协同部门": null, "主处置部门": "江湾镇街道办事处/社区自治办公室", "协同处置部门": null, "办理描述": null, "结案时间": null, "结案期限(是否超时)": "正常", "市紧急程度": "普通", "收单时间": "2024-08-28 10:06:39", "紧急程度": "一般", "所属片区": "第六片区", "所属居委": "纪念居委", "派遣时间": "2024-08-28 13:50:43", "案件期限": 7, "处置计时": "3天1小时59分钟43秒", "案件整体计时": "3天23小时37分钟27秒", "事实认定": null, "诉求认定": null, "是否解决区回访": null, "是否满意区回访": null}, {"案件编号": 202408262986300128, "原编号": 20240826035254, "案件来源/信息来源": "12345热线", "工单类型": "咨询类", "发现时间": "2024-08-26 17:49", "状态": "已结案", "事项类别": "公共管理", "事项大类": "绿化市容", "事项小类": "景观", "事项名称": "公园设施", "事项标签": null, "案件描述/内容描述": "市民反映：上述地址和平公园内的荡秋千设备维修了将近三个月。诉求：请管理部门告知市民秋千维修完成时间。", "上报地址": "虹口区和平公园", "实际地址": "和平公园", "联系人": null, "联系电话": null, "所属街道": "嘉兴路街道", "主责部门": "虹口区绿化和市容管理局", "协同部门": null, "主处置部门": "虹口区绿化和市容管理局/绿化管理事务中心", "协同处置部门": null, "办理描述": "和平公园儿童乐园，秋千设施已维修立项，目前正在进行前期招标流程，预计10月底完成维修工作。已电话告知市民，对方已知晓。", "结案时间": "2024-08-29 14:00:43", "结案期限(是否超时)": "正常", "市紧急程度": "普通", "收单时间": "2024-08-27 09:04:56", "紧急程度": "一般", "所属片区": "第一片区", "所属居委": "和平居委", "派遣时间": "2024-08-27 10:30:46", "案件期限": 7, "处置计时": "0天22小时53分钟22秒", "案件整体计时": "2天20小时11分钟42秒", "事实认定": "有政策依据", "诉求认定": null, "是否解决区回访": "解释说明", "是否满意区回访": "满意"}, {"案件编号": 202408262260400043, "原编号": 20240826006969, "案件来源/信息来源": "12345热线", "工单类型": "咨询类", "发现时间": "2024-08-26 10:04", "状态": "已结案", "事项类别": "公共管理", "事项大类": "房屋保障", "事项小类": "物业服务", "事项名称": "商业物业", "事项标签": null, "案件描述/内容描述": "市民来电咨询:上述地址写字楼，中央空调年久失修，物业公司每次维修都要找市民收费，市民表示每年都缴纳很高的物业费。诉求：市民咨询商务楼宇的共用设施维修费应该从物业费抵扣还是要另行支付？", "上报地址": "虹口区四平路188号", "实际地址": "四平路188号", "联系人": null, "联系电话": null, "所属街道": "嘉兴路街道", "主责部门": "嘉兴路街道办事处", "协同部门": null, "主处置部门": "嘉兴路街道办事处/嘉兴路街道城运中心", "协同处置部门": null, "办理描述": "城运中心（小区治理办）工作人员于8月28日接单并先行联系。经了解，市民反映地址系上海商贸大厦，由上海中远物业管理。根据上海商贸大厦物业服务合约，物业服务不包括大厦中央空调设施维修。市民咨询的共用设施为大厦中央空调的末端部分（入户中央空调排风设施），属于业主专有部分，由业主承担维修或委托物业维修。", "结案时间": "2024-08-30 09:12:51", "结案期限(是否超时)": "正常", "市紧急程度": "普通", "收单时间": "2024-08-26 14:21:38", "紧急程度": "一般", "所属片区": "第五片区", "所属居委": "庆阳居委", "派遣时间": "2024-08-26 15:45:33", "案件期限": 7, "处置计时": "2天18小时52分钟38秒", "案件整体计时": "3天23小时7分钟50秒", "事实认定": "有政策依据", "诉求认定": null, "是否解决区回访": "实际解决", "是否满意区回访": "满意"}, {"案件编号": 202408221298300107, "原编号": 20240822035222, "案件来源/信息来源": "12345热线", "工单类型": "求助类", "发现时间": "2024-08-22 18:27", "状态": "已结案", "事项类别": "公共管理", "事项大类": "房屋保障", "事项小类": "物业服务", "事项名称": "小区公共设施设备的新增或维修", "事项标签": null, "案件描述/内容描述": "市民来电反映:上述地址加装电梯，现在1年左右，质保期内，频繁一直坏，海珠工作人员都退群了，不管，项目经理承诺一星期备件，但是至今都没有备件维修，大楼年纪大的很多，诉求：请管理部门核实后督促尽快维修。", "上报地址": "虹口区吴家湾路52弄217号", "实际地址": "吴家湾路52弄 ", "联系人": null, "联系电话": null, "所属街道": "江湾镇街道", "主责部门": "江湾镇街道办事处", "协同部门": null, "主处置部门": "江湾镇街道办事处/社区自治办公室", "协同处置部门": null, "办理描述": "江湾镇街道于2024年8月23日接单，区城运于8月23日11:02首联市民告知已接单。接单后，江湾镇街道工作人员迅速联系相关代建单位海珠公司进行了核实。代建单位表示，该加装的电梯出现故障问题是偶发情况，接电梯故障情况后于8月15日报修，并预计在一周内完成修复。随后，街道办事处约谈了代建单位海珠公司，要求其密切监督维保工作，并确保维修任务的落实。8月23日晚该电梯相关备件更换好、修复完毕。8月26日上午，街道办事处工作人员与市民进行了联系，市民确认电梯已修复并投入使用。关于海珠公司工作人员退群问题，海珠公司表示该人员因工作有变动退出该楼组群，8月30日已安排新的工作人员加入了该楼组群（见附...", "结案时间": "2024-08-30 14:09:11", "结案期限(是否超时)": "过半", "市紧急程度": "普通", "收单时间": "2024-08-23 11:01:12", "紧急程度": "一般", "所属片区": "第六片区", "所属居委": "纪念居委", "派遣时间": "2024-08-23 11:02:22", "案件期限": 7, "处置计时": "5天0小时25分钟14秒", "案件整体计时": "5天19小时42分钟4秒", "事实认定": "部分属实", "诉求认定": "诉求合理", "是否解决区回访": "实际解决", "是否满意区回访": "满意"}, {"案件编号": 202408221915300105, "原编号": 20240822033290, "案件来源/信息来源": "12345热线", "工单类型": "求助类", "发现时间": "2024-08-22 17:41", "状态": "已结案", "事项类别": "公共管理", "事项大类": "房屋保障", "事项小类": "物业服务", "事项名称": "小区公共设施设备的新增或维修", "事项标签": null, "案件描述/内容描述": "市民来电反映:市民是上述地址居民，该楼栋新加装的电梯总是坏掉很多老人无法方便出行。7月25日坏掉，8月12日又坏了，维修人员称门锁备件坏掉了要一周买到新备件进行更换，但是最近一周了，市民发现加梯负责人退群了，至今还没有换备件。加梯办的人失联，市民不满，诉求：希望加急处理修好电梯，告知何时更换门锁备件。 ", "上报地址": "虹口区吴家湾路52弄217号604", "实际地址": "吴家湾路52弄", "联系人": null, "联系电话": null, "所属街道": "江湾镇街道", "主责部门": "江湾镇街道办事处", "协同部门": null, "主处置部门": "江湾镇街道办事处/社区自治办公室", "协同处置部门": null, "办理描述": "江湾镇街道于2024年8月23日接单，区城运于8月23日10:46首联市民告知已接单。接单后，江湾镇街道工作人员迅速联系相关代建单位海珠公司进行了核实。代建单位表示，该加装的电梯出现故障问题是偶发情况，接电梯故障情况后于8月15日报修，并预计在一周内完成修复。随后，街道办事处约谈了代建单位海珠公司，要求其密切监督维保工作，并确保维修任务的落实。8月23日晚该电梯相关备件更换好、修复完毕。8月26日上午，街道办事处工作人员与市民进行了联系，市民确认电梯已修复并投入使用。关于海珠公司工作人员退群问题，海珠公司表示该人员因工作有变动退出该楼组群，8月30日，已安排新的工作人员加入了该楼组群（见...", "结案时间": "2024-08-30 14:25:00", "结案期限(是否超时)": "过半", "市紧急程度": "普通", "收单时间": "2024-08-23 08:56:48", "紧急程度": "一般", "所属片区": "第六片区", "所属居委": "纪念居委", "派遣时间": "2024-08-23 10:46:51", "案件期限": 7, "处置计时": "5天0小时33分钟1秒", "案件整体计时": "5天20小时43分钟52秒", "事实认定": "部分属实", "诉求认定": "诉求合理", "是否解决区回访": "未评价", "是否满意区回访": "未评价"}, {"案件编号": 202408212540400137, "原编号": 20240821038409, "案件来源/信息来源": "12345热线", "工单类型": "求助类", "发现时间": "2024-08-21 20:02", "状态": "已结案", "事项类别": "公共管理", "事项大类": "公共交通", "事项小类": "非机动车管理", "事项名称": "非机动车停放管理", "事项标签": null, "案件描述/内容描述": "市民来电反映:上述地址的小区内的所有电动车充电装置，只能投币使用，不能线上支付，且现有的设备都是损坏，无法正常使用。诉求：请管理部门尽快维修设备，并尽快开通线上支付功能。", "上报地址": "虹口区凉城路1201弄", "实际地址": "凉城路1201弄", "联系人": null, "联系电话": null, "所属街道": "江湾镇街道", "主责部门": "江湾镇街道办事处", "协同部门": null, "主处置部门": "江湾镇街道办事处/城市建设管理服务中心", "协同处置部门": null, "办理描述": " 江湾镇街道已于8月22日接单。虹口区城运中心已于8月22日15:55首联市民告知已接单。接单后，江湾镇街道工作人员与小区所属百特物业取得联系，反馈了市民的问题和诉求。物业表示因网络支付先前存在支付后无法充电的情况，故小区充电装置尚不支持线上支付，目前充电有投币和充卡两种方式。已将损坏的充电设备进行了报修，工作人员督促物业耐心与居民沟通，服务好小区居民。工作人员于8月27日与反映人取得联系，按上述内容答复。工作人员8月28日电话回访，市民表示认可。", "结案时间": "2024-08-29 08:51:38", "结案期限(是否超时)": "过半", "市紧急程度": "普通", "收单时间": "2024-08-22 13:57:36", "紧急程度": "一般", "所属片区": "第三片区", "所属居委": "镇西居委", "派遣时间": "2024-08-22 15:55:08", "案件期限": 7, "处置计时": "4天0小时53分钟59秒", "案件整体计时": "5天12小时50分钟29秒", "事实认定": "部分属实", "诉求认定": "诉求过高", "是否解决区回访": "实际解决", "是否满意区回访": "满意"}, {"案件编号": 202408202804200065, "原编号": 20240820011482, "案件来源/信息来源": "12345热线", "工单类型": "求助类", "发现时间": "2024-08-20 11:05", "状态": "已结案", "事项类别": "公共管理", "事项大类": "绿化市容", "事项小类": "景观", "事项名称": "公园设施", "事项标签": null, "案件描述/内容描述": "市民反映：和平公园以设备维修的名义，将整个儿童乐园区域封闭，禁止放暑假的儿童进入游玩，事实上没有任何设备在维修，而是将儿童乐园变成了工作人员休闲娱乐的场所。（详见附件）诉求：请管理部门核实尽快开放儿童乐园区域。（市民要求信息保密，无需回复）", "上报地址": "虹口区天宝路891号和平公园儿童乐园", "实际地址": "天宝路891号和平公园儿童乐园", "联系人": null, "联系电话": null, "所属街道": "嘉兴路街道", "主责部门": "虹口区绿化和市容管理局", "协同部门": null, "主处置部门": "虹口区绿化和市容管理局/绿化管理事务中心", "协同处置部门": null, "办理描述": "市民反映的上述情况不属实。和平公园儿童乐园因设施故障关闭，于8月19日开展维修，8月21日恢复开放。", "结案时间": "2024-08-28 15:19:33", "结案期限(是否超时)": "过半", "市紧急程度": "普通", "收单时间": "2024-08-20 14:22:31", "紧急程度": "一般", "所属片区": "第一片区", "所属居委": "和平居委", "派遣时间": "2024-08-20 16:04:45", "案件期限": 7, "处置计时": "5天22小时5分钟2秒", "案件整体计时": "6天4小时14分钟23秒", "事实认定": "不属实", "诉求认定": "其他", "是否解决区回访": "诉求过高", "是否满意区回访": "未评价"}, {"案件编号": 202408175547800074, "原编号": 20240817022915, "案件来源/信息来源": "12345热线", "工单类型": "求助类", "发现时间": "2024-08-17 17:51", "状态": "已结案", "事项类别": "公共管理", "事项大类": "房屋保障", "事项小类": "物业服务", "事项名称": "小区公共设施设备的新增或维修", "事项标签": null, "案件描述/内容描述": "市民来电反映:市民居住在上述地址，其楼下可以摁键直接拨打进市民家中的对讲机坏了（只坏了6楼这块的部分），市民跟物业反馈，物业告知因是美丽家园导致的让市民自己掏钱，诉求：亲管理部门核实督促物业进行维修。", "上报地址": "虹口区天通庵路657弄10号楼601室", "实际地址": "天通庵路657弄10号楼601室", "联系人": null, "联系电话": null, "所属街道": "广中路街道", "主责部门": "广中路街道办事处", "协同部门": null, "主处置部门": "广中路街道办事处/城市建设管理服务中心\t", "协同处置部门": null, "办理描述": "接到诉求，城运中心联系联系小区百特物业，了解到小区与2020年10月开展了美丽家园工程，该对讲机也是由美丽家园所更换，物业已上门进行了查看。由于对讲机编码器损坏，需要更换，将会采购相关配件。8月28日，中心得到物业回复：天通庵路657弄10号6楼的门禁楼层编码器换好了，可以在楼上使用对讲及控制楼下门锁开门等功能了。中心将此情况反馈给来电人：来电人表示门锁及对讲功能已经修复，但对讲时有电流声音。为此中心再次联系物业，经物业查证，电流声为总电源有电磁干扰，物业将会进一步对此进行配件和系统优化。城运中心于2024年8月30日9点回电来电人。", "结案时间": "2024-08-30 14:08:25", "结案期限(是否超时)": "过半", "市紧急程度": "普通", "收单时间": "2024-08-19 09:40:38", "紧急程度": "一般", "所属片区": "第二片区", "所属居委": "横滨居委", "派遣时间": "2024-08-19 09:42:23", "案件期限": 10, "处置计时": "9天0小时51分钟24秒", "案件整体计时": "9天14小时8分钟25秒", "事实认定": "属实", "诉求认定": "诉求合理", "是否解决区回访": "解释说明", "是否满意区回访": "满意"}]}
2025-05-02 21:55:28,548 ChatBI->     INFO     websocket发送的数据为：{"result_insight": "近一年内，虹口区的天宝西路、东汉阳路、纪念路、和平公园、四平路、吴家湾路、凉城路及天通庵路附近的小区有设备维修需求。"}
2025-05-02 21:55:29,958 ChatBI->     INFO     websocket发送的数据为：{"result_recommand": {"new_query_1": "这些小区的工单类型是什么？", "new_query_2": "这些小区的事项类别和事项大类分别是什么？", "new_query_3": "这些小区的主处置部门和协同处置部门有哪些？"}}
