2025-05-02 23:55:30,856 ChatBI->     INFO     schema linking: {'target_columns': ['案件描述/内容描述'], 'condition_columns': {'发现时间': '近1年', '案件描述/内容描述': '拖欠农民工工资'}}
2025-05-02 23:55:31,235 ChatBI->     INFO     
2025-05-02 23:55:31,237 ChatBI->     INFO     你
2025-05-02 23:55:31,249 ChatBI->     INFO     希望
2025-05-02 23:55:31,260 ChatBI->     INFO     抽取
2025-05-02 23:55:31,278 ChatBI->     INFO     近
2025-05-02 23:55:31,293 ChatBI->     INFO     1
2025-05-02 23:55:31,311 ChatBI->     INFO     年
2025-05-02 23:55:31,329 ChatBI->     INFO     拖欠
2025-05-02 23:55:31,346 ChatBI->     INFO     农民工
2025-05-02 23:55:31,364 ChatBI->     INFO     工资
2025-05-02 23:55:31,382 ChatBI->     INFO     的企业
2025-05-02 23:55:31,406 ChatBI->     INFO     名称
2025-05-02 23:55:31,422 ChatBI->     INFO     ，
2025-05-02 23:55:31,433 ChatBI->     INFO     这是一个
2025-05-02 23:55:31,451 ChatBI->     INFO     筛选
2025-05-02 23:55:31,470 ChatBI->     INFO     和
2025-05-02 23:55:31,489 ChatBI->     INFO     提取
2025-05-02 23:55:31,511 ChatBI->     INFO     特定
2025-05-02 23:55:31,520 ChatBI->     INFO     信息
2025-05-02 23:55:31,538 ChatBI->     INFO     的问题
2025-05-02 23:55:31,557 ChatBI->     INFO     。
2025-05-02 23:55:31,574 ChatBI->     INFO     需要
2025-05-02 23:55:31,593 ChatBI->     INFO     将
2025-05-02 23:55:31,611 ChatBI->     INFO     时间
2025-05-02 23:55:31,636 ChatBI->     INFO     设
2025-05-02 23:55:31,643 ChatBI->     INFO     为
2025-05-02 23:55:31,661 ChatBI->     INFO     维度
2025-05-02 23:55:31,678 ChatBI->     INFO     字段
2025-05-02 23:55:31,694 ChatBI->     INFO     ，并
2025-05-02 23:55:31,711 ChatBI->     INFO     限定
2025-05-02 23:55:31,730 ChatBI->     INFO     时间为
2025-05-02 23:55:31,749 ChatBI->     INFO     近
2025-05-02 23:55:31,765 ChatBI->     INFO     1
2025-05-02 23:55:31,782 ChatBI->     INFO     年
2025-05-02 23:55:31,800 ChatBI->     INFO     ；
2025-05-02 23:55:31,819 ChatBI->     INFO     同时
2025-05-02 23:55:31,834 ChatBI->     INFO     将
2025-05-02 23:55:31,852 ChatBI->     INFO     涉及
2025-05-02 23:55:31,869 ChatBI->     INFO     企业
2025-05-02 23:55:31,888 ChatBI->     INFO     名称
2025-05-02 23:55:31,922 ChatBI->     INFO     的
2025-05-02 23:55:31,923 ChatBI->     INFO     字段
2025-05-02 23:55:31,940 ChatBI->     INFO     设
2025-05-02 23:55:31,957 ChatBI->     INFO     为
2025-05-02 23:55:31,975 ChatBI->     INFO     维度
2025-05-02 23:55:31,992 ChatBI->     INFO     字段
2025-05-02 23:55:32,009 ChatBI->     INFO     ，
2025-05-02 23:55:32,027 ChatBI->     INFO     以
2025-05-02 23:55:32,051 ChatBI->     INFO     提取
2025-05-02 23:55:32,066 ChatBI->     INFO     企业
2025-05-02 23:55:32,081 ChatBI->     INFO     名称
2025-05-02 23:55:32,097 ChatBI->     INFO     。
2025-05-02 23:55:32,113 ChatBI->     INFO     具体
2025-05-02 23:55:32,130 ChatBI->     INFO     步骤
2025-05-02 23:55:32,147 ChatBI->     INFO     如下
2025-05-02 23:55:32,174 ChatBI->     INFO     ：


2025-05-02 23:55:32,183 ChatBI->     INFO     1
2025-05-02 23:55:32,201 ChatBI->     INFO     .
2025-05-02 23:55:32,218 ChatBI->     INFO      **
2025-05-02 23:55:32,236 ChatBI->     INFO     时间
2025-05-02 23:55:32,253 ChatBI->     INFO     范围
2025-05-02 23:55:32,270 ChatBI->     INFO     **
2025-05-02 23:55:32,288 ChatBI->     INFO     ：
2025-05-02 23:55:32,313 ChatBI->     INFO     限定
2025-05-02 23:55:32,327 ChatBI->     INFO     时间为
2025-05-02 23:55:32,340 ChatBI->     INFO     近
2025-05-02 23:55:32,357 ChatBI->     INFO     1
2025-05-02 23:55:32,387 ChatBI->     INFO     年
2025-05-02 23:55:32,395 ChatBI->     INFO     ，
2025-05-02 23:55:32,410 ChatBI->     INFO     即
2025-05-02 23:55:32,427 ChatBI->     INFO     从
2025-05-02 23:55:32,450 ChatBI->     INFO     当前
2025-05-02 23:55:32,466 ChatBI->     INFO     时间
2025-05-02 23:55:32,480 ChatBI->     INFO     往前
2025-05-02 23:55:32,500 ChatBI->     INFO     推
2025-05-02 23:55:32,523 ChatBI->     INFO     1
2025-05-02 23:55:32,599 ChatBI->     INFO     年
2025-05-02 23:55:32,601 ChatBI->     INFO     。

2025-05-02 23:55:32,603 ChatBI->     INFO     2
2025-05-02 23:55:32,604 ChatBI->     INFO     .
2025-05-02 23:55:32,606 ChatBI->     INFO      **
2025-05-02 23:55:32,625 ChatBI->     INFO     维度
2025-05-02 23:55:32,637 ChatBI->     INFO     字段
2025-05-02 23:55:32,665 ChatBI->     INFO     **
2025-05-02 23:55:32,670 ChatBI->     INFO     ：
2025-05-02 23:55:32,689 ChatBI->     INFO     提取
2025-05-02 23:55:32,712 ChatBI->     INFO     涉及
2025-05-02 23:55:32,723 ChatBI->     INFO     企业
2025-05-02 23:55:32,741 ChatBI->     INFO     名称
2025-05-02 23:55:32,759 ChatBI->     INFO     的
2025-05-02 23:55:32,775 ChatBI->     INFO     字段
2025-05-02 23:55:32,793 ChatBI->     INFO     ，
2025-05-02 23:55:32,810 ChatBI->     INFO     通常
2025-05-02 23:55:32,827 ChatBI->     INFO     在
2025-05-02 23:55:32,846 ChatBI->     INFO     工
2025-05-02 23:55:32,863 ChatBI->     INFO     单
2025-05-02 23:55:32,880 ChatBI->     INFO     描述
2025-05-02 23:55:32,897 ChatBI->     INFO     或
2025-05-02 23:55:32,919 ChatBI->     INFO     事项
2025-05-02 23:55:32,938 ChatBI->     INFO     名称
2025-05-02 23:55:32,955 ChatBI->     INFO     中
2025-05-02 23:55:32,970 ChatBI->     INFO     可能
2025-05-02 23:55:32,987 ChatBI->     INFO     包含
2025-05-02 23:55:33,009 ChatBI->     INFO     企业
2025-05-02 23:55:33,020 ChatBI->     INFO     名称
2025-05-02 23:55:33,037 ChatBI->     INFO     。

2025-05-02 23:55:33,055 ChatBI->     INFO     3
2025-05-02 23:55:33,075 ChatBI->     INFO     .
2025-05-02 23:55:33,089 ChatBI->     INFO      **
2025-05-02 23:55:33,107 ChatBI->     INFO     条件
2025-05-02 23:55:33,125 ChatBI->     INFO     字段
2025-05-02 23:55:33,142 ChatBI->     INFO     **
2025-05-02 23:55:33,160 ChatBI->     INFO     ：
2025-05-02 23:55:33,182 ChatBI->     INFO     筛选
2025-05-02 23:55:33,195 ChatBI->     INFO     出
2025-05-02 23:55:33,212 ChatBI->     INFO     事项
2025-05-02 23:55:33,230 ChatBI->     INFO     名称
2025-05-02 23:55:33,250 ChatBI->     INFO     或
2025-05-02 23:55:33,265 ChatBI->     INFO     案件
2025-05-02 23:55:33,282 ChatBI->     INFO     描述
2025-05-02 23:55:33,299 ChatBI->     INFO     中
2025-05-02 23:55:33,317 ChatBI->     INFO     包含
2025-05-02 23:55:33,334 ChatBI->     INFO     “
2025-05-02 23:55:33,352 ChatBI->     INFO     拖欠
2025-05-02 23:55:33,369 ChatBI->     INFO     农民工
2025-05-02 23:55:33,387 ChatBI->     INFO     工资
2025-05-02 23:55:33,404 ChatBI->     INFO     ”的
2025-05-02 23:55:33,422 ChatBI->     INFO     工
2025-05-02 23:55:33,439 ChatBI->     INFO     单
2025-05-02 23:55:33,455 ChatBI->     INFO     。


2025-05-02 23:55:33,474 ChatBI->     INFO     ###
2025-05-02 23:55:33,490 ChatBI->     INFO      输出
2025-05-02 23:55:33,508 ChatBI->     INFO     字段
2025-05-02 23:55:33,527 ChatBI->     INFO     说明
2025-05-02 23:55:33,543 ChatBI->     INFO     

2025-05-02 23:55:33,562 ChatBI->     INFO     -
2025-05-02 23:55:33,580 ChatBI->     INFO      **
2025-05-02 23:55:33,596 ChatBI->     INFO     案件
2025-05-02 23:55:33,613 ChatBI->     INFO     描述
2025-05-02 23:55:33,639 ChatBI->     INFO     /
2025-05-02 23:55:33,649 ChatBI->     INFO     内容
2025-05-02 23:55:33,665 ChatBI->     INFO     描述
2025-05-02 23:55:33,683 ChatBI->     INFO     **
2025-05-02 23:55:33,702 ChatBI->     INFO     ：
2025-05-02 23:55:33,719 ChatBI->     INFO     可能
2025-05-02 23:55:33,741 ChatBI->     INFO     包含
2025-05-02 23:55:33,754 ChatBI->     INFO     详细的
2025-05-02 23:55:33,771 ChatBI->     INFO     事件
2025-05-02 23:55:33,788 ChatBI->     INFO     描述
2025-05-02 23:55:33,805 ChatBI->     INFO     ，
2025-05-02 23:55:33,823 ChatBI->     INFO     从中
2025-05-02 23:55:33,841 ChatBI->     INFO     提取
2025-05-02 23:55:33,858 ChatBI->     INFO     企业
2025-05-02 23:55:33,876 ChatBI->     INFO     名称
2025-05-02 23:55:33,892 ChatBI->     INFO     。

2025-05-02 23:55:33,909 ChatBI->     INFO     -
2025-05-02 23:55:33,927 ChatBI->     INFO      **
2025-05-02 23:55:33,945 ChatBI->     INFO     事项
2025-05-02 23:55:33,966 ChatBI->     INFO     名称
2025-05-02 23:55:33,982 ChatBI->     INFO     **
2025-05-02 23:55:33,998 ChatBI->     INFO     ：
2025-05-02 23:55:34,014 ChatBI->     INFO     可能
2025-05-02 23:55:34,033 ChatBI->     INFO     直接
2025-05-02 23:55:34,050 ChatBI->     INFO     包含
2025-05-02 23:55:34,067 ChatBI->     INFO     企业
2025-05-02 23:55:34,084 ChatBI->     INFO     名称
2025-05-02 23:55:34,102 ChatBI->     INFO     或
2025-05-02 23:55:34,118 ChatBI->     INFO     相关
2025-05-02 23:55:34,139 ChatBI->     INFO     描述
2025-05-02 23:55:34,155 ChatBI->     INFO     。


2025-05-02 23:55:34,179 ChatBI->     INFO     ###
2025-05-02 23:55:34,191 ChatBI->     INFO     
2025-05-02 23:55:34,208 ChatBI->     INFO      条
2025-05-02 23:55:34,224 ChatBI->     INFO     件
2025-05-02 23:55:34,241 ChatBI->     INFO     字段
2025-05-02 23:55:34,259 ChatBI->     INFO     

2025-05-02 23:55:34,275 ChatBI->     INFO     -
2025-05-02 23:55:34,294 ChatBI->     INFO      **
2025-05-02 23:55:34,310 ChatBI->     INFO     事项
2025-05-02 23:55:34,328 ChatBI->     INFO     名称
2025-05-02 23:55:34,349 ChatBI->     INFO     **
2025-05-02 23:55:34,364 ChatBI->     INFO     ：
2025-05-02 23:55:34,381 ChatBI->     INFO     包含
2025-05-02 23:55:34,401 ChatBI->     INFO     “
2025-05-02 23:55:34,418 ChatBI->     INFO     拖欠
2025-05-02 23:55:34,434 ChatBI->     INFO     农民工
2025-05-02 23:55:34,451 ChatBI->     INFO     工资
2025-05-02 23:55:34,469 ChatBI->     INFO     ”的
2025-05-02 23:55:34,486 ChatBI->     INFO     工
2025-05-02 23:55:34,504 ChatBI->     INFO     单
2025-05-02 23:55:34,521 ChatBI->     INFO     。

2025-05-02 23:55:34,538 ChatBI->     INFO     -
2025-05-02 23:55:34,556 ChatBI->     INFO      **
2025-05-02 23:55:34,574 ChatBI->     INFO     案件
2025-05-02 23:55:34,591 ChatBI->     INFO     描述
2025-05-02 23:55:34,607 ChatBI->     INFO     /
2025-05-02 23:55:34,624 ChatBI->     INFO     内容
2025-05-02 23:55:34,643 ChatBI->     INFO     描述
2025-05-02 23:55:34,660 ChatBI->     INFO     **
2025-05-02 23:55:34,679 ChatBI->     INFO     ：
2025-05-02 23:55:34,696 ChatBI->     INFO     包含
2025-05-02 23:55:34,712 ChatBI->     INFO     “
2025-05-02 23:55:34,733 ChatBI->     INFO     拖欠
2025-05-02 23:55:34,753 ChatBI->     INFO     农民工
2025-05-02 23:55:34,765 ChatBI->     INFO     工资
2025-05-02 23:55:34,782 ChatBI->     INFO     ”的
2025-05-02 23:55:34,800 ChatBI->     INFO     工
2025-05-02 23:55:34,817 ChatBI->     INFO     单
2025-05-02 23:55:34,837 ChatBI->     INFO     。


2025-05-02 23:55:34,851 ChatBI->     INFO     ###
2025-05-02 23:55:34,878 ChatBI->     INFO      查询
2025-05-02 23:55:34,886 ChatBI->     INFO     字段
2025-05-02 23:55:34,903 ChatBI->     INFO     

2025-05-02 23:55:34,922 ChatBI->     INFO     -
2025-05-02 23:55:34,939 ChatBI->     INFO      **
2025-05-02 23:55:34,957 ChatBI->     INFO     案件
2025-05-02 23:55:34,973 ChatBI->     INFO     描述
2025-05-02 23:55:34,993 ChatBI->     INFO     /
2025-05-02 23:55:35,009 ChatBI->     INFO     内容
2025-05-02 23:55:35,026 ChatBI->     INFO     描述
2025-05-02 23:55:35,044 ChatBI->     INFO     **
2025-05-02 23:55:35,061 ChatBI->     INFO     ：
2025-05-02 23:55:35,082 ChatBI->     INFO     提取
2025-05-02 23:55:35,097 ChatBI->     INFO     企业
2025-05-02 23:55:35,114 ChatBI->     INFO     名称
2025-05-02 23:55:35,130 ChatBI->     INFO     。

2025-05-02 23:55:35,149 ChatBI->     INFO     -
2025-05-02 23:55:35,170 ChatBI->     INFO      **
2025-05-02 23:55:35,183 ChatBI->     INFO     事项
2025-05-02 23:55:35,201 ChatBI->     INFO     名称
2025-05-02 23:55:35,217 ChatBI->     INFO     **
2025-05-02 23:55:35,236 ChatBI->     INFO     ：
2025-05-02 23:55:35,253 ChatBI->     INFO     提取
2025-05-02 23:55:35,271 ChatBI->     INFO     企业
2025-05-02 23:55:35,288 ChatBI->     INFO     名称
2025-05-02 23:55:35,307 ChatBI->     INFO     。


2025-05-02 23:55:35,324 ChatBI->     INFO     ###
2025-05-02 23:55:35,341 ChatBI->     INFO      查询
2025-05-02 23:55:35,357 ChatBI->     INFO     条件
2025-05-02 23:55:35,375 ChatBI->     INFO     

2025-05-02 23:55:35,393 ChatBI->     INFO     -
2025-05-02 23:55:35,410 ChatBI->     INFO      **
2025-05-02 23:55:35,427 ChatBI->     INFO     发现
2025-05-02 23:55:35,445 ChatBI->     INFO     时间
2025-05-02 23:55:35,462 ChatBI->     INFO     **
2025-05-02 23:55:35,481 ChatBI->     INFO     ：
2025-05-02 23:55:35,496 ChatBI->     INFO     近
2025-05-02 23:55:35,515 ChatBI->     INFO     1
2025-05-02 23:55:35,532 ChatBI->     INFO     年
2025-05-02 23:55:35,550 ChatBI->     INFO     （
2025-05-02 23:55:35,567 ChatBI->     INFO     从
2025-05-02 23:55:35,585 ChatBI->     INFO     当前
2025-05-02 23:55:35,602 ChatBI->     INFO     时间
2025-05-02 23:55:35,619 ChatBI->     INFO     往前
2025-05-02 23:55:35,637 ChatBI->     INFO     推
2025-05-02 23:55:35,653 ChatBI->     INFO     1
2025-05-02 23:55:35,671 ChatBI->     INFO     年
2025-05-02 23:55:35,689 ChatBI->     INFO     ）
2025-05-02 23:55:35,707 ChatBI->     INFO     。


2025-05-02 23:55:35,724 ChatBI->     INFO     ###
2025-05-02 23:55:35,740 ChatBI->     INFO      查询
2025-05-02 23:55:35,760 ChatBI->     INFO     字段
2025-05-02 23:55:35,775 ChatBI->     INFO     名
2025-05-02 23:55:35,793 ChatBI->     INFO     和
2025-05-02 23:55:35,810 ChatBI->     INFO     字段
2025-05-02 23:55:35,828 ChatBI->     INFO     值
2025-05-02 23:55:35,845 ChatBI->     INFO     

2025-05-02 23:55:35,863 ChatBI->     INFO     -
2025-05-02 23:55:35,880 ChatBI->     INFO      **
2025-05-02 23:55:35,897 ChatBI->     INFO     案件
2025-05-02 23:55:35,915 ChatBI->     INFO     描述
2025-05-02 23:55:35,934 ChatBI->     INFO     /
2025-05-02 23:55:35,952 ChatBI->     INFO     内容
2025-05-02 23:55:35,969 ChatBI->     INFO     描述
2025-05-02 23:55:35,988 ChatBI->     INFO     **
2025-05-02 23:55:36,002 ChatBI->     INFO     ：
2025-05-02 23:55:36,020 ChatBI->     INFO     字段
2025-05-02 23:55:36,037 ChatBI->     INFO     值
2025-05-02 23:55:36,054 ChatBI->     INFO     为
2025-05-02 23:55:36,072 ChatBI->     INFO     包含
2025-05-02 23:55:36,089 ChatBI->     INFO     企业
2025-05-02 23:55:36,110 ChatBI->     INFO     名称
2025-05-02 23:55:36,124 ChatBI->     INFO     的
2025-05-02 23:55:36,141 ChatBI->     INFO     描述
2025-05-02 23:55:36,162 ChatBI->     INFO     。

2025-05-02 23:55:36,182 ChatBI->     INFO     -
2025-05-02 23:55:36,197 ChatBI->     INFO      **
2025-05-02 23:55:36,212 ChatBI->     INFO     事项
2025-05-02 23:55:36,232 ChatBI->     INFO     名称
2025-05-02 23:55:36,247 ChatBI->     INFO     **
2025-05-02 23:55:36,269 ChatBI->     INFO     ：
2025-05-02 23:55:36,285 ChatBI->     INFO     字段
2025-05-02 23:55:36,298 ChatBI->     INFO     值
2025-05-02 23:55:36,318 ChatBI->     INFO     为
2025-05-02 23:55:36,334 ChatBI->     INFO     包含
2025-05-02 23:55:36,352 ChatBI->     INFO     企业
2025-05-02 23:55:36,368 ChatBI->     INFO     名称
2025-05-02 23:55:36,388 ChatBI->     INFO     的
2025-05-02 23:55:36,405 ChatBI->     INFO     事项
2025-05-02 23:55:36,421 ChatBI->     INFO     名称
2025-05-02 23:55:36,438 ChatBI->     INFO     。


2025-05-02 23:55:36,455 ChatBI->     INFO     DONE
2025-05-02 23:55:36,473 ChatBI->     INFO     
2025-05-02 23:55:36,785 ChatBI->     INFO     任务类型: 内容抽取
2025-05-02 23:55:38,293 ChatBI->     INFO     过滤表达式：  ('2024-05-02 23:55:36' < Discovery_Time < '2025-05-02 23:55:36') ; 查询问题： 拖欠农民工工资
2025-05-02 23:55:38,294 ChatBI->     INFO     开始对非结构化文档【粗略】检索
2025-05-02 23:55:39,134 ChatBI->     INFO     检索到的文档总数量为：441
2025-05-02 23:55:39,155 ChatBI->     INFO     开始对非结构化文档【深度】检索
2025-05-02 23:55:39,486 ChatBI->     INFO     层级抽取文档： 市民来电反映:2023年7月12日-11月上述小区翻新，市民是搭建脚手架的，市民称四建集团拖欠10万元左右的工资，拖欠人数：30人左右，现诉求：望管理部门为其追讨农民工工资。（需回复） ==> yes  
2025-05-02 23:55:39,486 ChatBI->     INFO     层级抽取文档： 市民来电反映:上述小学暑期翻新改建，7月28日-812日在上述地址的工作，做木工的，没有劳动合同，被拖欠工资，金额：1万元左右，人数：9人，总金额：2万多元。诉求：请管理部门核实并帮助催讨工资。 ==> yes  
2025-05-02 23:55:39,487 ChatBI->     INFO     层级抽取文档： 市民来电反映:其之前在上述地址企业工作，现在还有3500元工资没有拿到，市民告知没有签订过劳动合同，之前企业告知一年后发放，结果现在市民索要企业依旧不给。诉求：请管理部门核实并帮助讨薪。 ==> yes  
2025-05-02 23:55:39,488 ChatBI->     INFO     层级抽取文档： 市民来电反映:于2024年8月入职上述地址，虹口区天潼路133号17楼，“鼎信金服（市民称此为企业全称）”，信贷类公司，任职：销售，未签定劳动合同。于8月23日离职，被拖欠工资（金额不详），市民姓名：雷先生（全名拒绝告知），联系电话：18272173825。诉求：望管理部门核实，要求协助讨要被欠工资，另要求告知未签定劳动合同是否合规。（需回复） ==> no  
2025-05-02 23:55:39,488 ChatBI->     INFO     层级抽取文档： 市民来电反映:8月21日向居委书记反馈门卫问题，书记要求市民去居委去谈，市民表示不需要，就在门卫间谈，因为有很多小区居民，可以一起说，后续居委书记说还要报警，市民也拨打过几次公安，街道也处理过，但是居委都没有发放工资给保安，故投诉居委乱作为。诉求：请管理部门核实介入处理主任乱作为。（市民要求信息保密 需回复） ==> no  
2025-05-02 23:55:39,488 ChatBI->     INFO     层级抽取文档： 【重新交办，要求：答复要点与实际情况不符，市民表示该路段依旧每天6:00多开始施工，挖掘机严重扰民休息，并未做到7:00后开工，市民认为管理部门无效监管。噪音扰民现象由管理部门责令改正后合法施工应该符合第四十一条和第四十二条。诉求：要求7:30前停止噪音施工且设置噪音检测仪器监控噪，并要求管理部门而非项目经理予以答复市民。(市民要求信息保密，需要回复)。最近办结的工单编号：20240809003177，工单内容：重新交办，要求：答复要点与实际情况不符，玉田支路修路扰民问题未解决，早上6：00多开始严重扰民。前两次协商同意延迟至7:30后开工，没好几天均出尔反尔，且多次深夜24:00后施工，无夜间特殊施工许可证。诉求：要求后续19：30前停止噪音施工并设置噪音检测仪器监控噪音扰民现象。】 ==> no  
2025-05-02 23:55:39,489 ChatBI->     INFO     层级抽取文档： 市民来电反映:上述地址工地，市民表示晚上一直在施工严重噪音扰民，已经持续好几天了。诉求：望管理部门核实尽快让其停止夜间施工。（需回复） ==> no  
2025-05-02 23:55:39,489 ChatBI->     INFO     层级抽取文档： 市民来电反映:上述小区外面半夜3:00还在施工，好像是水处理工程，噪音扰民，影响居民休息，诉求：请管理部门核实停止夜间施工。（市民要求信息保密 需回复）
 ==> no  
2025-05-02 23:55:39,489 ChatBI->     INFO     层级抽取文档： 市民来电反映:8月31日1:00多中山北一路189弄附近在施工，噪音扰民，诉求：要求核实在做什么工程，是否有夜间施工证，若没有希望查处。（市民要求信息保密 需回复） ==> no  
2025-05-02 23:55:39,489 ChatBI->     INFO     层级抽取文档： 市民来电反映:8月11日上述地址道路施工至凌晨3:00,8月12日凌晨0:35分还在施工，产生的噪音影响周边居民正常休息，诉求：投诉该处道路夜间施工噪音扰民。（市民要求信息保密 无需回复） ==> no  
2025-05-02 23:55:39,490 ChatBI->     INFO     阈值索引为：60, 窗口大小为: 40 
2025-05-02 23:55:39,490 ChatBI->     INFO     确定的文档: 21; 在次确认的文档: 79
2025-05-02 23:55:42,176 ChatBI->     INFO     从79个需再次确认的文档中筛选出的相关文档数量：30
2025-05-02 23:55:42,177 ChatBI->     INFO     示例文档：['【是否签订劳动合同:已签订劳动合同,实际劳动地址:虹口区凉城路61号叮咚买菜,发生时间:2024-08-1317：56：00,欠薪人数:1,欠薪金额:2500,单位名称:叮咚买菜虹口区广中店,单位地址:虹口区~虹口区凉城路61号叮咚买菜】上班离职之后门店前负责人也离职，现负责人不肯提交之前上班考勤导致财务无法正常发放工资，沟通多次之后新的门店负责人依然不肯向公司财务提交考勤记录，让和已离职的前负责人沟通，我们是给公司工作，公司管理层离职交接出现问题是公司内部的事，不应该让我们去为公司内部错误买单，并且我又不是给前店长打工，不能因为负责人离职就不给发工资了', '市民反映：【是否签订劳动合同:未签订劳动合同,实际劳动地址:曲阳路851弄8号2102,发生时间:2024/08/22 08:00:00,欠薪人数:1,欠薪金额:600,工程项目名称:,单位地址:本市~null】其是做木地板安装的，当时安转完了找对方结钱，他说等晚点过去看一下就给，其就回家了。晚上问他，他说手机限额了明天给。第二天又联系他，他又说晚一点给，今天8月25日又打电话给他，他又说下午给，现在晚上19:00了，电话也打不通了。这是他的电话13248281800。诉求：请管理部门核实帮助讨薪。', '市民反映：【是否签订劳动合同:已签订劳动合同,实际劳动地址:奎照路840号,发生时间:2024/08/20 16:13:00,欠薪人数:1,欠薪金额:5300,工程项目名称:,单位地址:虹口区~奎照路840号】其8月14日递交辞职报告，上述地址单位以未交接工作为由克扣其7月工资。诉求：希望管理部门协助讨薪。', '【是否签订劳动合同:未签订劳动合同,实际劳动地址:虹口区四川北路街道17街坊,发生时间:2022/08/0110:01:00,欠薪人数:50,欠薪金额:1700000,工程项目名称:虹口区四川北路街十七街坊地块项目,单位地址:虹口区~海宁路四川北路交叉口】事发时间：2022年8月事发地址：虹口区四川北路街道17街坊（海宁路四川北路交叉口）事发经过：2022年8月，由上海虹房建筑工程有限公司刁老板安排我们到虹口区四川北路街道17街坊（海宁路四川北路交叉口）做石库门保护性加固卸解施工主要诉求：项目已经完工两年多，上海虹房建筑工程有限公司目前没有付我一分钱，后续付款时间也没有下文希望政府部门介入处理此事。', '【是否签订劳动合同:未签订劳动合同,实际劳动地址:虹口区，时装商厦三楼陕西疯狂凉皮店,发生时间:2024/08/0320:43:00,欠薪人数:1,欠薪金额:还未结算,单位名称:陕西疯狂凉皮店,单位地址:虹口区~虹口区，时装商厦，三楼，陕西疯狂凉皮店】故意拖欠工资，发信息不回，打电话不接']
2025-05-02 23:55:42,711 ChatBI->     INFO     抽取的关键词列表为：['企业名称']
2025-05-02 23:55:42,711 ChatBI->     INFO     关键词json输出格式 --> {"企业名称": "<抽取企业名称信息>"}
2025-05-02 23:55:44,866 ChatBI->     INFO     websocket发送的数据为：{"response": [{"企业名称": "菜鸟驿站", "数量": 2}, {"企业名称": "上海虹房建筑工程有限公司", "数量": 2}, {"企业名称": "陕西疯狂凉皮店", "数量": 1}, {"企业名称": "泽林东方酒店", "数量": 1}, {"企业名称": "上海三角地菜市场经营管理有限公司", "数量": 1}, {"企业名称": "幸福西饼", "数量": 1}, {"企业名称": "佳洁公司", "数量": 1}, {"企业名称": "实验学校", "数量": 1}, {"企业名称": "上海枫娟实业有限公司", "数量": 1}, {"企业名称": "上海银雁科技有限公司", "数量": 1}, {"企业名称": "上海市慷敏贸易有限公司", "数量": 1}, {"企业名称": "叮咚买菜虹口区广中店", "数量": 1}, {"企业名称": "岳阳中西医结合医院", "数量": 1}, {"企业名称": "极兔快递", "数量": 1}, {"企业名称": "上海福寿康川虹护理站", "数量": 1}, {"企业名称": "叮咚买菜", "数量": 1}, {"企业名称": "上海泓韶建筑装饰有限公司", "数量": 1}, {"企业名称": "上海坤超餐饮管理有限公司", "数量": 1}, {"企业名称": "虹口区福赐苑业主委员会", "数量": 1}, {"企业名称": "财小咖管理咨询（上海）有限责任公司", "数量": 1}, {"企业名称": "上药医疗器械（上海）有限公司", "数量": 1}, {"企业名称": "金令装饰有限公司", "数量": 1}, {"企业名称": "美团", "数量": 1}, {"企业名称": "中通快递", "数量": 1}, {"企业名称": "渡边物华园", "数量": 1}, {"企业名称": "上海柴盛工业科技有限公司", "数量": 1}, {"企业名称": "未明确", "数量": 1}, {"企业名称": "紫玥轩", "数量": 1}, {"企业名称": "四建集团", "数量": 1}, {"企业名称": "上海绿奔建筑工程有限公司", "数量": 1}, {"企业名称": "楼兰", "数量": 1}, {"企业名称": "南天公司", "数量": 1}, {"企业名称": null, "数量": 1}, {"企业名称": "云南米线", "数量": 1}, {"企业名称": "上海揽浦建筑工程有限公司", "数量": 1}, {"企业名称": "宏田小区15号202室", "数量": 1}, {"企业名称": "上海陈政市政建筑工程市民有限公司", "数量": 1}, {"企业名称": "上海聚英餐饮有限公司", "数量": 1}, {"企业名称": "未签订劳动合同", "数量": 1}, {"企业名称": "上海安宁消防有限公司", "数量": 1}, {"企业名称": "上海秦汉胡同文化科技有限公司", "数量": 1}, {"企业名称": "秦汉胡同国学书院曲阳馆", "数量": 1}, {"企业名称": "上海古准供应链管理有限公司", "数量": 1}, {"企业名称": "长阳物流有限公司", "数量": 1}, {"企业名称": "太阳宫商场", "数量": 1}, {"企业名称": "上海砼极建筑结构工程有限公司", "数量": 1}, {"企业名称": "霸王茶姬", "数量": 1}, {"企业名称": "江苏神工装饰工程有限公司", "数量": 1}, {"企业名称": "上海股准供应链管理有限公司", "数量": 1}]}
2025-05-02 23:55:44,867 ChatBI->     INFO     websocket发送的数据为：{"data_detail": [{}]}
2025-05-02 23:55:45,640 ChatBI->     INFO     websocket发送的数据为：{"result_insight": "近1年有2家企业拖欠农民工工资超过2次，包括菜鸟驿站和上海虹房建筑工程有限公司，其他企业如泽林东方酒店等各有1次拖欠记录。"}
2025-05-02 23:55:47,056 ChatBI->     INFO     websocket发送的数据为：{"result_recommand": {"new_query_1": "这些企业拖欠农民工工资的具体金额是多少？", "new_query_2": "这些企业拖欠农民工工资的案件编号是多少？", "new_query_3": "这些企业拖欠农民工工资的发现时间和结案时间分别是何时？"}}
2025-05-02 23:59:22,057 ChatBI->     INFO     schema linking: {'target_columns': ['案件描述/内容描述', '上报地址'], 'condition_columns': {'发现时间': '近1年', '案件描述/内容描述': '拖欠农民工工资'}}
2025-05-02 23:59:22,401 ChatBI->     INFO     
2025-05-02 23:59:32,086 ChatBI->     INFO     schema linking: {'target_columns': ['案件描述/内容描述', '上报地址'], 'condition_columns': {'发现时间': '近1年', '案件描述/内容描述': '拖欠农民工工资'}}
2025-05-02 23:59:32,434 ChatBI->     INFO     
2025-05-02 23:59:32,435 ChatBI->     INFO     你
2025-05-02 23:59:32,451 ChatBI->     INFO     希望
2025-05-02 23:59:32,467 ChatBI->     INFO     抽取
2025-05-02 23:59:32,485 ChatBI->     INFO     近
2025-05-02 23:59:32,503 ChatBI->     INFO     1
2025-05-02 23:59:32,520 ChatBI->     INFO     年
2025-05-02 23:59:32,538 ChatBI->     INFO     拖欠
2025-05-02 23:59:32,559 ChatBI->     INFO     农民工
2025-05-02 23:59:32,572 ChatBI->     INFO     工资
2025-05-02 23:59:32,590 ChatBI->     INFO     的企业
2025-05-02 23:59:32,607 ChatBI->     INFO     名称
2025-05-02 23:59:32,625 ChatBI->     INFO     和
2025-05-02 23:59:32,643 ChatBI->     INFO     地址
2025-05-02 23:59:32,659 ChatBI->     INFO     。
2025-05-02 23:59:32,677 ChatBI->     INFO     这是一个
2025-05-02 23:59:32,694 ChatBI->     INFO     筛选
2025-05-02 23:59:32,714 ChatBI->     INFO     和
2025-05-02 23:59:32,729 ChatBI->     INFO     提取
2025-05-02 23:59:32,746 ChatBI->     INFO     特定
2025-05-02 23:59:32,764 ChatBI->     INFO     信息
2025-05-02 23:59:32,781 ChatBI->     INFO     的问题
2025-05-02 23:59:32,799 ChatBI->     INFO     。
2025-05-02 23:59:32,816 ChatBI->     INFO     需要
2025-05-02 23:59:32,834 ChatBI->     INFO     将
2025-05-02 23:59:32,852 ChatBI->     INFO     时间
2025-05-02 23:59:32,869 ChatBI->     INFO     设
2025-05-02 23:59:32,886 ChatBI->     INFO     为
2025-05-02 23:59:32,904 ChatBI->     INFO     维度
2025-05-02 23:59:32,921 ChatBI->     INFO     字段
2025-05-02 23:59:32,938 ChatBI->     INFO     ，并
2025-05-02 23:59:32,957 ChatBI->     INFO     限定
2025-05-02 23:59:32,973 ChatBI->     INFO     时间为
2025-05-02 23:59:32,990 ChatBI->     INFO     近
2025-05-02 23:59:33,008 ChatBI->     INFO     1
2025-05-02 23:59:33,026 ChatBI->     INFO     年
2025-05-02 23:59:33,043 ChatBI->     INFO     ；
2025-05-02 23:59:33,063 ChatBI->     INFO     同时
2025-05-02 23:59:33,078 ChatBI->     INFO     将
2025-05-02 23:59:33,096 ChatBI->     INFO     企业
2025-05-02 23:59:33,112 ChatBI->     INFO     名称
2025-05-02 23:59:33,130 ChatBI->     INFO     和
2025-05-02 23:59:33,147 ChatBI->     INFO     地址
2025-05-02 23:59:33,166 ChatBI->     INFO     设
2025-05-02 23:59:33,182 ChatBI->     INFO     为
2025-05-02 23:59:33,199 ChatBI->     INFO     维度
2025-05-02 23:59:33,228 ChatBI->     INFO     字段
2025-05-02 23:59:33,234 ChatBI->     INFO     ，
2025-05-02 23:59:33,252 ChatBI->     INFO     用于
2025-05-02 23:59:33,269 ChatBI->     INFO     提取
2025-05-02 23:59:33,287 ChatBI->     INFO     具体
2025-05-02 23:59:33,303 ChatBI->     INFO     的企业
2025-05-02 23:59:33,321 ChatBI->     INFO     名称
2025-05-02 23:59:33,338 ChatBI->     INFO     和
2025-05-02 23:59:33,356 ChatBI->     INFO     地址
2025-05-02 23:59:33,373 ChatBI->     INFO     信息
2025-05-02 23:59:33,391 ChatBI->     INFO     。


2025-05-02 23:59:33,408 ChatBI->     INFO     具体
2025-05-02 23:59:33,426 ChatBI->     INFO     来说
2025-05-02 23:59:33,443 ChatBI->     INFO     ，
2025-05-02 23:59:33,460 ChatBI->     INFO     条件
2025-05-02 23:59:33,482 ChatBI->     INFO     字段
2025-05-02 23:59:33,496 ChatBI->     INFO     包括
2025-05-02 23:59:33,514 ChatBI->     INFO     时间
2025-05-02 23:59:33,530 ChatBI->     INFO     范围
2025-05-02 23:59:33,547 ChatBI->     INFO     为
2025-05-02 23:59:33,565 ChatBI->     INFO     近
2025-05-02 23:59:33,582 ChatBI->     INFO     1
2025-05-02 23:59:33,600 ChatBI->     INFO     年
2025-05-02 23:59:33,617 ChatBI->     INFO     （
2025-05-02 23:59:33,634 ChatBI->     INFO     例如
2025-05-02 23:59:33,652 ChatBI->     INFO     ，
2025-05-02 23:59:33,670 ChatBI->     INFO     从
2025-05-02 23:59:33,688 ChatBI->     INFO     当前
2025-05-02 23:59:33,704 ChatBI->     INFO     时间
2025-05-02 23:59:33,723 ChatBI->     INFO     往前
2025-05-02 23:59:33,741 ChatBI->     INFO     推
2025-05-02 23:59:33,756 ChatBI->     INFO     1
2025-05-02 23:59:33,775 ChatBI->     INFO     年
2025-05-02 23:59:33,791 ChatBI->     INFO     ），
2025-05-02 23:59:33,809 ChatBI->     INFO     事项
2025-05-02 23:59:33,826 ChatBI->     INFO     类别
2025-05-02 23:59:33,844 ChatBI->     INFO     为
2025-05-02 23:59:33,862 ChatBI->     INFO     “
2025-05-02 23:59:33,879 ChatBI->     INFO     劳动
2025-05-02 23:59:33,896 ChatBI->     INFO     保障
2025-05-02 23:59:33,914 ChatBI->     INFO     ”，
2025-05-02 23:59:33,931 ChatBI->     INFO     事项
2025-05-02 23:59:33,948 ChatBI->     INFO     大
2025-05-02 23:59:33,966 ChatBI->     INFO     类
2025-05-02 23:59:33,983 ChatBI->     INFO     为
2025-05-02 23:59:34,001 ChatBI->     INFO     “
2025-05-02 23:59:34,018 ChatBI->     INFO     劳动
2025-05-02 23:59:34,036 ChatBI->     INFO     关系
2025-05-02 23:59:34,054 ChatBI->     INFO     ”，
2025-05-02 23:59:34,073 ChatBI->     INFO     事项
2025-05-02 23:59:34,088 ChatBI->     INFO     名称
2025-05-02 23:59:34,106 ChatBI->     INFO     中
2025-05-02 23:59:34,125 ChatBI->     INFO     包含
2025-05-02 23:59:34,141 ChatBI->     INFO     “
2025-05-02 23:59:34,162 ChatBI->     INFO     拖欠
2025-05-02 23:59:34,177 ChatBI->     INFO     农民工
2025-05-02 23:59:34,196 ChatBI->     INFO     工资
2025-05-02 23:59:34,214 ChatBI->     INFO     ”。
2025-05-02 23:59:34,233 ChatBI->     INFO     企业
2025-05-02 23:59:34,252 ChatBI->     INFO     名称
2025-05-02 23:59:34,270 ChatBI->     INFO     和
2025-05-02 23:59:34,292 ChatBI->     INFO     地址
2025-05-02 23:59:34,308 ChatBI->     INFO     作为
2025-05-02 23:59:34,326 ChatBI->     INFO     维度
2025-05-02 23:59:34,344 ChatBI->     INFO     字段
2025-05-02 23:59:34,363 ChatBI->     INFO     ，
2025-05-02 23:59:34,381 ChatBI->     INFO     用于
2025-05-02 23:59:34,400 ChatBI->     INFO     提取
2025-05-02 23:59:34,420 ChatBI->     INFO     具体
2025-05-02 23:59:34,438 ChatBI->     INFO     的企业
2025-05-02 23:59:34,456 ChatBI->     INFO     名称
2025-05-02 23:59:34,479 ChatBI->     INFO     和
2025-05-02 23:59:34,496 ChatBI->     INFO     地址
2025-05-02 23:59:34,514 ChatBI->     INFO     信息
2025-05-02 23:59:34,531 ChatBI->     INFO     。


2025-05-02 23:59:34,550 ChatBI->     INFO     DONE
2025-05-02 23:59:34,570 ChatBI->     INFO     
2025-05-02 23:59:34,898 ChatBI->     INFO     任务类型: 内容抽取
2025-05-02 23:59:36,440 ChatBI->     INFO     过滤表达式：  ('2024-05-02 23:59:34' < Discovery_Time < '2025-05-02 23:59:34') ; 查询问题： 拖欠农民工工资
2025-05-02 23:59:36,441 ChatBI->     INFO     开始对非结构化文档【粗略】检索
2025-05-02 23:59:37,205 ChatBI->     INFO     检索到的文档总数量为：441
2025-05-02 23:59:37,218 ChatBI->     INFO     开始对非结构化文档【深度】检索
2025-05-02 23:59:37,537 ChatBI->     INFO     层级抽取文档： 市民来电反映:2023年7月12日-11月上述小区翻新，市民是搭建脚手架的，市民称四建集团拖欠10万元左右的工资，拖欠人数：30人左右，现诉求：望管理部门为其追讨农民工工资。（需回复） ==> yes  
2025-05-02 23:59:37,537 ChatBI->     INFO     层级抽取文档： 市民来电反映:上述小学暑期翻新改建，7月28日-812日在上述地址的工作，做木工的，没有劳动合同，被拖欠工资，金额：1万元左右，人数：9人，总金额：2万多元。诉求：请管理部门核实并帮助催讨工资。 ==> yes  
2025-05-02 23:59:37,538 ChatBI->     INFO     层级抽取文档： 市民来电反映:其之前在上述地址企业工作，现在还有3500元工资没有拿到，市民告知没有签订过劳动合同，之前企业告知一年后发放，结果现在市民索要企业依旧不给。诉求：请管理部门核实并帮助讨薪。 ==> yes  
2025-05-02 23:59:37,538 ChatBI->     INFO     层级抽取文档： 市民来电反映:于2024年8月入职上述地址，虹口区天潼路133号17楼，“鼎信金服（市民称此为企业全称）”，信贷类公司，任职：销售，未签定劳动合同。于8月23日离职，被拖欠工资（金额不详），市民姓名：雷先生（全名拒绝告知），联系电话：18272173825。诉求：望管理部门核实，要求协助讨要被欠工资，另要求告知未签定劳动合同是否合规。（需回复） ==> no  
2025-05-02 23:59:37,538 ChatBI->     INFO     层级抽取文档： 市民来电反映:8月21日向居委书记反馈门卫问题，书记要求市民去居委去谈，市民表示不需要，就在门卫间谈，因为有很多小区居民，可以一起说，后续居委书记说还要报警，市民也拨打过几次公安，街道也处理过，但是居委都没有发放工资给保安，故投诉居委乱作为。诉求：请管理部门核实介入处理主任乱作为。（市民要求信息保密 需回复） ==> no  
2025-05-02 23:59:37,538 ChatBI->     INFO     层级抽取文档： 【重新交办，要求：答复要点与实际情况不符，市民表示该路段依旧每天6:00多开始施工，挖掘机严重扰民休息，并未做到7:00后开工，市民认为管理部门无效监管。噪音扰民现象由管理部门责令改正后合法施工应该符合第四十一条和第四十二条。诉求：要求7:30前停止噪音施工且设置噪音检测仪器监控噪，并要求管理部门而非项目经理予以答复市民。(市民要求信息保密，需要回复)。最近办结的工单编号：20240809003177，工单内容：重新交办，要求：答复要点与实际情况不符，玉田支路修路扰民问题未解决，早上6：00多开始严重扰民。前两次协商同意延迟至7:30后开工，没好几天均出尔反尔，且多次深夜24:00后施工，无夜间特殊施工许可证。诉求：要求后续19：30前停止噪音施工并设置噪音检测仪器监控噪音扰民现象。】 ==> no  
2025-05-02 23:59:37,538 ChatBI->     INFO     层级抽取文档： 市民来电反映:上述地址工地，市民表示晚上一直在施工严重噪音扰民，已经持续好几天了。诉求：望管理部门核实尽快让其停止夜间施工。（需回复） ==> no  
2025-05-02 23:59:37,539 ChatBI->     INFO     层级抽取文档： 市民来电反映:上述小区外面半夜3:00还在施工，好像是水处理工程，噪音扰民，影响居民休息，诉求：请管理部门核实停止夜间施工。（市民要求信息保密 需回复）
 ==> no  
2025-05-02 23:59:37,539 ChatBI->     INFO     层级抽取文档： 市民来电反映:8月31日1:00多中山北一路189弄附近在施工，噪音扰民，诉求：要求核实在做什么工程，是否有夜间施工证，若没有希望查处。（市民要求信息保密 需回复） ==> no  
2025-05-02 23:59:37,539 ChatBI->     INFO     层级抽取文档： 市民来电反映:8月11日上述地址道路施工至凌晨3:00,8月12日凌晨0:35分还在施工，产生的噪音影响周边居民正常休息，诉求：投诉该处道路夜间施工噪音扰民。（市民要求信息保密 无需回复） ==> no  
2025-05-02 23:59:37,539 ChatBI->     INFO     阈值索引为：60, 窗口大小为: 40 
2025-05-02 23:59:37,539 ChatBI->     INFO     确定的文档: 21; 在次确认的文档: 79
2025-05-02 23:59:40,048 ChatBI->     INFO     从79个需再次确认的文档中筛选出的相关文档数量：30
2025-05-02 23:59:40,049 ChatBI->     INFO     示例文档：['【是否签订劳动合同:已签订劳动合同,实际劳动地址:虹口区凉城路61号叮咚买菜,发生时间:2024-08-1317：56：00,欠薪人数:1,欠薪金额:2500,单位名称:叮咚买菜虹口区广中店,单位地址:虹口区~虹口区凉城路61号叮咚买菜】上班离职之后门店前负责人也离职，现负责人不肯提交之前上班考勤导致财务无法正常发放工资，沟通多次之后新的门店负责人依然不肯向公司财务提交考勤记录，让和已离职的前负责人沟通，我们是给公司工作，公司管理层离职交接出现问题是公司内部的事，不应该让我们去为公司内部错误买单，并且我又不是给前店长打工，不能因为负责人离职就不给发工资了', '市民反映：【是否签订劳动合同:未签订劳动合同,实际劳动地址:曲阳路851弄8号2102,发生时间:2024/08/22 08:00:00,欠薪人数:1,欠薪金额:600,工程项目名称:,单位地址:本市~null】其是做木地板安装的，当时安转完了找对方结钱，他说等晚点过去看一下就给，其就回家了。晚上问他，他说手机限额了明天给。第二天又联系他，他又说晚一点给，今天8月25日又打电话给他，他又说下午给，现在晚上19:00了，电话也打不通了。这是他的电话13248281800。诉求：请管理部门核实帮助讨薪。', '市民反映：【是否签订劳动合同:已签订劳动合同,实际劳动地址:奎照路840号,发生时间:2024/08/20 16:13:00,欠薪人数:1,欠薪金额:5300,工程项目名称:,单位地址:虹口区~奎照路840号】其8月14日递交辞职报告，上述地址单位以未交接工作为由克扣其7月工资。诉求：希望管理部门协助讨薪。', '【是否签订劳动合同:未签订劳动合同,实际劳动地址:虹口区四川北路街道17街坊,发生时间:2022/08/0110:01:00,欠薪人数:50,欠薪金额:1700000,工程项目名称:虹口区四川北路街十七街坊地块项目,单位地址:虹口区~海宁路四川北路交叉口】事发时间：2022年8月事发地址：虹口区四川北路街道17街坊（海宁路四川北路交叉口）事发经过：2022年8月，由上海虹房建筑工程有限公司刁老板安排我们到虹口区四川北路街道17街坊（海宁路四川北路交叉口）做石库门保护性加固卸解施工主要诉求：项目已经完工两年多，上海虹房建筑工程有限公司目前没有付我一分钱，后续付款时间也没有下文希望政府部门介入处理此事。', '【是否签订劳动合同:未签订劳动合同,实际劳动地址:虹口区，时装商厦三楼陕西疯狂凉皮店,发生时间:2024/08/0320:43:00,欠薪人数:1,欠薪金额:还未结算,单位名称:陕西疯狂凉皮店,单位地址:虹口区~虹口区，时装商厦，三楼，陕西疯狂凉皮店】故意拖欠工资，发信息不回，打电话不接']
2025-05-02 23:59:40,503 ChatBI->     INFO     抽取的关键词列表为：['企业名称', '企业地址']
2025-05-02 23:59:40,504 ChatBI->     INFO     关键词json输出格式 --> {"企业名称": "<抽取企业名称信息>", "企业地址": "<抽取企业地址信息>"}
2025-05-02 23:59:43,116 ChatBI->     INFO     websocket发送的数据为：{"response": [{"企业名称": "", "数量": 8}, {"企业名称": "菜鸟驿站", "数量": 2}, {"企业名称": "上海虹房建筑工程有限公司", "数量": 2}, {"企业名称": "陕西疯狂凉皮店", "数量": 1}, {"企业名称": "泽林东方酒店", "数量": 1}, {"企业名称": "上海三角地菜市场经营管理有限公司", "数量": 1}, {"企业名称": "幸福西饼", "数量": 1}, {"企业名称": "佳洁公司", "数量": 1}, {"企业名称": "上海枫娟实业有限公司", "数量": 1}, {"企业名称": "上海银雁科技有限公司", "数量": 1}, {"企业名称": "上海市慷敏贸易有限公司", "数量": 1}, {"企业名称": "叮咚买菜虹口区广中店", "数量": 1}, {"企业名称": "极兔快递", "数量": 1}, {"企业名称": "上海福寿康川虹护理站", "数量": 1}, {"企业名称": "叮咚买菜", "数量": 1}, {"企业名称": "上海泓韶建筑装饰有限公司", "数量": 1}, {"企业名称": "上海坤超餐饮管理有限公司", "数量": 1}, {"企业名称": "虹口区福赐苑业主委员会", "数量": 1}, {"企业名称": "财小咖管理咨询（上海）有限责任公司", "数量": 1}, {"企业名称": "上药医疗器械（上海）有限公司", "数量": 1}, {"企业名称": "金令装饰有限公司", "数量": 1}, {"企业名称": "中通快递凉城网点", "数量": 1}, {"企业名称": "渡边物华园", "数量": 1}, {"企业名称": "上海柴盛工业科技有限公司", "数量": 1}, {"企业名称": "未明确提及", "数量": 1}, {"企业名称": "四建集团", "数量": 1}, {"企业名称": "上海绿奔建筑工程有限公司", "数量": 1}, {"企业名称": "西域吃在楼兰", "数量": 1}, {"企业名称": "南天公司", "数量": 1}, {"企业名称": "云南米线", "数量": 1}, {"企业名称": "上海揽浦建筑工程有限公司", "数量": 1}, {"企业名称": "上海陈政市政建筑工程市民有限公司", "数量": 1}, {"企业名称": "上海聚英餐饮有限公司", "数量": 1}, {"企业名称": "未签订劳动合同", "数量": 1}, {"企业名称": "上海安宁消防有限公司", "数量": 1}, {"企业名称": "上海秦汉胡同文化科技有限公司", "数量": 1}, {"企业名称": "秦汉胡同国学书院曲阳馆", "数量": 1}, {"企业名称": "上海古准供应链管理有限公司", "数量": 1}, {"企业名称": "长阳物流有限公司", "数量": 1}, {"企业名称": "上海砼极建筑结构工程有限公司", "数量": 1}, {"企业名称": "江苏神工装饰工程有限公司", "数量": 1}, {"企业名称": "上海股准供应链管理有限公司", "数量": 1}]}
2025-05-02 23:59:43,116 ChatBI->     INFO     websocket发送的数据为：{"data_detail": [{}]}
2025-05-02 23:59:43,722 ChatBI->     INFO     websocket发送的数据为：{"result_insight": "近1年有8家企业拖欠农民工工资，包括菜鸟驿站、上海虹房建筑工程有限公司等，具体地址未明确提及。"}
2025-05-02 23:59:45,137 ChatBI->     INFO     websocket发送的数据为：{"result_recommand": {"new_query_1": "这些企业中哪些位于虹口区？", "new_query_2": "是否有拖欠农民工工资的企业地址信息缺失？", "new_query_3": "这些企业的联系电话是多少？"}}
