2025-05-02 23:46:56,752 ChatBI->     INFO     schema linking: {'target_columns': ['案件描述/内容描述'], 'condition_columns': {'发现时间': '近1年', '案件描述/内容描述': '拖欠农民工工资'}}
2025-05-02 23:46:57,202 ChatBI->     INFO     
2025-05-02 23:46:57,307 ChatBI->     INFO     你
2025-05-02 23:46:57,413 ChatBI->     INFO     希望
2025-05-02 23:46:57,521 ChatBI->     INFO     抽取
2025-05-02 23:46:57,634 ChatBI->     INFO     近
2025-05-02 23:46:57,743 ChatBI->     INFO     1
2025-05-02 23:46:57,850 ChatBI->     INFO     年
2025-05-02 23:46:57,960 ChatBI->     INFO     拖欠
2025-05-02 23:46:58,067 ChatBI->     INFO     农民工
2025-05-02 23:46:58,191 ChatBI->     INFO     工资
2025-05-02 23:46:58,311 ChatBI->     INFO     的企业
2025-05-02 23:46:58,421 ChatBI->     INFO     名称
2025-05-02 23:46:58,529 ChatBI->     INFO     ，
2025-05-02 23:46:58,638 ChatBI->     INFO     这是一个
2025-05-02 23:46:58,744 ChatBI->     INFO     筛选
2025-05-02 23:46:58,853 ChatBI->     INFO     和
2025-05-02 23:46:58,960 ChatBI->     INFO     提取
2025-05-02 23:46:59,069 ChatBI->     INFO     特定
2025-05-02 23:46:59,179 ChatBI->     INFO     信息
2025-05-02 23:46:59,284 ChatBI->     INFO     的问题
2025-05-02 23:46:59,408 ChatBI->     INFO     。
2025-05-02 23:46:59,517 ChatBI->     INFO     需要
2025-05-02 23:46:59,624 ChatBI->     INFO     将
2025-05-02 23:46:59,732 ChatBI->     INFO     时间
2025-05-02 23:46:59,840 ChatBI->     INFO     设
2025-05-02 23:46:59,947 ChatBI->     INFO     为
2025-05-02 23:47:00,053 ChatBI->     INFO     维度
2025-05-02 23:47:00,161 ChatBI->     INFO     字段
2025-05-02 23:47:00,283 ChatBI->     INFO     ，并
2025-05-02 23:47:00,406 ChatBI->     INFO     限定
2025-05-02 23:47:00,513 ChatBI->     INFO     时间为
2025-05-02 23:47:00,623 ChatBI->     INFO     近
2025-05-02 23:47:00,729 ChatBI->     INFO     1
2025-05-02 23:47:00,841 ChatBI->     INFO     年
2025-05-02 23:47:00,949 ChatBI->     INFO     ；
2025-05-02 23:47:01,055 ChatBI->     INFO     同时
2025-05-02 23:47:01,166 ChatBI->     INFO     将
2025-05-02 23:47:01,276 ChatBI->     INFO     涉及
2025-05-02 23:47:01,383 ChatBI->     INFO     企业
2025-05-02 23:47:01,491 ChatBI->     INFO     名称
2025-05-02 23:47:01,601 ChatBI->     INFO     的
2025-05-02 23:47:01,708 ChatBI->     INFO     字段
2025-05-02 23:47:01,817 ChatBI->     INFO     设
2025-05-02 23:47:01,928 ChatBI->     INFO     为
2025-05-02 23:47:02,036 ChatBI->     INFO     维度
2025-05-02 23:47:02,161 ChatBI->     INFO     字段
2025-05-02 23:47:02,270 ChatBI->     INFO     ，
2025-05-02 23:47:02,392 ChatBI->     INFO     以
2025-05-02 23:47:02,500 ChatBI->     INFO     提取
2025-05-02 23:47:02,609 ChatBI->     INFO     企业
2025-05-02 23:47:02,719 ChatBI->     INFO     名称
2025-05-02 23:47:02,828 ChatBI->     INFO     。
2025-05-02 23:47:02,937 ChatBI->     INFO     具体
2025-05-02 23:47:03,042 ChatBI->     INFO     步骤
2025-05-02 23:47:03,151 ChatBI->     INFO     如下
2025-05-02 23:47:03,260 ChatBI->     INFO     ：


2025-05-02 23:47:03,371 ChatBI->     INFO     1
2025-05-02 23:47:03,480 ChatBI->     INFO     .
2025-05-02 23:47:03,588 ChatBI->     INFO      **
2025-05-02 23:47:03,697 ChatBI->     INFO     时间
2025-05-02 23:47:03,805 ChatBI->     INFO     范围
2025-05-02 23:47:03,915 ChatBI->     INFO     **
2025-05-02 23:47:04,021 ChatBI->     INFO     ：
2025-05-02 23:47:04,129 ChatBI->     INFO     限定
2025-05-02 23:47:04,254 ChatBI->     INFO     时间为
2025-05-02 23:47:04,363 ChatBI->     INFO     近
2025-05-02 23:47:04,487 ChatBI->     INFO     1
2025-05-02 23:47:04,612 ChatBI->     INFO     年
2025-05-02 23:47:04,705 ChatBI->     INFO     ，
2025-05-02 23:47:04,831 ChatBI->     INFO     即
2025-05-02 23:47:04,958 ChatBI->     INFO     从
2025-05-02 23:47:05,081 ChatBI->     INFO     当前
2025-05-02 23:47:05,203 ChatBI->     INFO     时间
2025-05-02 23:47:05,311 ChatBI->     INFO     往前
2025-05-02 23:47:05,421 ChatBI->     INFO     推
2025-05-02 23:47:05,529 ChatBI->     INFO     1
2025-05-02 23:47:05,636 ChatBI->     INFO     年
2025-05-02 23:47:05,745 ChatBI->     INFO     。

2025-05-02 23:47:05,854 ChatBI->     INFO     2
2025-05-02 23:47:05,963 ChatBI->     INFO     .
2025-05-02 23:47:06,072 ChatBI->     INFO      **
2025-05-02 23:47:06,183 ChatBI->     INFO     维度
2025-05-02 23:47:06,289 ChatBI->     INFO     字段
2025-05-02 23:47:06,398 ChatBI->     INFO     **
2025-05-02 23:47:06,506 ChatBI->     INFO     ：
2025-05-02 23:47:06,628 ChatBI->     INFO     提取
2025-05-02 23:47:06,753 ChatBI->     INFO     涉及
2025-05-02 23:47:06,860 ChatBI->     INFO     企业
2025-05-02 23:47:06,969 ChatBI->     INFO     名称
2025-05-02 23:47:07,077 ChatBI->     INFO     的
2025-05-02 23:47:07,186 ChatBI->     INFO     字段
2025-05-02 23:47:07,294 ChatBI->     INFO     ，
2025-05-02 23:47:07,403 ChatBI->     INFO     通常
2025-05-02 23:47:07,511 ChatBI->     INFO     在
2025-05-02 23:47:07,617 ChatBI->     INFO     工
2025-05-02 23:47:07,727 ChatBI->     INFO     单
2025-05-02 23:47:07,836 ChatBI->     INFO     描述
2025-05-02 23:47:07,945 ChatBI->     INFO     或
2025-05-02 23:47:08,054 ChatBI->     INFO     事项
2025-05-02 23:47:08,162 ChatBI->     INFO     名称
2025-05-02 23:47:08,272 ChatBI->     INFO     中
2025-05-02 23:47:08,380 ChatBI->     INFO     可能
2025-05-02 23:47:08,489 ChatBI->     INFO     包含
2025-05-02 23:47:08,597 ChatBI->     INFO     企业
2025-05-02 23:47:08,719 ChatBI->     INFO     名称
2025-05-02 23:47:08,828 ChatBI->     INFO     。

2025-05-02 23:47:08,935 ChatBI->     INFO     3
2025-05-02 23:47:09,045 ChatBI->     INFO     .
2025-05-02 23:47:09,150 ChatBI->     INFO      **
2025-05-02 23:47:09,257 ChatBI->     INFO     条件
2025-05-02 23:47:09,366 ChatBI->     INFO     字段
2025-05-02 23:47:09,487 ChatBI->     INFO     **
2025-05-02 23:47:09,595 ChatBI->     INFO     ：
2025-05-02 23:47:09,719 ChatBI->     INFO     筛选
2025-05-02 23:47:09,826 ChatBI->     INFO     出
2025-05-02 23:47:09,934 ChatBI->     INFO     事项
2025-05-02 23:47:10,045 ChatBI->     INFO     名称
2025-05-02 23:47:10,153 ChatBI->     INFO     或
2025-05-02 23:47:10,263 ChatBI->     INFO     案件
2025-05-02 23:47:10,372 ChatBI->     INFO     描述
2025-05-02 23:47:10,479 ChatBI->     INFO     中
2025-05-02 23:47:10,588 ChatBI->     INFO     包含
2025-05-02 23:47:10,698 ChatBI->     INFO     “
2025-05-02 23:47:10,809 ChatBI->     INFO     拖欠
2025-05-02 23:47:10,914 ChatBI->     INFO     农民工
2025-05-02 23:47:11,024 ChatBI->     INFO     工资
2025-05-02 23:47:11,135 ChatBI->     INFO     ”的
2025-05-02 23:47:11,241 ChatBI->     INFO     工
2025-05-02 23:47:11,351 ChatBI->     INFO     单
2025-05-02 23:47:11,460 ChatBI->     INFO     。


2025-05-02 23:47:11,567 ChatBI->     INFO     ###
2025-05-02 23:47:11,691 ChatBI->     INFO      输出
2025-05-02 23:47:11,817 ChatBI->     INFO     字段
2025-05-02 23:47:11,942 ChatBI->     INFO     说明
2025-05-02 23:47:12,065 ChatBI->     INFO     

2025-05-02 23:47:12,188 ChatBI->     INFO     -
2025-05-02 23:47:12,295 ChatBI->     INFO      **
2025-05-02 23:47:12,405 ChatBI->     INFO     案件
2025-05-02 23:47:12,513 ChatBI->     INFO     描述
2025-05-02 23:47:12,621 ChatBI->     INFO     /
2025-05-02 23:47:12,731 ChatBI->     INFO     内容
2025-05-02 23:47:12,841 ChatBI->     INFO     描述
2025-05-02 23:47:12,967 ChatBI->     INFO     **
2025-05-02 23:47:13,077 ChatBI->     INFO     ：
2025-05-02 23:47:13,183 ChatBI->     INFO     可能
2025-05-02 23:47:13,292 ChatBI->     INFO     包含
2025-05-02 23:47:13,402 ChatBI->     INFO     详细的
2025-05-02 23:47:13,511 ChatBI->     INFO     事件
2025-05-02 23:47:13,619 ChatBI->     INFO     描述
2025-05-02 23:47:13,728 ChatBI->     INFO     ，
2025-05-02 23:47:13,836 ChatBI->     INFO     从中
2025-05-02 23:47:13,945 ChatBI->     INFO     提取
2025-05-02 23:47:14,056 ChatBI->     INFO     企业
2025-05-02 23:47:14,164 ChatBI->     INFO     名称
2025-05-02 23:47:14,275 ChatBI->     INFO     。

2025-05-02 23:47:14,384 ChatBI->     INFO     -
2025-05-02 23:47:14,493 ChatBI->     INFO      **
2025-05-02 23:47:14,600 ChatBI->     INFO     事项
2025-05-02 23:47:14,710 ChatBI->     INFO     名称
2025-05-02 23:47:14,818 ChatBI->     INFO     **
2025-05-02 23:47:14,926 ChatBI->     INFO     ：
2025-05-02 23:47:15,049 ChatBI->     INFO     可能
2025-05-02 23:47:15,175 ChatBI->     INFO     直接
2025-05-02 23:47:15,299 ChatBI->     INFO     包含
2025-05-02 23:47:15,421 ChatBI->     INFO     企业
2025-05-02 23:47:15,531 ChatBI->     INFO     名称
2025-05-02 23:47:15,640 ChatBI->     INFO     或
2025-05-02 23:47:15,748 ChatBI->     INFO     相关
2025-05-02 23:47:15,855 ChatBI->     INFO     描述
2025-05-02 23:47:15,964 ChatBI->     INFO     。


2025-05-02 23:47:16,072 ChatBI->     INFO     ###
2025-05-02 23:47:16,183 ChatBI->     INFO     
2025-05-02 23:47:16,291 ChatBI->     INFO      条
2025-05-02 23:47:16,401 ChatBI->     INFO     件
2025-05-02 23:47:16,510 ChatBI->     INFO     字段
2025-05-02 23:47:16,618 ChatBI->     INFO     

2025-05-02 23:47:16,728 ChatBI->     INFO     -
2025-05-02 23:47:16,836 ChatBI->     INFO      **
2025-05-02 23:47:16,944 ChatBI->     INFO     事项
2025-05-02 23:47:17,054 ChatBI->     INFO     名称
2025-05-02 23:47:17,162 ChatBI->     INFO     **
2025-05-02 23:47:17,273 ChatBI->     INFO     ：
2025-05-02 23:47:17,381 ChatBI->     INFO     包含
2025-05-02 23:47:17,490 ChatBI->     INFO     “
2025-05-02 23:47:17,599 ChatBI->     INFO     拖欠
2025-05-02 23:47:17,726 ChatBI->     INFO     农民工
2025-05-02 23:47:17,833 ChatBI->     INFO     工资
2025-05-02 23:47:17,955 ChatBI->     INFO     ”的
2025-05-02 23:47:18,080 ChatBI->     INFO     工
2025-05-02 23:47:18,202 ChatBI->     INFO     单
2025-05-02 23:47:18,312 ChatBI->     INFO     。

2025-05-02 23:47:18,419 ChatBI->     INFO     -
2025-05-02 23:47:18,529 ChatBI->     INFO      **
2025-05-02 23:47:18,638 ChatBI->     INFO     案件
2025-05-02 23:47:18,747 ChatBI->     INFO     描述
2025-05-02 23:47:18,856 ChatBI->     INFO     /
2025-05-02 23:47:18,964 ChatBI->     INFO     内容
2025-05-02 23:47:19,074 ChatBI->     INFO     描述
2025-05-02 23:47:19,183 ChatBI->     INFO     **
2025-05-02 23:47:19,292 ChatBI->     INFO     ：
2025-05-02 23:47:19,400 ChatBI->     INFO     包含
2025-05-02 23:47:19,510 ChatBI->     INFO     “
2025-05-02 23:47:19,618 ChatBI->     INFO     拖欠
2025-05-02 23:47:19,726 ChatBI->     INFO     农民工
2025-05-02 23:47:19,835 ChatBI->     INFO     工资
2025-05-02 23:47:19,946 ChatBI->     INFO     ”的
2025-05-02 23:47:20,056 ChatBI->     INFO     工
2025-05-02 23:47:20,162 ChatBI->     INFO     单
2025-05-02 23:47:20,270 ChatBI->     INFO     。


2025-05-02 23:47:20,393 ChatBI->     INFO     ###
2025-05-02 23:47:20,520 ChatBI->     INFO      查询
2025-05-02 23:47:20,642 ChatBI->     INFO     字段
2025-05-02 23:47:20,750 ChatBI->     INFO     

2025-05-02 23:47:20,859 ChatBI->     INFO     -
2025-05-02 23:47:20,968 ChatBI->     INFO      **
2025-05-02 23:47:21,078 ChatBI->     INFO     案件
2025-05-02 23:47:21,187 ChatBI->     INFO     描述
2025-05-02 23:47:21,297 ChatBI->     INFO     /
2025-05-02 23:47:21,404 ChatBI->     INFO     内容
2025-05-02 23:47:21,513 ChatBI->     INFO     描述
2025-05-02 23:47:21,621 ChatBI->     INFO     **
2025-05-02 23:47:21,732 ChatBI->     INFO     ：
2025-05-02 23:47:21,842 ChatBI->     INFO     提取
2025-05-02 23:47:21,949 ChatBI->     INFO     企业
2025-05-02 23:47:22,057 ChatBI->     INFO     名称
2025-05-02 23:47:22,165 ChatBI->     INFO     。

2025-05-02 23:47:22,274 ChatBI->     INFO     -
2025-05-02 23:47:22,381 ChatBI->     INFO      **
2025-05-02 23:47:22,494 ChatBI->     INFO     事项
2025-05-02 23:47:22,602 ChatBI->     INFO     名称
2025-05-02 23:47:22,712 ChatBI->     INFO     **
2025-05-02 23:47:22,819 ChatBI->     INFO     ：
2025-05-02 23:47:22,929 ChatBI->     INFO     提取
2025-05-02 23:47:23,038 ChatBI->     INFO     企业
2025-05-02 23:47:23,149 ChatBI->     INFO     名称
2025-05-02 23:47:23,257 ChatBI->     INFO     。


2025-05-02 23:47:23,364 ChatBI->     INFO     ###
2025-05-02 23:47:23,472 ChatBI->     INFO      查询
2025-05-02 23:47:23,595 ChatBI->     INFO     条件
2025-05-02 23:47:23,703 ChatBI->     INFO     

2025-05-02 23:47:23,811 ChatBI->     INFO     -
2025-05-02 23:47:23,919 ChatBI->     INFO      **
2025-05-02 23:47:24,028 ChatBI->     INFO     发现
2025-05-02 23:47:24,137 ChatBI->     INFO     时间
2025-05-02 23:47:24,246 ChatBI->     INFO     **
2025-05-02 23:47:24,353 ChatBI->     INFO     ：
2025-05-02 23:47:24,461 ChatBI->     INFO     近
2025-05-02 23:47:24,570 ChatBI->     INFO     1
2025-05-02 23:47:24,682 ChatBI->     INFO     年
2025-05-02 23:47:24,789 ChatBI->     INFO     （
2025-05-02 23:47:24,900 ChatBI->     INFO     从
2025-05-02 23:47:25,008 ChatBI->     INFO     当前
2025-05-02 23:47:25,117 ChatBI->     INFO     时间
2025-05-02 23:47:25,231 ChatBI->     INFO     往前
2025-05-02 23:47:25,347 ChatBI->     INFO     推
2025-05-02 23:47:25,470 ChatBI->     INFO     1
2025-05-02 23:47:25,578 ChatBI->     INFO     年
2025-05-02 23:47:25,686 ChatBI->     INFO     ）
2025-05-02 23:47:25,796 ChatBI->     INFO     。


2025-05-02 23:47:25,905 ChatBI->     INFO     ###
2025-05-02 23:47:26,013 ChatBI->     INFO      查询
2025-05-02 23:47:26,119 ChatBI->     INFO     字段
2025-05-02 23:47:26,229 ChatBI->     INFO     名
2025-05-02 23:47:26,337 ChatBI->     INFO     和
2025-05-02 23:47:26,444 ChatBI->     INFO     字段
2025-05-02 23:47:26,552 ChatBI->     INFO     值
2025-05-02 23:47:26,662 ChatBI->     INFO     

2025-05-02 23:47:26,770 ChatBI->     INFO     -
2025-05-02 23:47:26,893 ChatBI->     INFO      **
2025-05-02 23:47:27,001 ChatBI->     INFO     案件
2025-05-02 23:47:27,109 ChatBI->     INFO     描述
2025-05-02 23:47:27,218 ChatBI->     INFO     /
2025-05-02 23:47:27,328 ChatBI->     INFO     内容
2025-05-02 23:47:27,437 ChatBI->     INFO     描述
2025-05-02 23:47:27,543 ChatBI->     INFO     **
2025-05-02 23:47:27,651 ChatBI->     INFO     ：
2025-05-02 23:47:27,760 ChatBI->     INFO     字段
2025-05-02 23:47:27,869 ChatBI->     INFO     值
2025-05-02 23:47:27,976 ChatBI->     INFO     为
2025-05-02 23:47:28,084 ChatBI->     INFO     包含
2025-05-02 23:47:28,190 ChatBI->     INFO     企业
2025-05-02 23:47:28,315 ChatBI->     INFO     名称
2025-05-02 23:47:28,438 ChatBI->     INFO     的
2025-05-02 23:47:28,548 ChatBI->     INFO     描述
2025-05-02 23:47:28,673 ChatBI->     INFO     。

2025-05-02 23:47:28,795 ChatBI->     INFO     -
2025-05-02 23:47:28,903 ChatBI->     INFO      **
2025-05-02 23:47:29,012 ChatBI->     INFO     事项
2025-05-02 23:47:29,118 ChatBI->     INFO     名称
2025-05-02 23:47:29,227 ChatBI->     INFO     **
2025-05-02 23:47:29,335 ChatBI->     INFO     ：
2025-05-02 23:47:29,445 ChatBI->     INFO     字段
2025-05-02 23:47:29,550 ChatBI->     INFO     值
2025-05-02 23:47:29,672 ChatBI->     INFO     为
2025-05-02 23:47:29,779 ChatBI->     INFO     包含
2025-05-02 23:47:29,887 ChatBI->     INFO     企业
2025-05-02 23:47:29,998 ChatBI->     INFO     名称
2025-05-02 23:47:30,104 ChatBI->     INFO     的
2025-05-02 23:47:30,215 ChatBI->     INFO     事项
2025-05-02 23:47:30,324 ChatBI->     INFO     名称
2025-05-02 23:47:30,431 ChatBI->     INFO     。


2025-05-02 23:47:30,538 ChatBI->     INFO     DONE
2025-05-02 23:47:30,649 ChatBI->     INFO     
2025-05-02 23:47:31,192 ChatBI->     INFO     任务类型: 内容抽取
2025-05-02 23:47:32,808 ChatBI->     INFO     过滤表达式：  ('2024-05-02 23:47:31' < Discovery_Time < '2025-05-02 23:47:31') ; 查询问题： 拖欠农民工工资
2025-05-02 23:47:32,812 ChatBI->     INFO     开始对非结构化文档【粗略】检索
2025-05-02 23:47:33,945 ChatBI->     INFO     检索到的文档总数量为：441
2025-05-02 23:47:33,995 ChatBI->     INFO     开始对非结构化文档【深度】检索
2025-05-02 23:47:34,587 ChatBI->     INFO     层级抽取文档： 市民来电反映:2023年7月12日-11月上述小区翻新，市民是搭建脚手架的，市民称四建集团拖欠10万元左右的工资，拖欠人数：30人左右，现诉求：望管理部门为其追讨农民工工资。（需回复） ==> yes  
2025-05-02 23:47:34,587 ChatBI->     INFO     层级抽取文档： 市民来电反映:上述小学暑期翻新改建，7月28日-812日在上述地址的工作，做木工的，没有劳动合同，被拖欠工资，金额：1万元左右，人数：9人，总金额：2万多元。诉求：请管理部门核实并帮助催讨工资。 ==> yes  
2025-05-02 23:47:34,588 ChatBI->     INFO     层级抽取文档： 市民来电反映:其之前在上述地址企业工作，现在还有3500元工资没有拿到，市民告知没有签订过劳动合同，之前企业告知一年后发放，结果现在市民索要企业依旧不给。诉求：请管理部门核实并帮助讨薪。 ==> yes  
2025-05-02 23:47:34,588 ChatBI->     INFO     层级抽取文档： 市民来电反映:于2024年8月入职上述地址，虹口区天潼路133号17楼，“鼎信金服（市民称此为企业全称）”，信贷类公司，任职：销售，未签定劳动合同。于8月23日离职，被拖欠工资（金额不详），市民姓名：雷先生（全名拒绝告知），联系电话：18272173825。诉求：望管理部门核实，要求协助讨要被欠工资，另要求告知未签定劳动合同是否合规。（需回复） ==> no  
2025-05-02 23:47:34,589 ChatBI->     INFO     层级抽取文档： 市民来电反映:8月21日向居委书记反馈门卫问题，书记要求市民去居委去谈，市民表示不需要，就在门卫间谈，因为有很多小区居民，可以一起说，后续居委书记说还要报警，市民也拨打过几次公安，街道也处理过，但是居委都没有发放工资给保安，故投诉居委乱作为。诉求：请管理部门核实介入处理主任乱作为。（市民要求信息保密 需回复） ==> no  
2025-05-02 23:47:34,589 ChatBI->     INFO     层级抽取文档： 【重新交办，要求：答复要点与实际情况不符，市民表示该路段依旧每天6:00多开始施工，挖掘机严重扰民休息，并未做到7:00后开工，市民认为管理部门无效监管。噪音扰民现象由管理部门责令改正后合法施工应该符合第四十一条和第四十二条。诉求：要求7:30前停止噪音施工且设置噪音检测仪器监控噪，并要求管理部门而非项目经理予以答复市民。(市民要求信息保密，需要回复)。最近办结的工单编号：20240809003177，工单内容：重新交办，要求：答复要点与实际情况不符，玉田支路修路扰民问题未解决，早上6：00多开始严重扰民。前两次协商同意延迟至7:30后开工，没好几天均出尔反尔，且多次深夜24:00后施工，无夜间特殊施工许可证。诉求：要求后续19：30前停止噪音施工并设置噪音检测仪器监控噪音扰民现象。】 ==> no  
2025-05-02 23:47:34,589 ChatBI->     INFO     层级抽取文档： 市民来电反映:上述地址工地，市民表示晚上一直在施工严重噪音扰民，已经持续好几天了。诉求：望管理部门核实尽快让其停止夜间施工。（需回复） ==> no  
2025-05-02 23:47:34,590 ChatBI->     INFO     层级抽取文档： 市民来电反映:上述小区外面半夜3:00还在施工，好像是水处理工程，噪音扰民，影响居民休息，诉求：请管理部门核实停止夜间施工。（市民要求信息保密 需回复）
 ==> no  
2025-05-02 23:47:34,590 ChatBI->     INFO     层级抽取文档： 市民来电反映:8月31日1:00多中山北一路189弄附近在施工，噪音扰民，诉求：要求核实在做什么工程，是否有夜间施工证，若没有希望查处。（市民要求信息保密 需回复） ==> no  
2025-05-02 23:47:34,590 ChatBI->     INFO     层级抽取文档： 市民来电反映:8月11日上述地址道路施工至凌晨3:00,8月12日凌晨0:35分还在施工，产生的噪音影响周边居民正常休息，诉求：投诉该处道路夜间施工噪音扰民。（市民要求信息保密 无需回复） ==> no  
2025-05-02 23:47:34,590 ChatBI->     INFO     阈值索引为：60, 窗口大小为: 40 
2025-05-02 23:47:34,591 ChatBI->     INFO     确定的文档: 21; 在次确认的文档: 79
2025-05-02 23:47:37,598 ChatBI->     INFO     从79个需再次确认的文档中筛选出的相关文档数量：30
2025-05-02 23:47:37,599 ChatBI->     INFO     示例文档：['【是否签订劳动合同:已签订劳动合同,实际劳动地址:虹口区凉城路61号叮咚买菜,发生时间:2024-08-1317：56：00,欠薪人数:1,欠薪金额:2500,单位名称:叮咚买菜虹口区广中店,单位地址:虹口区~虹口区凉城路61号叮咚买菜】上班离职之后门店前负责人也离职，现负责人不肯提交之前上班考勤导致财务无法正常发放工资，沟通多次之后新的门店负责人依然不肯向公司财务提交考勤记录，让和已离职的前负责人沟通，我们是给公司工作，公司管理层离职交接出现问题是公司内部的事，不应该让我们去为公司内部错误买单，并且我又不是给前店长打工，不能因为负责人离职就不给发工资了', '市民反映：【是否签订劳动合同:未签订劳动合同,实际劳动地址:曲阳路851弄8号2102,发生时间:2024/08/22 08:00:00,欠薪人数:1,欠薪金额:600,工程项目名称:,单位地址:本市~null】其是做木地板安装的，当时安转完了找对方结钱，他说等晚点过去看一下就给，其就回家了。晚上问他，他说手机限额了明天给。第二天又联系他，他又说晚一点给，今天8月25日又打电话给他，他又说下午给，现在晚上19:00了，电话也打不通了。这是他的电话13248281800。诉求：请管理部门核实帮助讨薪。', '市民反映：【是否签订劳动合同:已签订劳动合同,实际劳动地址:奎照路840号,发生时间:2024/08/20 16:13:00,欠薪人数:1,欠薪金额:5300,工程项目名称:,单位地址:虹口区~奎照路840号】其8月14日递交辞职报告，上述地址单位以未交接工作为由克扣其7月工资。诉求：希望管理部门协助讨薪。', '【是否签订劳动合同:未签订劳动合同,实际劳动地址:虹口区四川北路街道17街坊,发生时间:2022/08/0110:01:00,欠薪人数:50,欠薪金额:1700000,工程项目名称:虹口区四川北路街十七街坊地块项目,单位地址:虹口区~海宁路四川北路交叉口】事发时间：2022年8月事发地址：虹口区四川北路街道17街坊（海宁路四川北路交叉口）事发经过：2022年8月，由上海虹房建筑工程有限公司刁老板安排我们到虹口区四川北路街道17街坊（海宁路四川北路交叉口）做石库门保护性加固卸解施工主要诉求：项目已经完工两年多，上海虹房建筑工程有限公司目前没有付我一分钱，后续付款时间也没有下文希望政府部门介入处理此事。', '【是否签订劳动合同:未签订劳动合同,实际劳动地址:虹口区，时装商厦三楼陕西疯狂凉皮店,发生时间:2024/08/0320:43:00,欠薪人数:1,欠薪金额:还未结算,单位名称:陕西疯狂凉皮店,单位地址:虹口区~虹口区，时装商厦，三楼，陕西疯狂凉皮店】故意拖欠工资，发信息不回，打电话不接']
2025-05-02 23:47:38,111 ChatBI->     INFO     抽取的关键词列表为：['企业名称']
2025-05-02 23:47:38,112 ChatBI->     INFO     关键词json输出格式 --> {"企业名称": "<抽取企业名称信息>"}
2025-05-02 23:47:40,443 ChatBI->     INFO     websocket发送的数据为：{"response": [{"企业名称": "菜鸟驿站", "数量": 2}, {"企业名称": "上海虹房建筑工程有限公司", "数量": 2}, {"企业名称": "陕西疯狂凉皮店", "数量": 1}, {"企业名称": "泽林东方酒店", "数量": 1}, {"企业名称": "上海三角地菜市场经营管理有限公司", "数量": 1}, {"企业名称": "幸福西饼", "数量": 1}, {"企业名称": "佳洁公司", "数量": 1}, {"企业名称": "实验学校", "数量": 1}, {"企业名称": "上海枫娟实业有限公司", "数量": 1}, {"企业名称": "上海银雁科技有限公司", "数量": 1}, {"企业名称": "上海市慷敏贸易有限公司", "数量": 1}, {"企业名称": "叮咚买菜虹口区广中店", "数量": 1}, {"企业名称": "岳阳中西医结合医院", "数量": 1}, {"企业名称": "极兔快递", "数量": 1}, {"企业名称": "上海福寿康川虹护理站", "数量": 1}, {"企业名称": "叮咚买菜", "数量": 1}, {"企业名称": "上海泓韶建筑装饰有限公司", "数量": 1}, {"企业名称": "上海坤超餐饮管理有限公司", "数量": 1}, {"企业名称": "虹口区福赐苑业主委员会", "数量": 1}, {"企业名称": "财小咖管理咨询（上海）有限责任公司", "数量": 1}, {"企业名称": "上药医疗器械（上海）有限公司", "数量": 1}, {"企业名称": "金令装饰有限公司", "数量": 1}, {"企业名称": "美团", "数量": 1}, {"企业名称": "中通快递", "数量": 1}, {"企业名称": "渡边物华园", "数量": 1}, {"企业名称": "上海柴盛工业科技有限公司", "数量": 1}, {"企业名称": "未明确", "数量": 1}, {"企业名称": "紫玥轩", "数量": 1}, {"企业名称": "四建集团", "数量": 1}, {"企业名称": "上海绿奔建筑工程有限公司", "数量": 1}, {"企业名称": "楼兰", "数量": 1}, {"企业名称": "南天公司", "数量": 1}, {"企业名称": null, "数量": 1}, {"企业名称": "云南米线", "数量": 1}, {"企业名称": "上海揽浦建筑工程有限公司", "数量": 1}, {"企业名称": "宏田小区15号202室", "数量": 1}, {"企业名称": "上海陈政市政建筑工程市民有限公司", "数量": 1}, {"企业名称": "上海聚英餐饮有限公司", "数量": 1}, {"企业名称": "未签订劳动合同", "数量": 1}, {"企业名称": "上海安宁消防有限公司", "数量": 1}, {"企业名称": "上海秦汉胡同文化科技有限公司", "数量": 1}, {"企业名称": "秦汉胡同国学书院曲阳馆", "数量": 1}, {"企业名称": "上海古准供应链管理有限公司", "数量": 1}, {"企业名称": "长阳物流有限公司", "数量": 1}, {"企业名称": "太阳宫商场", "数量": 1}, {"企业名称": "上海砼极建筑结构工程有限公司", "数量": 1}, {"企业名称": "霸王茶姬", "数量": 1}, {"企业名称": "江苏神工装饰工程有限公司", "数量": 1}, {"企业名称": "上海股准供应链管理有限公司", "数量": 1}]}
