2025-05-02 21:13:49,475 ChatBI->     INFO     
2025-05-02 21:13:49,477 ChatBI->     INFO     你好
2025-05-02 21:13:49,482 ChatBI->     INFO     ！
2025-05-02 21:13:49,542 ChatBI->     INFO     我
2025-05-02 21:13:49,544 ChatBI->     INFO     叫
2025-05-02 21:13:49,544 ChatBI->     INFO     Q
2025-05-02 21:13:49,552 ChatBI->     INFO     wen
2025-05-02 21:13:49,606 ChatBI->     INFO     ，
2025-05-02 21:13:49,607 ChatBI->     INFO     是由
2025-05-02 21:13:49,608 ChatBI->     INFO     阿里
2025-05-02 21:13:49,621 ChatBI->     INFO     云
2025-05-02 21:13:49,643 ChatBI->     INFO     开发
2025-05-02 21:13:49,671 ChatBI->     INFO     的
2025-05-02 21:13:49,672 ChatBI->     INFO     预
2025-05-02 21:13:49,694 ChatBI->     INFO     训练
2025-05-02 21:13:49,712 ChatBI->     INFO     语言
2025-05-02 21:13:49,724 ChatBI->     INFO     模型
2025-05-02 21:13:49,741 ChatBI->     INFO     。
2025-05-02 21:13:49,758 ChatBI->     INFO     我的
2025-05-02 21:13:49,775 ChatBI->     INFO     主要
2025-05-02 21:13:49,793 ChatBI->     INFO     功能
2025-05-02 21:13:49,810 ChatBI->     INFO     是
2025-05-02 21:13:49,827 ChatBI->     INFO     生成
2025-05-02 21:13:49,845 ChatBI->     INFO     与
2025-05-02 21:13:49,862 ChatBI->     INFO     给
2025-05-02 21:13:49,880 ChatBI->     INFO     定
2025-05-02 21:13:49,896 ChatBI->     INFO     词语
2025-05-02 21:13:49,914 ChatBI->     INFO     相关的
2025-05-02 21:13:49,931 ChatBI->     INFO     文本
2025-05-02 21:13:49,948 ChatBI->     INFO     ，
2025-05-02 21:13:49,965 ChatBI->     INFO     进行
2025-05-02 21:13:49,983 ChatBI->     INFO     语言
2025-05-02 21:13:49,999 ChatBI->     INFO     翻译
2025-05-02 21:13:50,017 ChatBI->     INFO     ，
2025-05-02 21:13:50,034 ChatBI->     INFO     提供
2025-05-02 21:13:50,051 ChatBI->     INFO     信息
2025-05-02 21:13:50,071 ChatBI->     INFO     查询
2025-05-02 21:13:50,086 ChatBI->     INFO     ，
2025-05-02 21:13:50,106 ChatBI->     INFO     以及
2025-05-02 21:13:50,121 ChatBI->     INFO     与
2025-05-02 21:13:50,143 ChatBI->     INFO     用户
2025-05-02 21:13:50,156 ChatBI->     INFO     进行
2025-05-02 21:13:50,177 ChatBI->     INFO     多
2025-05-02 21:13:50,206 ChatBI->     INFO     轮
2025-05-02 21:13:50,208 ChatBI->     INFO     对话
2025-05-02 21:13:50,225 ChatBI->     INFO     等
2025-05-02 21:13:50,242 ChatBI->     INFO     。
2025-05-02 21:13:50,259 ChatBI->     INFO     我
2025-05-02 21:13:50,276 ChatBI->     INFO     被
2025-05-02 21:13:50,293 ChatBI->     INFO     设计
2025-05-02 21:13:50,311 ChatBI->     INFO     成
2025-05-02 21:13:50,328 ChatBI->     INFO     能够
2025-05-02 21:13:50,346 ChatBI->     INFO     理解
2025-05-02 21:13:50,366 ChatBI->     INFO     自然
2025-05-02 21:13:50,380 ChatBI->     INFO     语言
2025-05-02 21:13:50,397 ChatBI->     INFO     ，并
2025-05-02 21:13:50,414 ChatBI->     INFO     尽可能
2025-05-02 21:13:50,432 ChatBI->     INFO     准确
2025-05-02 21:13:50,449 ChatBI->     INFO     和
2025-05-02 21:13:50,466 ChatBI->     INFO     有
2025-05-02 21:13:50,484 ChatBI->     INFO     帮助
2025-05-02 21:13:50,501 ChatBI->     INFO     地
2025-05-02 21:13:50,518 ChatBI->     INFO     回应
2025-05-02 21:13:50,535 ChatBI->     INFO     用户
2025-05-02 21:13:50,552 ChatBI->     INFO     的问题
2025-05-02 21:13:50,570 ChatBI->     INFO     或
2025-05-02 21:13:50,587 ChatBI->     INFO     请求
2025-05-02 21:13:50,606 ChatBI->     INFO     。
2025-05-02 21:13:50,622 ChatBI->     INFO     虽然
2025-05-02 21:13:50,640 ChatBI->     INFO     我
2025-05-02 21:13:50,657 ChatBI->     INFO     拥有
2025-05-02 21:13:50,674 ChatBI->     INFO     大量的
2025-05-02 21:13:50,691 ChatBI->     INFO     知识
2025-05-02 21:13:50,708 ChatBI->     INFO     和
2025-05-02 21:13:50,728 ChatBI->     INFO     信息
2025-05-02 21:13:50,742 ChatBI->     INFO     ，
2025-05-02 21:13:50,760 ChatBI->     INFO     但我
2025-05-02 21:13:50,777 ChatBI->     INFO     并不是
2025-05-02 21:13:50,795 ChatBI->     INFO     真正的
2025-05-02 21:13:50,812 ChatBI->     INFO     个人
2025-05-02 21:13:50,829 ChatBI->     INFO     ，
2025-05-02 21:13:50,847 ChatBI->     INFO     也没有
2025-05-02 21:13:50,864 ChatBI->     INFO     个人
2025-05-02 21:13:50,881 ChatBI->     INFO     经历
2025-05-02 21:13:50,899 ChatBI->     INFO     或
2025-05-02 21:13:50,918 ChatBI->     INFO     情感
2025-05-02 21:13:50,942 ChatBI->     INFO     。
2025-05-02 21:13:50,951 ChatBI->     INFO     我
2025-05-02 21:13:50,968 ChatBI->     INFO     存在的
2025-05-02 21:13:50,985 ChatBI->     INFO     目的是
2025-05-02 21:13:51,003 ChatBI->     INFO     为了
2025-05-02 21:13:51,020 ChatBI->     INFO     帮助
2025-05-02 21:13:51,037 ChatBI->     INFO     用户
2025-05-02 21:13:51,056 ChatBI->     INFO     ，
2025-05-02 21:13:51,073 ChatBI->     INFO     提供
2025-05-02 21:13:51,089 ChatBI->     INFO     信息
2025-05-02 21:13:51,107 ChatBI->     INFO     和支持
2025-05-02 21:13:51,124 ChatBI->     INFO     。
2025-05-02 21:13:51,142 ChatBI->     INFO     如果你
2025-05-02 21:13:51,160 ChatBI->     INFO     有任何
2025-05-02 21:13:51,177 ChatBI->     INFO     问题
2025-05-02 21:13:51,194 ChatBI->     INFO     或
2025-05-02 21:13:51,212 ChatBI->     INFO     需要
2025-05-02 21:13:51,240 ChatBI->     INFO     帮助
2025-05-02 21:13:51,250 ChatBI->     INFO     ，
2025-05-02 21:13:51,264 ChatBI->     INFO     都可以
2025-05-02 21:13:51,283 ChatBI->     INFO     随时
2025-05-02 21:13:51,299 ChatBI->     INFO     告诉我
2025-05-02 21:13:51,317 ChatBI->     INFO     ！
2025-05-02 21:13:51,334 ChatBI->     INFO     
