2025-05-02 21:16:44,899 ChatBI->     INFO     开始
2025-05-02 21:16:44,981 ChatBI->     INFO     
2025-05-02 21:16:44,982 ChatBI->     INFO     你好
2025-05-02 21:16:44,994 ChatBI->     INFO     ！
2025-05-02 21:16:45,010 ChatBI->     INFO     我
2025-05-02 21:16:45,026 ChatBI->     INFO     叫
2025-05-02 21:16:45,045 ChatBI->     INFO     Q
2025-05-02 21:16:45,063 ChatBI->     INFO     wen
2025-05-02 21:16:45,080 ChatBI->     INFO     ，
2025-05-02 21:16:45,097 ChatBI->     INFO     是由
2025-05-02 21:16:45,115 ChatBI->     INFO     阿里
2025-05-02 21:16:45,133 ChatBI->     INFO     云
2025-05-02 21:16:45,150 ChatBI->     INFO     开发
2025-05-02 21:16:45,166 ChatBI->     INFO     的
2025-05-02 21:16:45,184 ChatBI->     INFO     预
2025-05-02 21:16:45,203 ChatBI->     INFO     训练
2025-05-02 21:16:45,219 ChatBI->     INFO     语言
2025-05-02 21:16:45,240 ChatBI->     INFO     模型
2025-05-02 21:16:45,259 ChatBI->     INFO     。
2025-05-02 21:16:45,272 ChatBI->     INFO     我的
2025-05-02 21:16:45,289 ChatBI->     INFO     主要
2025-05-02 21:16:45,304 ChatBI->     INFO     功能
2025-05-02 21:16:45,327 ChatBI->     INFO     是
2025-05-02 21:16:45,343 ChatBI->     INFO     生成
2025-05-02 21:16:45,359 ChatBI->     INFO     与
2025-05-02 21:16:45,373 ChatBI->     INFO     给
2025-05-02 21:16:45,393 ChatBI->     INFO     定
2025-05-02 21:16:45,409 ChatBI->     INFO     词语
2025-05-02 21:16:45,427 ChatBI->     INFO     相关的
2025-05-02 21:16:45,442 ChatBI->     INFO     文本
2025-05-02 21:16:45,460 ChatBI->     INFO     ，
2025-05-02 21:16:45,477 ChatBI->     INFO     进行
2025-05-02 21:16:45,494 ChatBI->     INFO     语言
2025-05-02 21:16:45,512 ChatBI->     INFO     翻译
2025-05-02 21:16:45,529 ChatBI->     INFO     ，
2025-05-02 21:16:45,546 ChatBI->     INFO     提供
2025-05-02 21:16:45,563 ChatBI->     INFO     信息
2025-05-02 21:16:45,581 ChatBI->     INFO     查询
2025-05-02 21:16:45,599 ChatBI->     INFO     ，
2025-05-02 21:16:45,616 ChatBI->     INFO     以及
2025-05-02 21:16:45,634 ChatBI->     INFO     与
2025-05-02 21:16:45,651 ChatBI->     INFO     用户
2025-05-02 21:16:45,667 ChatBI->     INFO     进行
2025-05-02 21:16:45,684 ChatBI->     INFO     多
2025-05-02 21:16:45,703 ChatBI->     INFO     轮
2025-05-02 21:16:45,721 ChatBI->     INFO     对话
2025-05-02 21:16:45,738 ChatBI->     INFO     等
2025-05-02 21:16:45,758 ChatBI->     INFO     。
2025-05-02 21:16:45,772 ChatBI->     INFO     我
2025-05-02 21:16:45,789 ChatBI->     INFO     被
2025-05-02 21:16:45,807 ChatBI->     INFO     设计
2025-05-02 21:16:45,824 ChatBI->     INFO     成
2025-05-02 21:16:45,839 ChatBI->     INFO     能够
2025-05-02 21:16:45,859 ChatBI->     INFO     理解
2025-05-02 21:16:45,878 ChatBI->     INFO     自然
2025-05-02 21:16:45,892 ChatBI->     INFO     语言
2025-05-02 21:16:45,909 ChatBI->     INFO     ，并
2025-05-02 21:16:45,927 ChatBI->     INFO     尽可能
2025-05-02 21:16:45,944 ChatBI->     INFO     准确
2025-05-02 21:16:45,961 ChatBI->     INFO     和
2025-05-02 21:16:45,980 ChatBI->     INFO     有
2025-05-02 21:16:45,996 ChatBI->     INFO     帮助
2025-05-02 21:16:46,014 ChatBI->     INFO     地
2025-05-02 21:16:46,031 ChatBI->     INFO     回应
2025-05-02 21:16:46,049 ChatBI->     INFO     用户
2025-05-02 21:16:46,065 ChatBI->     INFO     的问题
2025-05-02 21:16:46,085 ChatBI->     INFO     或
2025-05-02 21:16:46,106 ChatBI->     INFO     请求
2025-05-02 21:16:46,118 ChatBI->     INFO     。
2025-05-02 21:16:46,137 ChatBI->     INFO     虽然
2025-05-02 21:16:46,155 ChatBI->     INFO     我
2025-05-02 21:16:46,171 ChatBI->     INFO     拥有
2025-05-02 21:16:46,188 ChatBI->     INFO     大量的
2025-05-02 21:16:46,204 ChatBI->     INFO     知识
2025-05-02 21:16:46,223 ChatBI->     INFO     和
2025-05-02 21:16:46,241 ChatBI->     INFO     信息
2025-05-02 21:16:46,255 ChatBI->     INFO     ，
2025-05-02 21:16:46,273 ChatBI->     INFO     但我
2025-05-02 21:16:46,292 ChatBI->     INFO     并不是
2025-05-02 21:16:46,308 ChatBI->     INFO     真正的
2025-05-02 21:16:46,326 ChatBI->     INFO     个人
2025-05-02 21:16:46,342 ChatBI->     INFO     ，
2025-05-02 21:16:46,359 ChatBI->     INFO     也没有
2025-05-02 21:16:46,376 ChatBI->     INFO     个人
2025-05-02 21:16:46,394 ChatBI->     INFO     经历
2025-05-02 21:16:46,421 ChatBI->     INFO     或
2025-05-02 21:16:46,429 ChatBI->     INFO     情感
2025-05-02 21:16:46,446 ChatBI->     INFO     。
2025-05-02 21:16:46,463 ChatBI->     INFO     我
2025-05-02 21:16:46,481 ChatBI->     INFO     存在的
2025-05-02 21:16:46,497 ChatBI->     INFO     目的是
2025-05-02 21:16:46,515 ChatBI->     INFO     为了
2025-05-02 21:16:46,532 ChatBI->     INFO     帮助
2025-05-02 21:16:46,549 ChatBI->     INFO     用户
2025-05-02 21:16:46,567 ChatBI->     INFO     ，
2025-05-02 21:16:46,585 ChatBI->     INFO     提供
2025-05-02 21:16:46,601 ChatBI->     INFO     信息
2025-05-02 21:16:46,622 ChatBI->     INFO     和支持
2025-05-02 21:16:46,636 ChatBI->     INFO     。
2025-05-02 21:16:46,653 ChatBI->     INFO     如果你
2025-05-02 21:16:46,672 ChatBI->     INFO     有任何
2025-05-02 21:16:46,689 ChatBI->     INFO     问题
2025-05-02 21:16:46,709 ChatBI->     INFO     或
2025-05-02 21:16:46,725 ChatBI->     INFO     需要
2025-05-02 21:16:46,741 ChatBI->     INFO     帮助
2025-05-02 21:16:46,757 ChatBI->     INFO     ，
2025-05-02 21:16:46,776 ChatBI->     INFO     都可以
2025-05-02 21:16:46,793 ChatBI->     INFO     随时
2025-05-02 21:16:46,809 ChatBI->     INFO     告诉我
2025-05-02 21:16:46,828 ChatBI->     INFO     ！
2025-05-02 21:16:46,845 ChatBI->     INFO     
