2025-05-02 12:58:47,099 ChatBI->     INFO     query: 2024年8月份的工单内容中抽取出拖欠农民工工资的企业有哪些
2025-05-02 12:58:48,071 ChatBI->     INFO     schema linking: {'target_columns': ['案件描述/内容描述'], 'condition_columns': {'发现时间': '2024-08', '案件描述/内容描述': '拖欠农民工工资'}}
2025-05-02 12:58:48,355 ChatBI->     INFO     任务类型: 内容抽取
2025-05-02 12:58:49,886 ChatBI->     INFO     过滤表达式：  ('2024-08-01 00:00:00' < Discovery_Time < '2024-08-31 23:59:59') ; 查询问题： 拖欠农民工工资
2025-05-02 12:58:49,888 ChatBI->     INFO     开始对非结构化文档【粗略】检索
2025-05-02 12:58:50,270 ChatBI->     INFO     检索到的文档总数量为：441
2025-05-02 12:58:50,283 ChatBI->     INFO     开始对非结构化文档【深度】检索
2025-05-02 12:58:50,616 ChatBI->     INFO     层级抽取文档： 市民来电反映:2023年7月12日-11月上述小区翻新，市民是搭建脚手架的，市民称四建集团拖欠10万元左右的工资，拖欠人数：30人左右，现诉求：望管理部门为其追讨农民工工资。（需回复） ==> yes  
2025-05-02 12:58:50,616 ChatBI->     INFO     层级抽取文档： 市民来电反映:上述小学暑期翻新改建，7月28日-812日在上述地址的工作，做木工的，没有劳动合同，被拖欠工资，金额：1万元左右，人数：9人，总金额：2万多元。诉求：请管理部门核实并帮助催讨工资。 ==> yes  
2025-05-02 12:58:50,616 ChatBI->     INFO     层级抽取文档： 市民来电反映:其之前在上述地址企业工作，现在还有3500元工资没有拿到，市民告知没有签订过劳动合同，之前企业告知一年后发放，结果现在市民索要企业依旧不给。诉求：请管理部门核实并帮助讨薪。 ==> yes  
2025-05-02 12:58:50,616 ChatBI->     INFO     层级抽取文档： 市民来电反映:于2024年8月入职上述地址，虹口区天潼路133号17楼，“鼎信金服（市民称此为企业全称）”，信贷类公司，任职：销售，未签定劳动合同。于8月23日离职，被拖欠工资（金额不详），市民姓名：雷先生（全名拒绝告知），联系电话：18272173825。诉求：望管理部门核实，要求协助讨要被欠工资，另要求告知未签定劳动合同是否合规。（需回复） ==> no  
2025-05-02 12:58:50,617 ChatBI->     INFO     层级抽取文档： 市民来电反映:8月21日向居委书记反馈门卫问题，书记要求市民去居委去谈，市民表示不需要，就在门卫间谈，因为有很多小区居民，可以一起说，后续居委书记说还要报警，市民也拨打过几次公安，街道也处理过，但是居委都没有发放工资给保安，故投诉居委乱作为。诉求：请管理部门核实介入处理主任乱作为。（市民要求信息保密 需回复） ==> no  
2025-05-02 12:58:50,617 ChatBI->     INFO     层级抽取文档： 【重新交办，要求：答复要点与实际情况不符，市民表示该路段依旧每天6:00多开始施工，挖掘机严重扰民休息，并未做到7:00后开工，市民认为管理部门无效监管。噪音扰民现象由管理部门责令改正后合法施工应该符合第四十一条和第四十二条。诉求：要求7:30前停止噪音施工且设置噪音检测仪器监控噪，并要求管理部门而非项目经理予以答复市民。(市民要求信息保密，需要回复)。最近办结的工单编号：20240809003177，工单内容：重新交办，要求：答复要点与实际情况不符，玉田支路修路扰民问题未解决，早上6：00多开始严重扰民。前两次协商同意延迟至7:30后开工，没好几天均出尔反尔，且多次深夜24:00后施工，无夜间特殊施工许可证。诉求：要求后续19：30前停止噪音施工并设置噪音检测仪器监控噪音扰民现象。】 ==> no  
2025-05-02 12:58:50,617 ChatBI->     INFO     层级抽取文档： 市民来电反映:上述地址工地，市民表示晚上一直在施工严重噪音扰民，已经持续好几天了。诉求：望管理部门核实尽快让其停止夜间施工。（需回复） ==> no  
2025-05-02 12:58:50,617 ChatBI->     INFO     层级抽取文档： 市民来电反映:上述小区外面半夜3:00还在施工，好像是水处理工程，噪音扰民，影响居民休息，诉求：请管理部门核实停止夜间施工。（市民要求信息保密 需回复）
 ==> no  
2025-05-02 12:58:50,618 ChatBI->     INFO     层级抽取文档： 市民来电反映:8月31日1:00多中山北一路189弄附近在施工，噪音扰民，诉求：要求核实在做什么工程，是否有夜间施工证，若没有希望查处。（市民要求信息保密 需回复） ==> no  
2025-05-02 12:58:50,618 ChatBI->     INFO     层级抽取文档： 市民来电反映:8月11日上述地址道路施工至凌晨3:00,8月12日凌晨0:35分还在施工，产生的噪音影响周边居民正常休息，诉求：投诉该处道路夜间施工噪音扰民。（市民要求信息保密 无需回复） ==> no  
2025-05-02 12:58:50,618 ChatBI->     INFO     阈值索引为：60, 窗口大小为: 40 
2025-05-02 12:58:50,618 ChatBI->     INFO     确定的文档: 21; 在次确认的文档: 79
2025-05-02 12:58:53,006 ChatBI->     INFO     从79个需再次确认的文档中筛选出的相关文档数量：30
2025-05-02 12:58:53,006 ChatBI->     INFO     示例文档：['【是否签订劳动合同:已签订劳动合同,实际劳动地址:虹口区凉城路61号叮咚买菜,发生时间:2024-08-1317：56：00,欠薪人数:1,欠薪金额:2500,单位名称:叮咚买菜虹口区广中店,单位地址:虹口区~虹口区凉城路61号叮咚买菜】上班离职之后门店前负责人也离职，现负责人不肯提交之前上班考勤导致财务无法正常发放工资，沟通多次之后新的门店负责人依然不肯向公司财务提交考勤记录，让和已离职的前负责人沟通，我们是给公司工作，公司管理层离职交接出现问题是公司内部的事，不应该让我们去为公司内部错误买单，并且我又不是给前店长打工，不能因为负责人离职就不给发工资了', '市民反映：【是否签订劳动合同:未签订劳动合同,实际劳动地址:曲阳路851弄8号2102,发生时间:2024/08/22 08:00:00,欠薪人数:1,欠薪金额:600,工程项目名称:,单位地址:本市~null】其是做木地板安装的，当时安转完了找对方结钱，他说等晚点过去看一下就给，其就回家了。晚上问他，他说手机限额了明天给。第二天又联系他，他又说晚一点给，今天8月25日又打电话给他，他又说下午给，现在晚上19:00了，电话也打不通了。这是他的电话13248281800。诉求：请管理部门核实帮助讨薪。', '市民反映：【是否签订劳动合同:已签订劳动合同,实际劳动地址:奎照路840号,发生时间:2024/08/20 16:13:00,欠薪人数:1,欠薪金额:5300,工程项目名称:,单位地址:虹口区~奎照路840号】其8月14日递交辞职报告，上述地址单位以未交接工作为由克扣其7月工资。诉求：希望管理部门协助讨薪。', '【是否签订劳动合同:未签订劳动合同,实际劳动地址:虹口区四川北路街道17街坊,发生时间:2022/08/0110:01:00,欠薪人数:50,欠薪金额:1700000,工程项目名称:虹口区四川北路街十七街坊地块项目,单位地址:虹口区~海宁路四川北路交叉口】事发时间：2022年8月事发地址：虹口区四川北路街道17街坊（海宁路四川北路交叉口）事发经过：2022年8月，由上海虹房建筑工程有限公司刁老板安排我们到虹口区四川北路街道17街坊（海宁路四川北路交叉口）做石库门保护性加固卸解施工主要诉求：项目已经完工两年多，上海虹房建筑工程有限公司目前没有付我一分钱，后续付款时间也没有下文希望政府部门介入处理此事。', '【是否签订劳动合同:未签订劳动合同,实际劳动地址:虹口区，时装商厦三楼陕西疯狂凉皮店,发生时间:2024/08/0320:43:00,欠薪人数:1,欠薪金额:还未结算,单位名称:陕西疯狂凉皮店,单位地址:虹口区~虹口区，时装商厦，三楼，陕西疯狂凉皮店】故意拖欠工资，发信息不回，打电话不接']
2025-05-02 12:58:53,436 ChatBI->     INFO     抽取的关键词列表为：['拖欠农民工工资的企业']
2025-05-02 12:58:53,436 ChatBI->     INFO     关键词json输出格式 --> {"拖欠农民工工资的企业": "<抽取拖欠农民工工资的企业信息>"}
