2025-05-01 21:39:58,541 ChatBI->     INFO     query: 2024年8月份的工单中被投诉拖欠农民工工资或欠薪的企业有哪些
2025-05-01 21:39:59,668 ChatBI->     INFO     schema linking: {'target_columns': ['案件描述/内容描述', '主责部门'], 'condition_columns': {'发现时间': '2024-08', '案件描述/内容描述': '拖欠农民工工资或欠薪'}}
2025-05-01 21:39:59,948 ChatBI->     INFO     任务类型: 内容抽取
2025-05-01 21:40:01,478 ChatBI->     INFO     过滤表达式：  ('2024-08-01 00:00:00' < Discovery_Time < '2024-08-31 23:59:59') ; 查询问题： 拖欠农民工工资或欠薪
2025-05-01 21:40:01,480 ChatBI->     INFO     开始对非结构化文档【粗略】检索
2025-05-01 21:40:03,396 ChatBI->     INFO     开始对非结构化文档【深度】检索
2025-05-01 21:40:03,567 ChatBI->     INFO     层级抽取文档： 市民来电反映:2023年7月12日-11月上述小区翻新，市民是搭建脚手架的，市民称四建集团拖欠10万元左右的工资，拖欠人数：30人左右，现诉求：望管理部门为其追讨农民工工资。（需回复） ==> yes  
2025-05-01 21:40:03,567 ChatBI->     INFO     层级抽取文档： 市民来电反映:24年6月在上述地址工作做配送，是住店员工，但是是第三方顺丰发钱的，但是没有任何地址也没有签署过劳动合同，目前拖欠其1人工资，金额7190多元，其租房房贷孩子上学都要用钱。诉求：希望管理部门帮助讨要工资。 ==> yes  
2025-05-01 21:40:03,567 ChatBI->     INFO     层级抽取文档： 市民来电反映:上述地址2022年9-10月干活，没有劳动合同。拖欠工资没有发放，大概3万左右，5个人，要求发放工资。 ==> yes  
2025-05-01 21:40:03,567 ChatBI->     INFO     层级抽取文档： 【是否签订劳动合同:未签订劳动合同,实际劳动地址:虹口区，时装商厦三楼陕西疯狂凉皮店,发生时间:2024/08/0320:43:00,欠薪人数:1,欠薪金额:还未结算,单位名称:陕西疯狂凉皮店,单位地址:虹口区~虹口区，时装商厦，三楼，陕西疯狂凉皮店】故意拖欠工资，发信息不回，打电话不接 ==> yes  
2025-05-01 21:40:03,568 ChatBI->     INFO     层级抽取文档： 市民来电反映:其孩子姓名:伍同乐，在上述公司工作了1个月，时间：7月15日至8月15日，单位只付了半个月工资，拖欠工资金额：2500元，没有签订合同，诉求：要求支付拖欠工资。 ==> yes  
2025-05-01 21:40:03,568 ChatBI->     INFO     层级抽取文档： 市民来电反映:市民是外省市来电，在公司干活，但是2024年8月12号在工地上干活的时候双脚突然无法动弹了，去医院看过了，但是医院说需要住院，但是市民没钱了，希望有关部门可以给予救助。（需要回复） ==> no  
2025-05-01 21:40:03,568 ChatBI->     INFO     层级抽取文档： 市民来电反映:市民反映保安工作态度问题，市民告知是一对夫妻（没有姓名工号），态度恶劣骂业主，诉求：希望管理部门尽快核实予以合理解决方案。 ==> no  
2025-05-01 21:40:03,568 ChatBI->     INFO     层级抽取文档： 市民来电咨询:张月琴630104194907171542，上述为户籍地址，没有收到知青人员困难补贴，请核实原因。 ==> no  
2025-05-01 21:40:03,568 ChatBI->     INFO     层级抽取文档： 市民反映：三门路路面坑洼，不平整，影响市民通行，施工后处理不当，导致道路扬尘。诉求：希望施工方整改。（市民要求信息保密，需要回复）
 ==> no  
2025-05-01 21:40:03,568 ChatBI->     INFO     层级抽取文档： 市民来电咨询:老人名字：林美银，身份证：330227194702211626，1961年响应政府号召向宁波支内，原户籍在虹口，现在回到上海，为农保。诉求：请核实该老人是否可以办理支内的补贴。（需回复）  ==> no  
2025-05-01 21:40:03,569 ChatBI->     INFO     阈值索引为：100, 窗口大小为: 40 
2025-05-01 21:40:03,569 ChatBI->     INFO     确定的文档: 60; 在次确认的文档: 80
2025-05-01 21:40:04,504 ChatBI->     INFO     从80个需再次确认的文档中筛选出的相关文档数量：16
2025-05-01 21:40:04,505 ChatBI->     INFO     示例文档：['市民来电反映:市民在上海绿奔建筑工程有限公司干活(公司地址不清楚)，负责给上述小区加装电梯，没有劳动合同，目前被拖欠了工资。（拖欠金额：20万元左右，拖欠人数：10多个人，市民个人金额：4万多元。）诉求：希望管理部门尽快协助市民追讨工资。（需要回复）', '市民来电反映: 其在上述公司做吧台咖啡师工作，目前被拖欠2024年6月-7月份的工资（拖欠金额:8000元左右；拖欠人数：1人；没有签署过劳动合同）之前有向公司负责人讨要工资，但一直没有得到任何回复。诉求：要求管理部门协助其讨要工资。  ', '市民来电反映:其于2023年3月-4月在上述公司任职，该公司拖欠市民两个月的工资至今未发，同时未给予劳动合同。诉求：请管理部门核实并协助追讨拖欠工资及补给劳动合同。', '市民来电反映:24年6月在上述地址工作做配送，是住店员工，但是是第三方顺丰发钱的，但是没有任何地址也没有签署过劳动合同，目前拖欠其1人工资，金额7190多元，其租房房贷孩子上学都要用钱。诉求：希望管理部门帮助讨要工资。', '市民反映：【是否签订劳动合同:未签订劳动合同,实际劳动地址:盛邦大厦5楼705（电话:17701722779,发生时间:2024/07/01 09:00:00,欠薪人数:1,欠薪金额:22106.28元,工程项目名称:,单位地址:宝山区~上海市宝山区市一路199号1-4楼】与上海柴盛工业科技有限公司代表赵雯婷约定（联系电话:17701722779），每月8000元加五险一金的薪资，2024年7月1日入职该公司，至8月2日中午办完交接在该司要求下离职（详见附件）。之后多次讨要，该司以各种借口不合理规定拖欠工资，实际员工只有两人：徐兰军、赵雯婷。离职后仅给8月份的1.5天不合理工资。7月份工资未结纳，帮助要回7月份工资，到手8000元加五险一金3053.14，合计11053.14元。从入职该司7月1日至8月2日中午，已超过一个月未签订劳动合同。根据劳动法的规定，如果用人单位自用工之日起超过一个月不满一年未与劳动者订立书面劳动合同，应当向劳动者每月支付二倍的工资，要求经济补偿金11053.14元 。诉求：帮助追讨工资11053.14元加经济补偿金11053.14元，合计22106.28元。']
