2025-05-02 23:50:12,092 ChatBI->     INFO     schema linking: {'target_columns': ['案件描述/内容描述'], 'condition_columns': {'发现时间': '近1年', '案件描述/内容描述': '拖欠农民工工资'}}
2025-05-02 23:50:12,495 ChatBI->     INFO     
2025-05-02 23:50:12,605 ChatBI->     INFO     你
2025-05-02 23:50:12,713 ChatBI->     INFO     希望
2025-05-02 23:50:12,818 ChatBI->     INFO     抽取
2025-05-02 23:50:12,925 ChatBI->     INFO     近
2025-05-02 23:50:13,046 ChatBI->     INFO     1
2025-05-02 23:50:13,152 ChatBI->     INFO     年
2025-05-02 23:50:13,260 ChatBI->     INFO     拖欠
2025-05-02 23:50:13,367 ChatBI->     INFO     农民工
2025-05-02 23:50:13,476 ChatBI->     INFO     工资
2025-05-02 23:50:13,583 ChatBI->     INFO     的企业
2025-05-02 23:50:13,704 ChatBI->     INFO     名称
2025-05-02 23:50:13,811 ChatBI->     INFO     ，
2025-05-02 23:50:13,919 ChatBI->     INFO     这是一个
2025-05-02 23:50:14,028 ChatBI->     INFO     筛选
2025-05-02 23:50:14,136 ChatBI->     INFO     和
2025-05-02 23:50:14,245 ChatBI->     INFO     提取
2025-05-02 23:50:14,352 ChatBI->     INFO     特定
2025-05-02 23:50:14,461 ChatBI->     INFO     信息
2025-05-02 23:50:14,568 ChatBI->     INFO     的问题
2025-05-02 23:50:14,679 ChatBI->     INFO     。
2025-05-02 23:50:14,786 ChatBI->     INFO     需要
2025-05-02 23:50:14,895 ChatBI->     INFO     将
2025-05-02 23:50:15,018 ChatBI->     INFO     时间
2025-05-02 23:50:15,142 ChatBI->     INFO     设
2025-05-02 23:50:15,247 ChatBI->     INFO     为
2025-05-02 23:50:15,356 ChatBI->     INFO     维度
2025-05-02 23:50:15,465 ChatBI->     INFO     字段
2025-05-02 23:50:15,573 ChatBI->     INFO     ，并
2025-05-02 23:50:15,681 ChatBI->     INFO     限定
2025-05-02 23:50:15,789 ChatBI->     INFO     时间为
2025-05-02 23:50:15,898 ChatBI->     INFO     近
2025-05-02 23:50:16,005 ChatBI->     INFO     1
2025-05-02 23:50:16,112 ChatBI->     INFO     年
2025-05-02 23:50:16,235 ChatBI->     INFO     ；
2025-05-02 23:50:16,343 ChatBI->     INFO     同时
2025-05-02 23:50:16,449 ChatBI->     INFO     将
2025-05-02 23:50:16,557 ChatBI->     INFO     涉及
2025-05-02 23:50:16,665 ChatBI->     INFO     企业
2025-05-02 23:50:16,773 ChatBI->     INFO     名称
2025-05-02 23:50:16,882 ChatBI->     INFO     的
2025-05-02 23:50:16,989 ChatBI->     INFO     字段
2025-05-02 23:50:17,096 ChatBI->     INFO     设
2025-05-02 23:50:17,218 ChatBI->     INFO     为
2025-05-02 23:50:17,327 ChatBI->     INFO     维度
2025-05-02 23:50:17,434 ChatBI->     INFO     字段
2025-05-02 23:50:17,542 ChatBI->     INFO     ，
2025-05-02 23:50:17,651 ChatBI->     INFO     以
2025-05-02 23:50:17,760 ChatBI->     INFO     提取
2025-05-02 23:50:17,870 ChatBI->     INFO     企业
2025-05-02 23:50:17,979 ChatBI->     INFO     名称
2025-05-02 23:50:18,086 ChatBI->     INFO     。
2025-05-02 23:50:18,194 ChatBI->     INFO     具体
2025-05-02 23:50:18,300 ChatBI->     INFO     步骤
2025-05-02 23:50:18,424 ChatBI->     INFO     如下
2025-05-02 23:50:18,547 ChatBI->     INFO     ：


2025-05-02 23:50:18,659 ChatBI->     INFO     1
2025-05-02 23:50:18,770 ChatBI->     INFO     .
2025-05-02 23:50:18,877 ChatBI->     INFO      **
2025-05-02 23:50:19,000 ChatBI->     INFO     时间
2025-05-02 23:50:19,108 ChatBI->     INFO     范围
2025-05-02 23:50:19,217 ChatBI->     INFO     **
2025-05-02 23:50:19,329 ChatBI->     INFO     ：
2025-05-02 23:50:19,433 ChatBI->     INFO     限定
2025-05-02 23:50:19,540 ChatBI->     INFO     时间为
2025-05-02 23:50:19,651 ChatBI->     INFO     近
2025-05-02 23:50:19,759 ChatBI->     INFO     1
2025-05-02 23:50:19,868 ChatBI->     INFO     年
2025-05-02 23:50:19,980 ChatBI->     INFO     ，
2025-05-02 23:50:20,085 ChatBI->     INFO     即
2025-05-02 23:50:20,194 ChatBI->     INFO     从
2025-05-02 23:50:20,303 ChatBI->     INFO     当前
2025-05-02 23:50:20,412 ChatBI->     INFO     时间
2025-05-02 23:50:20,535 ChatBI->     INFO     往前
2025-05-02 23:50:20,645 ChatBI->     INFO     推
2025-05-02 23:50:20,770 ChatBI->     INFO     1
2025-05-02 23:50:20,877 ChatBI->     INFO     年
2025-05-02 23:50:21,001 ChatBI->     INFO     。

2025-05-02 23:50:21,109 ChatBI->     INFO     2
2025-05-02 23:50:21,217 ChatBI->     INFO     .
2025-05-02 23:50:21,335 ChatBI->     INFO      **
2025-05-02 23:50:21,453 ChatBI->     INFO     维度
2025-05-02 23:50:21,560 ChatBI->     INFO     字段
2025-05-02 23:50:21,669 ChatBI->     INFO     **
2025-05-02 23:50:21,777 ChatBI->     INFO     ：
2025-05-02 23:50:21,885 ChatBI->     INFO     提取
2025-05-02 23:50:21,995 ChatBI->     INFO     涉及
2025-05-02 23:50:22,103 ChatBI->     INFO     企业
2025-05-02 23:50:22,211 ChatBI->     INFO     名称
2025-05-02 23:50:22,320 ChatBI->     INFO     的
2025-05-02 23:50:22,430 ChatBI->     INFO     字段
2025-05-02 23:50:22,539 ChatBI->     INFO     ，
2025-05-02 23:50:22,660 ChatBI->     INFO     通常
2025-05-02 23:50:22,773 ChatBI->     INFO     在
2025-05-02 23:50:22,880 ChatBI->     INFO     工
2025-05-02 23:50:22,989 ChatBI->     INFO     单
2025-05-02 23:50:23,098 ChatBI->     INFO     描述
2025-05-02 23:50:23,221 ChatBI->     INFO     或
2025-05-02 23:50:23,330 ChatBI->     INFO     事项
2025-05-02 23:50:23,454 ChatBI->     INFO     名称
2025-05-02 23:50:23,561 ChatBI->     INFO     中
2025-05-02 23:50:23,669 ChatBI->     INFO     可能
2025-05-02 23:50:23,778 ChatBI->     INFO     包含
2025-05-02 23:50:23,888 ChatBI->     INFO     企业
2025-05-02 23:50:23,996 ChatBI->     INFO     名称
2025-05-02 23:50:24,104 ChatBI->     INFO     。

2025-05-02 23:50:24,215 ChatBI->     INFO     3
2025-05-02 23:50:24,323 ChatBI->     INFO     .
2025-05-02 23:50:24,431 ChatBI->     INFO      **
2025-05-02 23:50:24,539 ChatBI->     INFO     条件
2025-05-02 23:50:24,647 ChatBI->     INFO     字段
2025-05-02 23:50:24,756 ChatBI->     INFO     **
2025-05-02 23:50:24,879 ChatBI->     INFO     ：
2025-05-02 23:50:25,000 ChatBI->     INFO     筛选
2025-05-02 23:50:25,110 ChatBI->     INFO     出
2025-05-02 23:50:25,219 ChatBI->     INFO     事项
2025-05-02 23:50:25,329 ChatBI->     INFO     名称
2025-05-02 23:50:25,437 ChatBI->     INFO     或
2025-05-02 23:50:25,544 ChatBI->     INFO     案件
2025-05-02 23:50:25,653 ChatBI->     INFO     描述
2025-05-02 23:50:25,761 ChatBI->     INFO     中
2025-05-02 23:50:25,869 ChatBI->     INFO     包含
2025-05-02 23:50:25,980 ChatBI->     INFO     “
2025-05-02 23:50:26,086 ChatBI->     INFO     拖欠
2025-05-02 23:50:26,196 ChatBI->     INFO     农民工
2025-05-02 23:50:26,305 ChatBI->     INFO     工资
2025-05-02 23:50:26,416 ChatBI->     INFO     ”的
2025-05-02 23:50:26,521 ChatBI->     INFO     工
2025-05-02 23:50:26,629 ChatBI->     INFO     单
2025-05-02 23:50:26,737 ChatBI->     INFO     。


2025-05-02 23:50:26,860 ChatBI->     INFO     ###
2025-05-02 23:50:26,969 ChatBI->     INFO      输出
2025-05-02 23:50:27,075 ChatBI->     INFO     字段
2025-05-02 23:50:27,186 ChatBI->     INFO     说明
2025-05-02 23:50:27,294 ChatBI->     INFO     

2025-05-02 23:50:27,403 ChatBI->     INFO     -
2025-05-02 23:50:27,511 ChatBI->     INFO      **
2025-05-02 23:50:27,622 ChatBI->     INFO     案件
2025-05-02 23:50:27,731 ChatBI->     INFO     描述
2025-05-02 23:50:27,840 ChatBI->     INFO     /
2025-05-02 23:50:27,947 ChatBI->     INFO     内容
2025-05-02 23:50:28,054 ChatBI->     INFO     描述
2025-05-02 23:50:28,165 ChatBI->     INFO     **
2025-05-02 23:50:28,272 ChatBI->     INFO     ：
2025-05-02 23:50:28,381 ChatBI->     INFO     可能
2025-05-02 23:50:28,489 ChatBI->     INFO     包含
2025-05-02 23:50:28,596 ChatBI->     INFO     详细的
2025-05-02 23:50:28,721 ChatBI->     INFO     事件
2025-05-02 23:50:28,846 ChatBI->     INFO     描述
2025-05-02 23:50:28,972 ChatBI->     INFO     ，
2025-05-02 23:50:29,096 ChatBI->     INFO     从中
2025-05-02 23:50:29,220 ChatBI->     INFO     提取
2025-05-02 23:50:29,314 ChatBI->     INFO     企业
2025-05-02 23:50:29,423 ChatBI->     INFO     名称
2025-05-02 23:50:29,532 ChatBI->     INFO     。

2025-05-02 23:50:29,640 ChatBI->     INFO     -
2025-05-02 23:50:29,749 ChatBI->     INFO      **
2025-05-02 23:50:29,857 ChatBI->     INFO     事项
2025-05-02 23:50:29,966 ChatBI->     INFO     名称
2025-05-02 23:50:30,076 ChatBI->     INFO     **
2025-05-02 23:50:30,182 ChatBI->     INFO     ：
2025-05-02 23:50:30,290 ChatBI->     INFO     可能
2025-05-02 23:50:30,396 ChatBI->     INFO     直接
2025-05-02 23:50:30,505 ChatBI->     INFO     包含
2025-05-02 23:50:30,630 ChatBI->     INFO     企业
2025-05-02 23:50:30,739 ChatBI->     INFO     名称
2025-05-02 23:50:30,863 ChatBI->     INFO     或
2025-05-02 23:50:30,986 ChatBI->     INFO     相关
2025-05-02 23:50:31,111 ChatBI->     INFO     描述
2025-05-02 23:50:31,235 ChatBI->     INFO     。


2025-05-02 23:50:31,343 ChatBI->     INFO     ###
2025-05-02 23:50:31,453 ChatBI->     INFO     
2025-05-02 23:50:31,559 ChatBI->     INFO      条
2025-05-02 23:50:31,668 ChatBI->     INFO     件
2025-05-02 23:50:31,775 ChatBI->     INFO     字段
2025-05-02 23:50:31,884 ChatBI->     INFO     

2025-05-02 23:50:31,993 ChatBI->     INFO     -
2025-05-02 23:50:32,102 ChatBI->     INFO      **
2025-05-02 23:50:32,210 ChatBI->     INFO     事项
2025-05-02 23:50:32,319 ChatBI->     INFO     名称
2025-05-02 23:50:32,428 ChatBI->     INFO     **
2025-05-02 23:50:32,538 ChatBI->     INFO     ：
2025-05-02 23:50:32,647 ChatBI->     INFO     包含
2025-05-02 23:50:32,756 ChatBI->     INFO     “
2025-05-02 23:50:32,865 ChatBI->     INFO     拖欠
2025-05-02 23:50:32,975 ChatBI->     INFO     农民工
2025-05-02 23:50:33,085 ChatBI->     INFO     工资
2025-05-02 23:50:33,193 ChatBI->     INFO     ”的
2025-05-02 23:50:33,304 ChatBI->     INFO     工
2025-05-02 23:50:33,412 ChatBI->     INFO     单
2025-05-02 23:50:33,519 ChatBI->     INFO     。

2025-05-02 23:50:33,645 ChatBI->     INFO     -
2025-05-02 23:50:33,771 ChatBI->     INFO      **
2025-05-02 23:50:33,879 ChatBI->     INFO     案件
2025-05-02 23:50:33,989 ChatBI->     INFO     描述
2025-05-02 23:50:34,112 ChatBI->     INFO     /
2025-05-02 23:50:34,236 ChatBI->     INFO     内容
2025-05-02 23:50:34,344 ChatBI->     INFO     描述
2025-05-02 23:50:34,453 ChatBI->     INFO     **
2025-05-02 23:50:34,562 ChatBI->     INFO     ：
2025-05-02 23:50:34,671 ChatBI->     INFO     包含
2025-05-02 23:50:34,780 ChatBI->     INFO     “
2025-05-02 23:50:34,887 ChatBI->     INFO     拖欠
2025-05-02 23:50:34,996 ChatBI->     INFO     农民工
2025-05-02 23:50:35,104 ChatBI->     INFO     工资
2025-05-02 23:50:35,211 ChatBI->     INFO     ”的
2025-05-02 23:50:35,317 ChatBI->     INFO     工
2025-05-02 23:50:35,425 ChatBI->     INFO     单
2025-05-02 23:50:35,550 ChatBI->     INFO     。


2025-05-02 23:50:35,675 ChatBI->     INFO     ###
2025-05-02 23:50:35,784 ChatBI->     INFO      查询
2025-05-02 23:50:35,910 ChatBI->     INFO     字段
2025-05-02 23:50:36,032 ChatBI->     INFO     

2025-05-02 23:50:36,138 ChatBI->     INFO     -
2025-05-02 23:50:36,247 ChatBI->     INFO      **
2025-05-02 23:50:36,357 ChatBI->     INFO     案件
2025-05-02 23:50:36,465 ChatBI->     INFO     描述
2025-05-02 23:50:36,572 ChatBI->     INFO     /
2025-05-02 23:50:36,680 ChatBI->     INFO     内容
2025-05-02 23:50:36,789 ChatBI->     INFO     描述
2025-05-02 23:50:36,896 ChatBI->     INFO     **
2025-05-02 23:50:37,004 ChatBI->     INFO     ：
2025-05-02 23:50:37,128 ChatBI->     INFO     提取
2025-05-02 23:50:37,234 ChatBI->     INFO     企业
2025-05-02 23:50:37,344 ChatBI->     INFO     名称
2025-05-02 23:50:37,453 ChatBI->     INFO     。

2025-05-02 23:50:37,562 ChatBI->     INFO     -
2025-05-02 23:50:37,671 ChatBI->     INFO      **
2025-05-02 23:50:37,780 ChatBI->     INFO     事项
2025-05-02 23:50:37,888 ChatBI->     INFO     名称
2025-05-02 23:50:37,996 ChatBI->     INFO     **
2025-05-02 23:50:38,105 ChatBI->     INFO     ：
2025-05-02 23:50:38,213 ChatBI->     INFO     提取
2025-05-02 23:50:38,319 ChatBI->     INFO     企业
2025-05-02 23:50:38,427 ChatBI->     INFO     名称
2025-05-02 23:50:38,537 ChatBI->     INFO     。


2025-05-02 23:50:38,645 ChatBI->     INFO     ###
2025-05-02 23:50:38,753 ChatBI->     INFO      查询
2025-05-02 23:50:38,876 ChatBI->     INFO     条件
2025-05-02 23:50:38,982 ChatBI->     INFO     

2025-05-02 23:50:39,093 ChatBI->     INFO     -
2025-05-02 23:50:39,197 ChatBI->     INFO      **
2025-05-02 23:50:39,309 ChatBI->     INFO     发现
2025-05-02 23:50:39,417 ChatBI->     INFO     时间
2025-05-02 23:50:39,525 ChatBI->     INFO     **
2025-05-02 23:50:39,632 ChatBI->     INFO     ：
2025-05-02 23:50:39,742 ChatBI->     INFO     近
2025-05-02 23:50:39,848 ChatBI->     INFO     1
2025-05-02 23:50:39,959 ChatBI->     INFO     年
2025-05-02 23:50:40,068 ChatBI->     INFO     （
2025-05-02 23:50:40,189 ChatBI->     INFO     从
2025-05-02 23:50:40,296 ChatBI->     INFO     当前
2025-05-02 23:50:40,405 ChatBI->     INFO     时间
2025-05-02 23:50:40,514 ChatBI->     INFO     往前
2025-05-02 23:50:40,620 ChatBI->     INFO     推
2025-05-02 23:50:40,728 ChatBI->     INFO     1
2025-05-02 23:50:40,835 ChatBI->     INFO     年
2025-05-02 23:50:40,944 ChatBI->     INFO     ）
2025-05-02 23:50:41,055 ChatBI->     INFO     。


2025-05-02 23:50:41,175 ChatBI->     INFO     ###
2025-05-02 23:50:41,297 ChatBI->     INFO      查询
2025-05-02 23:50:41,407 ChatBI->     INFO     字段
2025-05-02 23:50:41,516 ChatBI->     INFO     名
2025-05-02 23:50:41,622 ChatBI->     INFO     和
2025-05-02 23:50:41,731 ChatBI->     INFO     字段
2025-05-02 23:50:41,840 ChatBI->     INFO     值
2025-05-02 23:50:41,947 ChatBI->     INFO     

2025-05-02 23:50:42,055 ChatBI->     INFO     -
2025-05-02 23:50:42,161 ChatBI->     INFO      **
2025-05-02 23:50:42,270 ChatBI->     INFO     案件
2025-05-02 23:50:42,379 ChatBI->     INFO     描述
2025-05-02 23:50:42,486 ChatBI->     INFO     /
2025-05-02 23:50:42,595 ChatBI->     INFO     内容
2025-05-02 23:50:42,702 ChatBI->     INFO     描述
2025-05-02 23:50:42,811 ChatBI->     INFO     **
2025-05-02 23:50:42,920 ChatBI->     INFO     ：
2025-05-02 23:50:43,030 ChatBI->     INFO     字段
2025-05-02 23:50:43,138 ChatBI->     INFO     值
2025-05-02 23:50:43,248 ChatBI->     INFO     为
2025-05-02 23:50:43,356 ChatBI->     INFO     包含
2025-05-02 23:50:43,461 ChatBI->     INFO     企业
2025-05-02 23:50:43,568 ChatBI->     INFO     名称
2025-05-02 23:50:43,677 ChatBI->     INFO     的
2025-05-02 23:50:43,784 ChatBI->     INFO     描述
2025-05-02 23:50:43,909 ChatBI->     INFO     。

2025-05-02 23:50:44,019 ChatBI->     INFO     -
2025-05-02 23:50:44,142 ChatBI->     INFO      **
2025-05-02 23:50:44,250 ChatBI->     INFO     事项
2025-05-02 23:50:44,358 ChatBI->     INFO     名称
2025-05-02 23:50:44,466 ChatBI->     INFO     **
2025-05-02 23:50:44,573 ChatBI->     INFO     ：
2025-05-02 23:50:44,682 ChatBI->     INFO     字段
2025-05-02 23:50:44,793 ChatBI->     INFO     值
2025-05-02 23:50:44,900 ChatBI->     INFO     为
2025-05-02 23:50:45,007 ChatBI->     INFO     包含
2025-05-02 23:50:45,116 ChatBI->     INFO     企业
2025-05-02 23:50:45,224 ChatBI->     INFO     名称
2025-05-02 23:50:45,335 ChatBI->     INFO     的
2025-05-02 23:50:45,443 ChatBI->     INFO     事项
2025-05-02 23:50:45,551 ChatBI->     INFO     名称
2025-05-02 23:50:45,662 ChatBI->     INFO     。


2025-05-02 23:50:45,769 ChatBI->     INFO     DONE
2025-05-02 23:50:45,894 ChatBI->     INFO     
2025-05-02 23:50:46,608 ChatBI->     INFO     任务类型: 内容抽取
2025-05-02 23:50:48,189 ChatBI->     INFO     过滤表达式：  ('2024-05-02 23:50:46' < Discovery_Time < '2025-05-02 23:50:46') ; 查询问题： 拖欠农民工工资
2025-05-02 23:50:48,191 ChatBI->     INFO     开始对非结构化文档【粗略】检索
2025-05-02 23:50:48,837 ChatBI->     INFO     检索到的文档总数量为：441
2025-05-02 23:50:48,851 ChatBI->     INFO     开始对非结构化文档【深度】检索
2025-05-02 23:50:49,173 ChatBI->     INFO     层级抽取文档： 市民来电反映:2023年7月12日-11月上述小区翻新，市民是搭建脚手架的，市民称四建集团拖欠10万元左右的工资，拖欠人数：30人左右，现诉求：望管理部门为其追讨农民工工资。（需回复） ==> yes  
2025-05-02 23:50:49,173 ChatBI->     INFO     层级抽取文档： 市民来电反映:上述小学暑期翻新改建，7月28日-812日在上述地址的工作，做木工的，没有劳动合同，被拖欠工资，金额：1万元左右，人数：9人，总金额：2万多元。诉求：请管理部门核实并帮助催讨工资。 ==> yes  
2025-05-02 23:50:49,173 ChatBI->     INFO     层级抽取文档： 市民来电反映:其之前在上述地址企业工作，现在还有3500元工资没有拿到，市民告知没有签订过劳动合同，之前企业告知一年后发放，结果现在市民索要企业依旧不给。诉求：请管理部门核实并帮助讨薪。 ==> yes  
2025-05-02 23:50:49,174 ChatBI->     INFO     层级抽取文档： 市民来电反映:于2024年8月入职上述地址，虹口区天潼路133号17楼，“鼎信金服（市民称此为企业全称）”，信贷类公司，任职：销售，未签定劳动合同。于8月23日离职，被拖欠工资（金额不详），市民姓名：雷先生（全名拒绝告知），联系电话：18272173825。诉求：望管理部门核实，要求协助讨要被欠工资，另要求告知未签定劳动合同是否合规。（需回复） ==> no  
2025-05-02 23:50:49,174 ChatBI->     INFO     层级抽取文档： 市民来电反映:8月21日向居委书记反馈门卫问题，书记要求市民去居委去谈，市民表示不需要，就在门卫间谈，因为有很多小区居民，可以一起说，后续居委书记说还要报警，市民也拨打过几次公安，街道也处理过，但是居委都没有发放工资给保安，故投诉居委乱作为。诉求：请管理部门核实介入处理主任乱作为。（市民要求信息保密 需回复） ==> no  
2025-05-02 23:50:49,174 ChatBI->     INFO     层级抽取文档： 【重新交办，要求：答复要点与实际情况不符，市民表示该路段依旧每天6:00多开始施工，挖掘机严重扰民休息，并未做到7:00后开工，市民认为管理部门无效监管。噪音扰民现象由管理部门责令改正后合法施工应该符合第四十一条和第四十二条。诉求：要求7:30前停止噪音施工且设置噪音检测仪器监控噪，并要求管理部门而非项目经理予以答复市民。(市民要求信息保密，需要回复)。最近办结的工单编号：20240809003177，工单内容：重新交办，要求：答复要点与实际情况不符，玉田支路修路扰民问题未解决，早上6：00多开始严重扰民。前两次协商同意延迟至7:30后开工，没好几天均出尔反尔，且多次深夜24:00后施工，无夜间特殊施工许可证。诉求：要求后续19：30前停止噪音施工并设置噪音检测仪器监控噪音扰民现象。】 ==> no  
2025-05-02 23:50:49,174 ChatBI->     INFO     层级抽取文档： 市民来电反映:上述地址工地，市民表示晚上一直在施工严重噪音扰民，已经持续好几天了。诉求：望管理部门核实尽快让其停止夜间施工。（需回复） ==> no  
2025-05-02 23:50:49,174 ChatBI->     INFO     层级抽取文档： 市民来电反映:上述小区外面半夜3:00还在施工，好像是水处理工程，噪音扰民，影响居民休息，诉求：请管理部门核实停止夜间施工。（市民要求信息保密 需回复）
 ==> no  
2025-05-02 23:50:49,175 ChatBI->     INFO     层级抽取文档： 市民来电反映:8月31日1:00多中山北一路189弄附近在施工，噪音扰民，诉求：要求核实在做什么工程，是否有夜间施工证，若没有希望查处。（市民要求信息保密 需回复） ==> no  
2025-05-02 23:50:49,175 ChatBI->     INFO     层级抽取文档： 市民来电反映:8月11日上述地址道路施工至凌晨3:00,8月12日凌晨0:35分还在施工，产生的噪音影响周边居民正常休息，诉求：投诉该处道路夜间施工噪音扰民。（市民要求信息保密 无需回复） ==> no  
2025-05-02 23:50:49,175 ChatBI->     INFO     阈值索引为：60, 窗口大小为: 40 
2025-05-02 23:50:49,175 ChatBI->     INFO     确定的文档: 21; 在次确认的文档: 79
2025-05-02 23:50:52,301 ChatBI->     INFO     从79个需再次确认的文档中筛选出的相关文档数量：30
2025-05-02 23:50:52,301 ChatBI->     INFO     示例文档：['【是否签订劳动合同:已签订劳动合同,实际劳动地址:虹口区凉城路61号叮咚买菜,发生时间:2024-08-1317：56：00,欠薪人数:1,欠薪金额:2500,单位名称:叮咚买菜虹口区广中店,单位地址:虹口区~虹口区凉城路61号叮咚买菜】上班离职之后门店前负责人也离职，现负责人不肯提交之前上班考勤导致财务无法正常发放工资，沟通多次之后新的门店负责人依然不肯向公司财务提交考勤记录，让和已离职的前负责人沟通，我们是给公司工作，公司管理层离职交接出现问题是公司内部的事，不应该让我们去为公司内部错误买单，并且我又不是给前店长打工，不能因为负责人离职就不给发工资了', '市民反映：【是否签订劳动合同:未签订劳动合同,实际劳动地址:曲阳路851弄8号2102,发生时间:2024/08/22 08:00:00,欠薪人数:1,欠薪金额:600,工程项目名称:,单位地址:本市~null】其是做木地板安装的，当时安转完了找对方结钱，他说等晚点过去看一下就给，其就回家了。晚上问他，他说手机限额了明天给。第二天又联系他，他又说晚一点给，今天8月25日又打电话给他，他又说下午给，现在晚上19:00了，电话也打不通了。这是他的电话13248281800。诉求：请管理部门核实帮助讨薪。', '市民反映：【是否签订劳动合同:已签订劳动合同,实际劳动地址:奎照路840号,发生时间:2024/08/20 16:13:00,欠薪人数:1,欠薪金额:5300,工程项目名称:,单位地址:虹口区~奎照路840号】其8月14日递交辞职报告，上述地址单位以未交接工作为由克扣其7月工资。诉求：希望管理部门协助讨薪。', '【是否签订劳动合同:未签订劳动合同,实际劳动地址:虹口区四川北路街道17街坊,发生时间:2022/08/0110:01:00,欠薪人数:50,欠薪金额:1700000,工程项目名称:虹口区四川北路街十七街坊地块项目,单位地址:虹口区~海宁路四川北路交叉口】事发时间：2022年8月事发地址：虹口区四川北路街道17街坊（海宁路四川北路交叉口）事发经过：2022年8月，由上海虹房建筑工程有限公司刁老板安排我们到虹口区四川北路街道17街坊（海宁路四川北路交叉口）做石库门保护性加固卸解施工主要诉求：项目已经完工两年多，上海虹房建筑工程有限公司目前没有付我一分钱，后续付款时间也没有下文希望政府部门介入处理此事。', '【是否签订劳动合同:未签订劳动合同,实际劳动地址:虹口区，时装商厦三楼陕西疯狂凉皮店,发生时间:2024/08/0320:43:00,欠薪人数:1,欠薪金额:还未结算,单位名称:陕西疯狂凉皮店,单位地址:虹口区~虹口区，时装商厦，三楼，陕西疯狂凉皮店】故意拖欠工资，发信息不回，打电话不接']
2025-05-02 23:50:52,702 ChatBI->     INFO     抽取的关键词列表为：['企业名称']
2025-05-02 23:50:52,702 ChatBI->     INFO     关键词json输出格式 --> {"企业名称": "<抽取企业名称信息>"}
2025-05-02 23:50:54,708 ChatBI->     INFO     websocket发送的数据为：{"response": [{"企业名称": "菜鸟驿站", "数量": 2}, {"企业名称": "上海虹房建筑工程有限公司", "数量": 2}, {"企业名称": "陕西疯狂凉皮店", "数量": 1}, {"企业名称": "泽林东方酒店", "数量": 1}, {"企业名称": "上海三角地菜市场经营管理有限公司", "数量": 1}, {"企业名称": "幸福西饼", "数量": 1}, {"企业名称": "佳洁公司", "数量": 1}, {"企业名称": "实验学校", "数量": 1}, {"企业名称": "上海枫娟实业有限公司", "数量": 1}, {"企业名称": "上海银雁科技有限公司", "数量": 1}, {"企业名称": "上海市慷敏贸易有限公司", "数量": 1}, {"企业名称": "叮咚买菜虹口区广中店", "数量": 1}, {"企业名称": "岳阳中西医结合医院", "数量": 1}, {"企业名称": "极兔快递", "数量": 1}, {"企业名称": "上海福寿康川虹护理站", "数量": 1}, {"企业名称": "叮咚买菜", "数量": 1}, {"企业名称": "上海泓韶建筑装饰有限公司", "数量": 1}, {"企业名称": "上海坤超餐饮管理有限公司", "数量": 1}, {"企业名称": "虹口区福赐苑业主委员会", "数量": 1}, {"企业名称": "财小咖管理咨询（上海）有限责任公司", "数量": 1}, {"企业名称": "上药医疗器械（上海）有限公司", "数量": 1}, {"企业名称": "金令装饰有限公司", "数量": 1}, {"企业名称": "美团", "数量": 1}, {"企业名称": "中通快递", "数量": 1}, {"企业名称": "渡边物华园", "数量": 1}, {"企业名称": "上海柴盛工业科技有限公司", "数量": 1}, {"企业名称": "未明确", "数量": 1}, {"企业名称": "紫玥轩", "数量": 1}, {"企业名称": "四建集团", "数量": 1}, {"企业名称": "上海绿奔建筑工程有限公司", "数量": 1}, {"企业名称": "楼兰", "数量": 1}, {"企业名称": "南天公司", "数量": 1}, {"企业名称": null, "数量": 1}, {"企业名称": "云南米线", "数量": 1}, {"企业名称": "上海揽浦建筑工程有限公司", "数量": 1}, {"企业名称": "宏田小区15号202室", "数量": 1}, {"企业名称": "上海陈政市政建筑工程市民有限公司", "数量": 1}, {"企业名称": "上海聚英餐饮有限公司", "数量": 1}, {"企业名称": "未签订劳动合同", "数量": 1}, {"企业名称": "上海安宁消防有限公司", "数量": 1}, {"企业名称": "上海秦汉胡同文化科技有限公司", "数量": 1}, {"企业名称": "秦汉胡同国学书院曲阳馆", "数量": 1}, {"企业名称": "上海古准供应链管理有限公司", "数量": 1}, {"企业名称": "长阳物流有限公司", "数量": 1}, {"企业名称": "太阳宫商场", "数量": 1}, {"企业名称": "上海砼极建筑结构工程有限公司", "数量": 1}, {"企业名称": "霸王茶姬", "数量": 1}, {"企业名称": "江苏神工装饰工程有限公司", "数量": 1}, {"企业名称": "上海股准供应链管理有限公司", "数量": 1}]}
2025-05-02 23:50:55,712 ChatBI->     INFO     websocket发送的数据为：{"result_insight": "近1年有2家企业拖欠农民工工资超过2次，包括菜鸟驿站和上海虹房建筑工程有限公司，其他企业如泽林东方酒店等各有1次拖欠记录。"}
2025-05-02 23:50:57,140 ChatBI->     INFO     websocket发送的数据为：{"result_recommand": {"new_query_1": "这些企业拖欠农民工工资的具体金额是多少？", "new_query_2": "这些企业拖欠农民工工资的案件编号是多少？", "new_query_3": "这些企业拖欠农民工工资的发现时间和结案时间分别是何时？"}}
