2025-05-02 16:33:13,809 ChatBI->     INFO     schema linking: {'target_columns': ['所属居委'], 'condition_columns': {'案件描述/内容描述': '设备维修'}}
2025-05-02 16:33:14,184 ChatBI->     INFO     
2025-05-02 16:33:14,186 ChatBI->     INFO     你
2025-05-02 16:33:14,194 ChatBI->     INFO     希望
2025-05-02 16:33:14,211 ChatBI->     INFO     了解
2025-05-02 16:33:14,229 ChatBI->     INFO     近
2025-05-02 16:33:14,248 ChatBI->     INFO     1
2025-05-02 16:33:14,264 ChatBI->     INFO     年
2025-05-02 16:33:14,285 ChatBI->     INFO     哪些
2025-05-02 16:33:14,301 ChatBI->     INFO     小区
2025-05-02 16:33:14,319 ChatBI->     INFO     有
2025-05-02 16:33:14,346 ChatBI->     INFO     设备
2025-05-02 16:33:14,350 ChatBI->     INFO     维修
2025-05-02 16:33:14,369 ChatBI->     INFO     的需求
2025-05-02 16:33:14,386 ChatBI->     INFO     。
2025-05-02 16:33:14,404 ChatBI->     INFO     这是一个
2025-05-02 16:33:14,422 ChatBI->     INFO     查询
2025-05-02 16:33:14,439 ChatBI->     INFO     特定
2025-05-02 16:33:14,456 ChatBI->     INFO     时间段
2025-05-02 16:33:14,473 ChatBI->     INFO     内
2025-05-02 16:33:14,491 ChatBI->     INFO     特定
2025-05-02 16:33:14,509 ChatBI->     INFO     事项
2025-05-02 16:33:14,530 ChatBI->     INFO     类型
2025-05-02 16:33:14,547 ChatBI->     INFO     的需求
2025-05-02 16:33:14,565 ChatBI->     INFO     情况
2025-05-02 16:33:14,581 ChatBI->     INFO     的问题
2025-05-02 16:33:14,596 ChatBI->     INFO     。
2025-05-02 16:33:14,613 ChatBI->     INFO     需要
2025-05-02 16:33:14,634 ChatBI->     INFO     将
2025-05-02 16:33:14,648 ChatBI->     INFO     时间
2025-05-02 16:33:14,665 ChatBI->     INFO     设
2025-05-02 16:33:14,684 ChatBI->     INFO     为
2025-05-02 16:33:14,700 ChatBI->     INFO     维度
2025-05-02 16:33:14,720 ChatBI->     INFO     字段
2025-05-02 16:33:14,737 ChatBI->     INFO     ，并
2025-05-02 16:33:14,754 ChatBI->     INFO     限定
2025-05-02 16:33:14,784 ChatBI->     INFO     时间为
2025-05-02 16:33:14,788 ChatBI->     INFO     近
2025-05-02 16:33:14,814 ChatBI->     INFO     1
2025-05-02 16:33:14,828 ChatBI->     INFO     年
2025-05-02 16:33:14,840 ChatBI->     INFO     ；
2025-05-02 16:33:14,860 ChatBI->     INFO     同时
2025-05-02 16:33:14,875 ChatBI->     INFO     将
2025-05-02 16:33:14,895 ChatBI->     INFO     事项
2025-05-02 16:33:14,910 ChatBI->     INFO     类别
2025-05-02 16:33:14,931 ChatBI->     INFO     、
2025-05-02 16:33:14,945 ChatBI->     INFO     事项
2025-05-02 16:33:14,962 ChatBI->     INFO     大
2025-05-02 16:33:14,980 ChatBI->     INFO     类
2025-05-02 16:33:14,997 ChatBI->     INFO     、
2025-05-02 16:33:15,014 ChatBI->     INFO     事项
2025-05-02 16:33:15,032 ChatBI->     INFO     小
2025-05-02 16:33:15,049 ChatBI->     INFO     类
2025-05-02 16:33:15,067 ChatBI->     INFO     、
2025-05-02 16:33:15,084 ChatBI->     INFO     事项
2025-05-02 16:33:15,102 ChatBI->     INFO     名称
2025-05-02 16:33:15,119 ChatBI->     INFO     、
2025-05-02 16:33:15,136 ChatBI->     INFO     事项
2025-05-02 16:33:15,154 ChatBI->     INFO     标签
2025-05-02 16:33:15,172 ChatBI->     INFO     设
2025-05-02 16:33:15,189 ChatBI->     INFO     为
2025-05-02 16:33:15,206 ChatBI->     INFO     维度
2025-05-02 16:33:15,224 ChatBI->     INFO     字段
2025-05-02 16:33:15,240 ChatBI->     INFO     ，
2025-05-02 16:33:15,258 ChatBI->     INFO     以
2025-05-02 16:33:15,276 ChatBI->     INFO     区分
2025-05-02 16:33:15,292 ChatBI->     INFO     不同
2025-05-02 16:33:15,311 ChatBI->     INFO     类型的
2025-05-02 16:33:15,328 ChatBI->     INFO     工
2025-05-02 16:33:15,346 ChatBI->     INFO     单
2025-05-02 16:33:15,362 ChatBI->     INFO     ；
2025-05-02 16:33:15,384 ChatBI->     INFO     将
2025-05-02 16:33:15,402 ChatBI->     INFO     所属
2025-05-02 16:33:15,415 ChatBI->     INFO     居
2025-05-02 16:33:15,433 ChatBI->     INFO     委
2025-05-02 16:33:15,451 ChatBI->     INFO     设
2025-05-02 16:33:15,468 ChatBI->     INFO     为
2025-05-02 16:33:15,487 ChatBI->     INFO     维度
2025-05-02 16:33:15,505 ChatBI->     INFO     字段
2025-05-02 16:33:15,522 ChatBI->     INFO     ，
2025-05-02 16:33:15,538 ChatBI->     INFO     以
2025-05-02 16:33:15,560 ChatBI->     INFO     确定
2025-05-02 16:33:15,573 ChatBI->     INFO     具体的
2025-05-02 16:33:15,591 ChatBI->     INFO     小区
2025-05-02 16:33:15,608 ChatBI->     INFO     ；
2025-05-02 16:33:15,626 ChatBI->     INFO     将
2025-05-02 16:33:15,643 ChatBI->     INFO     案件
2025-05-02 16:33:15,660 ChatBI->     INFO     描述
2025-05-02 16:33:15,677 ChatBI->     INFO     /
2025-05-02 16:33:15,696 ChatBI->     INFO     内容
2025-05-02 16:33:15,713 ChatBI->     INFO     描述
2025-05-02 16:33:15,730 ChatBI->     INFO     设
2025-05-02 16:33:15,748 ChatBI->     INFO     为
2025-05-02 16:33:15,766 ChatBI->     INFO     指标
2025-05-02 16:33:15,782 ChatBI->     INFO     字段
2025-05-02 16:33:15,799 ChatBI->     INFO     ，
2025-05-02 16:33:15,817 ChatBI->     INFO     以
2025-05-02 16:33:15,835 ChatBI->     INFO     了解
2025-05-02 16:33:15,852 ChatBI->     INFO     具体的
2025-05-02 16:33:15,869 ChatBI->     INFO     维修
2025-05-02 16:33:15,887 ChatBI->     INFO     需求
2025-05-02 16:33:15,910 ChatBI->     INFO     情况
2025-05-02 16:33:15,922 ChatBI->     INFO     。
2025-05-02 16:33:15,943 ChatBI->     INFO     条件
2025-05-02 16:33:15,963 ChatBI->     INFO     字段
2025-05-02 16:33:15,980 ChatBI->     INFO     包括
2025-05-02 16:33:15,991 ChatBI->     INFO     时间
2025-05-02 16:33:16,009 ChatBI->     INFO     范围
2025-05-02 16:33:16,026 ChatBI->     INFO     为
2025-05-02 16:33:16,043 ChatBI->     INFO     近
2025-05-02 16:33:16,065 ChatBI->     INFO     1
2025-05-02 16:33:16,078 ChatBI->     INFO     年
2025-05-02 16:33:16,096 ChatBI->     INFO     ，
2025-05-02 16:33:16,115 ChatBI->     INFO     事项
2025-05-02 16:33:16,131 ChatBI->     INFO     标签
2025-05-02 16:33:16,148 ChatBI->     INFO     中
2025-05-02 16:33:16,174 ChatBI->     INFO     包含
2025-05-02 16:33:16,182 ChatBI->     INFO     “
2025-05-02 16:33:16,202 ChatBI->     INFO     设备
2025-05-02 16:33:16,217 ChatBI->     INFO     维修
2025-05-02 16:33:16,234 ChatBI->     INFO     ”
2025-05-02 16:33:16,253 ChatBI->     INFO     等相关
2025-05-02 16:33:16,270 ChatBI->     INFO     关键词
2025-05-02 16:33:16,291 ChatBI->     INFO     。


2025-05-02 16:33:16,305 ChatBI->     INFO     DONE
2025-05-02 16:33:16,324 ChatBI->     INFO     
2025-05-02 16:33:16,330 ChatBI->     INFO     任务类型: SQL
2025-05-02 16:33:17,722 ChatBI->     INFO     stad sql: SELECT `所属居委` FROM `HongKouDemo` WHERE `案件描述/内容描述` LIKE '%设备维修%' AND `发现时间` >= DATE_SUB(CURDATE(), INTERVAL 1 YEAR) GROUP BY `所属居委` LIMIT 10;
2025-05-02 16:33:17,731 ChatBI->     INFO     非结构化信息为: {"`案件描述/内容描述` LIKE '%设备维修%'": '设备维修'}
2025-05-02 16:33:18,133 ChatBI->     INFO     设备维修 的命名实体判别： no
2025-05-02 16:33:18,136 ChatBI->     INFO     开始对非结构化文档【粗略】检索
2025-05-02 16:33:18,858 ChatBI->     INFO     检索到的文档总数量为：607
2025-05-02 16:33:18,879 ChatBI->     INFO     开始对非结构化文档【深度】检索
2025-05-02 16:33:19,202 ChatBI->     INFO     层级抽取文档： 市民来电反映:上述地址的小区内的所有电动车充电装置，只能投币使用，不能线上支付，且现有的设备都是损坏，无法正常使用。诉求：请管理部门尽快维修设备，并尽快开通线上支付功能。 ==> yes  
2025-05-02 16:33:19,202 ChatBI->     INFO     层级抽取文档： 市民反映：衡水路89弄1号楼2903房屋内玻璃幕墙侧严重漏水，前期经城管、区应急管理中心、物业公司工程人员及居委会联合现场查看，认定为玻璃幕墙老化所致。业主提出应由物业负责提出检修方案并报业委会，使用维修基金进行修理。业委会主任拒绝相关要求。业主致电川北街道城建中心（房管所）反映此问题，某陈姓工作人员表示无权责。1、物业应对漏水问题出具正式的检修方案，报业委会。2、业委会应根据事实情况，征询意见或召开业主大会，明确维修基金的使用。3、物业应负责相应的检修。4、川北街道房管所人员应尽监督、管理、协调责任。5、物业应明确是否履行玻璃幕墙定期检查的职责。6、查明物业经理吴某、业委会主任是否存在不作为，川北街道陈某是否存在渎职。诉求：投诉物业不作为及街道房管渎职，要求协调解决使用维修基金事宜。（市民要求信息保密，需要回复）  市民投诉上述地址物业不作为及街道房管渎职，要求协调解决使用维修基金事宜。 ==> no  
2025-05-02 16:33:19,202 ChatBI->     INFO     层级抽取文档： 市民来电反映:其是上述地址居民，市民表示现在居民楼公共管道漏水，物业联系市民告知需要将市民家中的墙体破坏才能检查管道，市民表示应该有类似窥镜检查设备，物业告知整个虹口区的房管部门都没有，市民不认可，要求管理部门核实联系市民告知市民是否有相关设备可以检查。 ==> no  
2025-05-02 16:33:19,204 ChatBI->     INFO     层级抽取文档： 市民来电反映:其是上述地址的居民，因为其楼上1104室的排污水管道漏水了，造成其家里漏水，且房屋顶部和墙壁都损坏了。其联系物业报修，物业查看后，声称没钱维修，就不了了之了。市民对此不认可。市民认为物业存在不作为。诉求：请管理部门尽快查处物业的不作为，并给出一个合理的解决方案。 ==> no  
2025-05-02 16:33:19,204 ChatBI->     INFO     层级抽取文档： 市民来电反映:上述地址的居民装修从6:00到半夜，严重附近居民的生活，诉求：要求在规定的时间内装修，并且做好噪音防治措施（市民要求信息保密 无需回复） ==> no  
2025-05-02 16:33:19,204 ChatBI->     INFO     层级抽取文档： 市民反映：运光路伊敏河路路口东南角人行道砖松动起翘。诉求：需要维修 ==> no  
2025-05-02 16:33:19,204 ChatBI->     INFO     层级抽取文档： 市民来电反映:上述地址菜场在装修，除了噪音大，气味也很大，导致楼上居民家中不开窗开空调装修的气味还是很大，诉求：请管理部门核实处理。（市民要求信息保密 无需回复） ==> no  
2025-05-02 16:33:19,205 ChatBI->     INFO     层级抽取文档： 市民反映：上述地址的木制台阶上有木板松动掉落，有铁钉外露，极端情况下会出现人身伤害事件。诉求：请尽快维修木制台阶。 ==> yes  
2025-05-02 16:33:19,205 ChatBI->     INFO     层级抽取文档： 市民来电反映:8月24日上述地址8:00后就开始装修了，市民表示噪音非常吵，已经严重影响居民生活，而且噪音分贝也特别大，诉求：希望管理部门核实，市民希望双休日不要装修，工作日9:00之后开始装修，市民希望尽快处理。（市民要求信息保密 需回复） ==> no  
2025-05-02 16:33:19,205 ChatBI->     INFO     层级抽取文档： 市民来电反映:上述地址在装修严重影响市民的正常休息，诉求：请管理部门督促文明、规范施工，不要扰民。（市民要求信息保密 无需回复） ==> no  
2025-05-02 16:33:19,206 ChatBI->     INFO     阈值索引为：20, 窗口大小为: 40 
2025-05-02 16:33:19,206 ChatBI->     INFO     确定的文档: 0; 在次确认的文档: 60
2025-05-02 16:33:21,154 ChatBI->     INFO     从60个需再次确认的文档中筛选出的相关文档数量：23
2025-05-02 16:33:21,154 ChatBI->     INFO     示例文档：['市民来电反映:其是上述地址居民，属于大柏树物业，市民表示小区在进行美丽家园改造，两部大梯要进行大修，市民称维修前一个月坏两次，现在修好后却反而天天坏，向物业反映，对方却告知他们有验收报告，市民称该问题向热线反映后解决过几天，现该事项死灰复燃。物业称电梯硬件已更换，只差软件，但市民发现硬件根本未更换。诉求：请管理部门核实并维修好电梯，不要再频繁出现故障。', '市民来电反映:在上述地址公共区域靠着马路，有一排电瓶车的充电桩，也没有安装指示标牌：不对外使用，但是缺无法使用，市民表示之前是有一个可以使用的，现在一个都不能用，报修后也没有维修，说是物业不修。诉求：希望管理部门核实后尽快维修恢复使用。', '市民来电反映:6层小区的电梯前几年才加装，去年开始启用，8月14日晚上电梯故障影响居民上下楼，有联系物业， 物业表示不管，让找电梯维护单位，联系了电梯公司，表示配件坏了让等，为此市民等不及。诉求：希望帮忙督促催促电梯公司尽快来维修。（市民要求信息保密 无需回复）', '市民来电反映:8月16日晚把车停在上述小区，现在看到发生了剐蹭，向物业调看监控告知摄像头坏了，要求管理部门解释为什么不进行维修或重新安装。', '市民反映：上述地址和平公园内的荡秋千设备维修了将近三个月。诉求：请管理部门告知市民秋千维修完成时间。']
2025-05-02 16:33:21,156 ChatBI->     INFO     没有找到<  >对应的视图
2025-05-02 16:33:23,233 ChatBI->     INFO     websocket发送的数据为：{"sql_gen": "SELECT `所属居委` FROM `HongKouDemo` WHERE `案件描述/内容描述` LIKE '%设备维修%' AND `发现时间` >= DATE_SUB(CURDATE(), INTERVAL 1 YEAR) GROUP BY `所属居委` LIMIT 10;"}
2025-05-02 16:33:23,234 ChatBI->     INFO     websocket发送的数据为：{"response": [{"所属居委": "祥东居委"}, {"所属居委": "前进居委"}, {"所属居委": "纪念居委"}, {"所属居委": "和平居委"}, {"所属居委": "庆阳居委"}, {"所属居委": "镇西居委"}, {"所属居委": "横滨居委"}, {"所属居委": "东四居委"}, {"所属居委": "凉六居委"}, {"所属居委": "虹湾居委"}]}
2025-05-02 16:33:23,235 ChatBI->     INFO     websocket发送的数据为：{"data_detail": [{}]}
2025-05-02 16:33:23,953 ChatBI->     INFO     websocket发送的数据为：{"result_insight": "近一年，祥东、前进、纪念、和平、庆阳、镇西、横滨、东四、凉六、虹湾等居委有设备维修需求。"}
2025-05-02 16:33:25,292 ChatBI->     INFO     websocket发送的数据为：{"result_recommand": {"new_query_1": "这些小区中哪些是投诉举报类的工单？", "new_query_2": "这些小区中最近一次设备维修是什么时候？", "new_query_3": "这些小区中是否有涉及公共安全的工单？"}}
