2025-05-02 23:44:43,986 ChatBI->     INFO     schema linking: {'target_columns': ['案件描述/内容描述', '上报地址'], 'condition_columns': {'发现时间': '近1年', '案件描述/内容描述': '拖欠农民工工资'}}
2025-05-02 23:44:44,403 ChatBI->     INFO     
2025-05-02 23:44:44,503 ChatBI->     INFO     你
2025-05-02 23:44:44,626 ChatBI->     INFO     希望
2025-05-02 23:44:44,734 ChatBI->     INFO     抽取
2025-05-02 23:44:44,841 ChatBI->     INFO     近
2025-05-02 23:44:44,948 ChatBI->     INFO     1
2025-05-02 23:44:45,056 ChatBI->     INFO     年
2025-05-02 23:44:45,164 ChatBI->     INFO     拖欠
2025-05-02 23:44:45,273 ChatBI->     INFO     农民工
2025-05-02 23:44:45,380 ChatBI->     INFO     工资
2025-05-02 23:44:45,488 ChatBI->     INFO     的企业
2025-05-02 23:44:45,611 ChatBI->     INFO     名称
2025-05-02 23:44:45,734 ChatBI->     INFO     和
2025-05-02 23:44:45,843 ChatBI->     INFO     地址
2025-05-02 23:44:45,952 ChatBI->     INFO     。
2025-05-02 23:44:46,063 ChatBI->     INFO     这是一个
2025-05-02 23:44:46,169 ChatBI->     INFO     数据
2025-05-02 23:44:46,279 ChatBI->     INFO     筛选
2025-05-02 23:44:46,387 ChatBI->     INFO     和
2025-05-02 23:44:46,498 ChatBI->     INFO     提取
2025-05-02 23:44:46,603 ChatBI->     INFO     问题
2025-05-02 23:44:46,712 ChatBI->     INFO     。
2025-05-02 23:44:46,821 ChatBI->     INFO     需要
2025-05-02 23:44:46,929 ChatBI->     INFO     将
2025-05-02 23:44:47,037 ChatBI->     INFO     时间
2025-05-02 23:44:47,145 ChatBI->     INFO     设
2025-05-02 23:44:47,255 ChatBI->     INFO     为
2025-05-02 23:44:47,378 ChatBI->     INFO     维度
2025-05-02 23:44:47,487 ChatBI->     INFO     字段
2025-05-02 23:44:47,612 ChatBI->     INFO     ，并
2025-05-02 23:44:47,737 ChatBI->     INFO     限定
2025-05-02 23:44:47,860 ChatBI->     INFO     时间为
2025-05-02 23:44:47,969 ChatBI->     INFO     近
2025-05-02 23:44:48,076 ChatBI->     INFO     1
2025-05-02 23:44:48,187 ChatBI->     INFO     年
2025-05-02 23:44:48,297 ChatBI->     INFO     ；
2025-05-02 23:44:48,405 ChatBI->     INFO     同时
2025-05-02 23:44:48,514 ChatBI->     INFO     将
2025-05-02 23:44:48,623 ChatBI->     INFO     企业
2025-05-02 23:44:48,733 ChatBI->     INFO     名称
2025-05-02 23:44:48,840 ChatBI->     INFO     和
2025-05-02 23:44:48,947 ChatBI->     INFO     地址
2025-05-02 23:44:49,055 ChatBI->     INFO     设
2025-05-02 23:44:49,162 ChatBI->     INFO     为
2025-05-02 23:44:49,272 ChatBI->     INFO     维度
2025-05-02 23:44:49,380 ChatBI->     INFO     字段
2025-05-02 23:44:49,488 ChatBI->     INFO     ，
2025-05-02 23:44:49,583 ChatBI->     INFO     用于
2025-05-02 23:44:49,692 ChatBI->     INFO     提取
2025-05-02 23:44:49,817 ChatBI->     INFO     具体
2025-05-02 23:44:49,945 ChatBI->     INFO     的企业
2025-05-02 23:44:50,066 ChatBI->     INFO     名称
2025-05-02 23:44:50,174 ChatBI->     INFO     和
2025-05-02 23:44:50,298 ChatBI->     INFO     地址
2025-05-02 23:44:50,406 ChatBI->     INFO     信息
2025-05-02 23:44:50,517 ChatBI->     INFO     。


2025-05-02 23:44:50,625 ChatBI->     INFO     具体
2025-05-02 23:44:50,736 ChatBI->     INFO     来说
2025-05-02 23:44:50,844 ChatBI->     INFO     ，
2025-05-02 23:44:50,952 ChatBI->     INFO     需要
2025-05-02 23:44:51,060 ChatBI->     INFO     筛选
2025-05-02 23:44:51,168 ChatBI->     INFO     出
2025-05-02 23:44:51,277 ChatBI->     INFO     近
2025-05-02 23:44:51,386 ChatBI->     INFO     1
2025-05-02 23:44:51,493 ChatBI->     INFO     年内
2025-05-02 23:44:51,602 ChatBI->     INFO     （
2025-05-02 23:44:51,710 ChatBI->     INFO     即
2025-05-02 23:44:51,820 ChatBI->     INFO     过去
2025-05-02 23:44:51,929 ChatBI->     INFO     1
2025-05-02 23:44:52,036 ChatBI->     INFO     2
2025-05-02 23:44:52,145 ChatBI->     INFO     个月
2025-05-02 23:44:52,270 ChatBI->     INFO     ）
2025-05-02 23:44:52,380 ChatBI->     INFO     标记
2025-05-02 23:44:52,490 ChatBI->     INFO     为
2025-05-02 23:44:52,614 ChatBI->     INFO     “
2025-05-02 23:44:52,722 ChatBI->     INFO     拖欠
2025-05-02 23:44:52,848 ChatBI->     INFO     农民工
2025-05-02 23:44:52,975 ChatBI->     INFO     工资
2025-05-02 23:44:53,082 ChatBI->     INFO     ”的
2025-05-02 23:44:53,205 ChatBI->     INFO     工
2025-05-02 23:44:53,299 ChatBI->     INFO     单
2025-05-02 23:44:53,424 ChatBI->     INFO     ，并
2025-05-02 23:44:53,533 ChatBI->     INFO     提取
2025-05-02 23:44:53,659 ChatBI->     INFO     这些
2025-05-02 23:44:53,782 ChatBI->     INFO     工
2025-05-02 23:44:53,874 ChatBI->     INFO     单
2025-05-02 23:44:53,982 ChatBI->     INFO     中的
2025-05-02 23:44:54,091 ChatBI->     INFO     企业
2025-05-02 23:44:54,199 ChatBI->     INFO     名称
2025-05-02 23:44:54,310 ChatBI->     INFO     和
2025-05-02 23:44:54,418 ChatBI->     INFO     地址
2025-05-02 23:44:54,527 ChatBI->     INFO     信息
2025-05-02 23:44:54,635 ChatBI->     INFO     。


2025-05-02 23:44:54,742 ChatBI->     INFO     DONE
2025-05-02 23:44:54,849 ChatBI->     INFO     
2025-05-02 23:44:55,354 ChatBI->     INFO     任务类型: 内容抽取
2025-05-02 23:44:57,106 ChatBI->     INFO     过滤表达式：  ('2024-05-02 23:44:55' < Discovery_Time < '2025-05-02 23:44:55') ; 查询问题： 拖欠农民工工资
2025-05-02 23:44:57,110 ChatBI->     INFO     开始对非结构化文档【粗略】检索
2025-05-02 23:44:57,940 ChatBI->     INFO     检索到的文档总数量为：441
2025-05-02 23:44:57,971 ChatBI->     INFO     开始对非结构化文档【深度】检索
2025-05-02 23:44:58,318 ChatBI->     INFO     层级抽取文档： 市民来电反映:2023年7月12日-11月上述小区翻新，市民是搭建脚手架的，市民称四建集团拖欠10万元左右的工资，拖欠人数：30人左右，现诉求：望管理部门为其追讨农民工工资。（需回复） ==> yes  
2025-05-02 23:44:58,319 ChatBI->     INFO     层级抽取文档： 市民来电反映:上述小学暑期翻新改建，7月28日-812日在上述地址的工作，做木工的，没有劳动合同，被拖欠工资，金额：1万元左右，人数：9人，总金额：2万多元。诉求：请管理部门核实并帮助催讨工资。 ==> yes  
2025-05-02 23:44:58,319 ChatBI->     INFO     层级抽取文档： 市民来电反映:其之前在上述地址企业工作，现在还有3500元工资没有拿到，市民告知没有签订过劳动合同，之前企业告知一年后发放，结果现在市民索要企业依旧不给。诉求：请管理部门核实并帮助讨薪。 ==> yes  
2025-05-02 23:44:58,320 ChatBI->     INFO     层级抽取文档： 市民来电反映:于2024年8月入职上述地址，虹口区天潼路133号17楼，“鼎信金服（市民称此为企业全称）”，信贷类公司，任职：销售，未签定劳动合同。于8月23日离职，被拖欠工资（金额不详），市民姓名：雷先生（全名拒绝告知），联系电话：18272173825。诉求：望管理部门核实，要求协助讨要被欠工资，另要求告知未签定劳动合同是否合规。（需回复） ==> no  
2025-05-02 23:44:58,322 ChatBI->     INFO     层级抽取文档： 市民来电反映:8月21日向居委书记反馈门卫问题，书记要求市民去居委去谈，市民表示不需要，就在门卫间谈，因为有很多小区居民，可以一起说，后续居委书记说还要报警，市民也拨打过几次公安，街道也处理过，但是居委都没有发放工资给保安，故投诉居委乱作为。诉求：请管理部门核实介入处理主任乱作为。（市民要求信息保密 需回复） ==> no  
2025-05-02 23:44:58,322 ChatBI->     INFO     层级抽取文档： 【重新交办，要求：答复要点与实际情况不符，市民表示该路段依旧每天6:00多开始施工，挖掘机严重扰民休息，并未做到7:00后开工，市民认为管理部门无效监管。噪音扰民现象由管理部门责令改正后合法施工应该符合第四十一条和第四十二条。诉求：要求7:30前停止噪音施工且设置噪音检测仪器监控噪，并要求管理部门而非项目经理予以答复市民。(市民要求信息保密，需要回复)。最近办结的工单编号：20240809003177，工单内容：重新交办，要求：答复要点与实际情况不符，玉田支路修路扰民问题未解决，早上6：00多开始严重扰民。前两次协商同意延迟至7:30后开工，没好几天均出尔反尔，且多次深夜24:00后施工，无夜间特殊施工许可证。诉求：要求后续19：30前停止噪音施工并设置噪音检测仪器监控噪音扰民现象。】 ==> no  
2025-05-02 23:44:58,322 ChatBI->     INFO     层级抽取文档： 市民来电反映:上述地址工地，市民表示晚上一直在施工严重噪音扰民，已经持续好几天了。诉求：望管理部门核实尽快让其停止夜间施工。（需回复） ==> no  
2025-05-02 23:44:58,322 ChatBI->     INFO     层级抽取文档： 市民来电反映:上述小区外面半夜3:00还在施工，好像是水处理工程，噪音扰民，影响居民休息，诉求：请管理部门核实停止夜间施工。（市民要求信息保密 需回复）
 ==> no  
2025-05-02 23:44:58,324 ChatBI->     INFO     层级抽取文档： 市民来电反映:8月31日1:00多中山北一路189弄附近在施工，噪音扰民，诉求：要求核实在做什么工程，是否有夜间施工证，若没有希望查处。（市民要求信息保密 需回复） ==> no  
2025-05-02 23:44:58,324 ChatBI->     INFO     层级抽取文档： 市民来电反映:8月11日上述地址道路施工至凌晨3:00,8月12日凌晨0:35分还在施工，产生的噪音影响周边居民正常休息，诉求：投诉该处道路夜间施工噪音扰民。（市民要求信息保密 无需回复） ==> no  
2025-05-02 23:44:58,324 ChatBI->     INFO     阈值索引为：60, 窗口大小为: 40 
2025-05-02 23:44:58,325 ChatBI->     INFO     确定的文档: 21; 在次确认的文档: 79
2025-05-02 23:45:01,263 ChatBI->     INFO     从79个需再次确认的文档中筛选出的相关文档数量：30
2025-05-02 23:45:01,264 ChatBI->     INFO     示例文档：['【是否签订劳动合同:已签订劳动合同,实际劳动地址:虹口区凉城路61号叮咚买菜,发生时间:2024-08-1317：56：00,欠薪人数:1,欠薪金额:2500,单位名称:叮咚买菜虹口区广中店,单位地址:虹口区~虹口区凉城路61号叮咚买菜】上班离职之后门店前负责人也离职，现负责人不肯提交之前上班考勤导致财务无法正常发放工资，沟通多次之后新的门店负责人依然不肯向公司财务提交考勤记录，让和已离职的前负责人沟通，我们是给公司工作，公司管理层离职交接出现问题是公司内部的事，不应该让我们去为公司内部错误买单，并且我又不是给前店长打工，不能因为负责人离职就不给发工资了', '市民反映：【是否签订劳动合同:未签订劳动合同,实际劳动地址:曲阳路851弄8号2102,发生时间:2024/08/22 08:00:00,欠薪人数:1,欠薪金额:600,工程项目名称:,单位地址:本市~null】其是做木地板安装的，当时安转完了找对方结钱，他说等晚点过去看一下就给，其就回家了。晚上问他，他说手机限额了明天给。第二天又联系他，他又说晚一点给，今天8月25日又打电话给他，他又说下午给，现在晚上19:00了，电话也打不通了。这是他的电话13248281800。诉求：请管理部门核实帮助讨薪。', '市民反映：【是否签订劳动合同:已签订劳动合同,实际劳动地址:奎照路840号,发生时间:2024/08/20 16:13:00,欠薪人数:1,欠薪金额:5300,工程项目名称:,单位地址:虹口区~奎照路840号】其8月14日递交辞职报告，上述地址单位以未交接工作为由克扣其7月工资。诉求：希望管理部门协助讨薪。', '【是否签订劳动合同:未签订劳动合同,实际劳动地址:虹口区四川北路街道17街坊,发生时间:2022/08/0110:01:00,欠薪人数:50,欠薪金额:1700000,工程项目名称:虹口区四川北路街十七街坊地块项目,单位地址:虹口区~海宁路四川北路交叉口】事发时间：2022年8月事发地址：虹口区四川北路街道17街坊（海宁路四川北路交叉口）事发经过：2022年8月，由上海虹房建筑工程有限公司刁老板安排我们到虹口区四川北路街道17街坊（海宁路四川北路交叉口）做石库门保护性加固卸解施工主要诉求：项目已经完工两年多，上海虹房建筑工程有限公司目前没有付我一分钱，后续付款时间也没有下文希望政府部门介入处理此事。', '【是否签订劳动合同:未签订劳动合同,实际劳动地址:虹口区，时装商厦三楼陕西疯狂凉皮店,发生时间:2024/08/0320:43:00,欠薪人数:1,欠薪金额:还未结算,单位名称:陕西疯狂凉皮店,单位地址:虹口区~虹口区，时装商厦，三楼，陕西疯狂凉皮店】故意拖欠工资，发信息不回，打电话不接']
2025-05-02 23:45:01,815 ChatBI->     INFO     抽取的关键词列表为：['企业名称', '企业地址']
2025-05-02 23:45:01,815 ChatBI->     INFO     关键词json输出格式 --> {"企业名称": "<抽取企业名称信息>", "企业地址": "<抽取企业地址信息>"}
2025-05-02 23:45:04,886 ChatBI->     INFO     websocket发送的数据为：{"response": [{"企业名称": "", "数量": 7}, {"企业名称": "菜鸟驿站", "数量": 2}, {"企业名称": "上海虹房建筑工程有限公司", "数量": 2}, {"企业名称": "陕西疯狂凉皮店", "数量": 1}, {"企业名称": "泽林东方酒店", "数量": 1}, {"企业名称": "上海三角地菜市场经营管理有限公司", "数量": 1}, {"企业名称": "幸福西饼", "数量": 1}, {"企业名称": "佳洁公司", "数量": 1}, {"企业名称": "上海枫娟实业有限公司", "数量": 1}, {"企业名称": "上海银雁科技有限公司", "数量": 1}, {"企业名称": "上海市慷敏贸易有限公司", "数量": 1}, {"企业名称": "叮咚买菜虹口区广中店", "数量": 1}, {"企业名称": "极兔快递", "数量": 1}, {"企业名称": "上海福寿康川虹护理站", "数量": 1}, {"企业名称": "叮咚买菜", "数量": 1}, {"企业名称": "上海泓韶建筑装饰有限公司", "数量": 1}, {"企业名称": "上海坤超餐饮管理有限公司", "数量": 1}, {"企业名称": "虹口区福赐苑业主委员会", "数量": 1}, {"企业名称": "财小咖管理咨询（上海）有限责任公司", "数量": 1}, {"企业名称": "上药医疗器械（上海）有限公司", "数量": 1}, {"企业名称": "金令装饰有限公司", "数量": 1}, {"企业名称": "中通快递凉城网点", "数量": 1}, {"企业名称": "渡边物华园", "数量": 1}, {"企业名称": "上海柴盛工业科技有限公司", "数量": 1}, {"企业名称": "未明确提及", "数量": 1}, {"企业名称": "四建集团", "数量": 1}, {"企业名称": "上海绿奔建筑工程有限公司", "数量": 1}, {"企业名称": "西域吃在楼兰", "数量": 1}, {"企业名称": "南天公司", "数量": 1}, {"企业名称": "云南米线", "数量": 1}, {"企业名称": "上海揽浦建筑工程有限公司", "数量": 1}, {"企业名称": "上海陈政市政建筑工程市民有限公司", "数量": 1}, {"企业名称": "上海聚英餐饮有限公司", "数量": 1}, {"企业名称": "未签订劳动合同", "数量": 1}, {"企业名称": "上海安宁消防有限公司", "数量": 1}, {"企业名称": "上海秦汉胡同文化科技有限公司", "数量": 1}, {"企业名称": "秦汉胡同国学书院曲阳馆", "数量": 1}, {"企业名称": "上海古准供应链管理有限公司", "数量": 1}, {"企业名称": "长阳物流有限公司", "数量": 1}, {"企业名称": "上海砼极建筑结构工程有限公司", "数量": 1}, {"企业名称": "霸王茶姬", "数量": 1}, {"企业名称": "江苏神工装饰工程有限公司", "数量": 1}, {"企业名称": "上海股准供应链管理有限公司", "数量": 1}]}
