2025-05-02 08:55:27,927 ChatBI->     INFO     query: 聚合总结2024年8月份的“生活垃圾清运”的工单内容描述关注比较多是事件，该任务是内容总结
2025-05-02 08:55:28,828 ChatBI->     INFO     schema linking: {'target_columns': ['案件描述/内容描述'], 'condition_columns': {'发现时间': '2024-08', '案件描述/内容描述': '生活垃圾清运'}}
2025-05-02 08:55:29,108 ChatBI->     INFO     任务类型: 内容总结
2025-05-02 08:55:30,685 ChatBI->     INFO     过滤表达式：  ('2024-08-01 00:00:00' < Discovery_Time < '2024-08-31 23:59:59') ; 查询问题： 生活垃圾清运
2025-05-02 08:55:30,687 ChatBI->     INFO     开始对非结构化文档【粗略】检索
2025-05-02 08:55:31,082 ChatBI->     INFO     检索到的文档总数量为：522
2025-05-02 08:55:31,099 ChatBI->     INFO     开始对非结构化文档【深度】检索
2025-05-02 08:55:31,262 ChatBI->     INFO     层级抽取文档： 市民来电反映:上述地址银行前的上街沿有3包堆放着的生活垃圾，严重影响周边市民正常的通行，希望管理部门核实尽快清理垃圾保证市民的生活环境。 ==> yes  
2025-05-02 08:55:31,262 ChatBI->     INFO     层级抽取文档： 市民反映：【发生时间:2024/08/1318:32:00,持续时间:未提供】广中路25弄小区里面居委会不管，严重影响居民正常生活（详见附件）。诉求：要求西二居委帮助解决问题。 ==> no  
2025-05-02 08:55:31,262 ChatBI->     INFO     层级抽取文档： 市民来电反映：上述地址每天晚上夜间施工，噪音扰民对市民生活带来影响。诉求：要求管理部门上门整治。（市民要求信息保密，需要回复）  ==> no  
2025-05-02 08:55:31,263 ChatBI->     INFO     层级抽取文档： 市民来电反映:上述地址小区房屋正在进行动迁，目前该动迁组将出入口用砖石封住，影响市民正常生活。诉求：希望相关部门核实处理，市民要求拆除砖石。（需要回复） ==> no  
2025-05-02 08:55:31,263 ChatBI->     INFO     层级抽取文档： 市民来电反映:上述小区在周末时间7：00多就开始路面施工，噪音严重影响其生活。诉求：请管理部门核实，要求周末在9:00以后在噪音施工。（市民要求信息保密 无需回复） ==> no  
2025-05-02 08:55:31,263 ChatBI->     INFO     层级抽取文档： 【重新交办,要求：答复要点与实际情况不符。工程已经完毕1个月了，还没有拿走，承办部门一直说要审批，其不认可，称拉过去的时候怎么不用审批。现要求尽快将垃圾散皮箱全部拉走，请尽快处理（市民要求信息保密 无需回复）。最近办结的工单编号:20240803002811，工单内容:市民来电反映:市民表示上述地址小区门口放置了垃圾房，居民进出非常不方便而且垃圾房占用消防通道，诉求：要求管理部门尽快移除垃圾房。】 ==> yes  
2025-05-02 08:55:31,263 ChatBI->     INFO     层级抽取文档： 市民来电反映:在上述地址附近在进行道路施工，8月14日2:00左右还未停止，噪音严重影响其生活。诉求：请管理部门核实，要求解决夜间噪音施工扰民问题。（市民要求信息保密 需回复） ==> no  
2025-05-02 08:55:31,263 ChatBI->     INFO     层级抽取文档： 市民来电反映:上述地址的居民每天晚上把垃圾放在门口，第二天才去仍，味道影响隔壁邻居，希望管理部门协调不要把垃圾放在门口。（市民要求信息保密 需回复） ==> yes  
2025-05-02 08:55:31,263 ChatBI->     INFO     层级抽取文档： 市民来电反映:上述地址居民楼的居民将厨余垃圾放在楼道内，严重影响环境卫生。诉求：请管理部门尽快核实查处彻底制止。（市民要求信息保密 需回复） ==> yes  
2025-05-02 08:55:31,264 ChatBI->     INFO     层级抽取文档： 市民来电对办理结果不满,市民表示反映之后，没有接到任何管理部门电话，管理部门称垃圾厢房建造，停靠车辆之后，距离主干道以及居民家窗户下，拒绝不足5.7米，市民要求管理部门再次上门测量，并且必须电话沟通联系。【最近派发的工单编号:20240812015200，工单内容:市民来电反映:上述地址小区正在进行美丽家园建设，靠近小区大门口主干道上要设立一个新的垃圾厢房，即影响车辆，行人正常出行，而且正对居民家厨房窗口，间距只有3米左右，跟物业反映说居民签过字同意的，市民表示当时签署的是美丽家园建设施工同意书，内容里并未写明会在此处建设垃圾厢房。诉求：希望管理部门核实要求更改垃圾厢房建造位置（需要回复）】 ==> no  
2025-05-02 08:55:31,264 ChatBI->     INFO     阈值索引为：20, 窗口大小为: 40 
2025-05-02 08:55:31,264 ChatBI->     INFO     确定的文档: 0; 在次确认的文档: 60
2025-05-02 08:55:31,901 ChatBI->     INFO     从60个需再次确认的文档中筛选出的相关文档数量：32
2025-05-02 08:55:31,902 ChatBI->     INFO     示例文档：['市民来电反映:上述地址前都是垃圾，诉求：要求尽快清除该处的垃圾。（市民要求信息保密 需回复）', '【重新交办,要求：按答复要点告知市民,市民表示答复要点不符合，市民表示该处就清运了一车垃圾，该处垃圾还是乱丢，并且门没有锁，里面垃圾还是很多,。诉求：希望尽快处理解决该问题。最近办结的工单编号:20240812027599，工单内容:【重新交办，答复要点与实际情况不符，其表示上述地址的垃圾堆放了将近三车也没有清运走，且由于没有将门上锁导致有人进入，将垃圾从袋子中倒出，只拿走袋子，垃圾和灰尘飘的到处都是。诉求：请管理部门尽快清理垃圾，并加强管理。最近派发的工单编号:20240703004984，工单内容:市民来电反映:投诉小区物业，以上地址垃圾堆放没有及时清理的问题再次出现，之前反映后有改善但是没有及时清理是过段时间清理的，诉求：要求及时清理该处垃圾，不要长时间堆放。（市民要求信息保密 无需回复）】', '市民来电反映:上述地址小区主干道有垃圾多日未清理。诉求：请管理部门督促物业对小区道路垃圾及时清理。（市民要求信息保密 需回复）', '市民反映：小区公共地面上有很多居民装修扔出来的垃圾，一直没人来清理，影响小区环境。诉求：尽快清理。', '【重新交办，答复要点与实际情况不符，其表示上述地址的垃圾堆放了将近三车也没有清运走，且由于没有将门上锁导致有人进入，将垃圾从袋子中倒出，只拿走袋子，垃圾和灰尘飘的到处都是。诉求：请管理部门尽快清理垃圾，并加强管理。最近派发的工单编号:20240703004984，工单内容:市民来电反映:投诉小区物业，以上地址垃圾堆放没有及时清理的问题再次出现，之前反映后有改善但是没有及时清理是过段时间清理的，诉求：要求及时清理该处垃圾，不要长时间堆放。（市民要求信息保密 无需回复）】']
2025-05-02 08:55:31,903 ChatBI->     INFO     开始对非结构化文档进行聚合总结
