2025-05-02 16:26:20,373 ChatBI->     INFO     schema linking: {'target_columns': ['所属居委'], 'condition_columns': {'案件描述/内容描述': '设备维修'}}
2025-05-02 16:26:20,735 ChatBI->     INFO     
2025-05-02 16:26:20,737 ChatBI->     INFO     你
2025-05-02 16:26:20,746 ChatBI->     INFO     希望
2025-05-02 16:26:20,763 ChatBI->     INFO     了解
2025-05-02 16:26:20,780 ChatBI->     INFO     近
2025-05-02 16:26:20,806 ChatBI->     INFO     1
2025-05-02 16:26:20,815 ChatBI->     INFO     年
2025-05-02 16:26:20,833 ChatBI->     INFO     哪些
2025-05-02 16:26:20,850 ChatBI->     INFO     小区
2025-05-02 16:26:20,868 ChatBI->     INFO     有
2025-05-02 16:26:20,890 ChatBI->     INFO     设备
2025-05-02 16:26:20,909 ChatBI->     INFO     维修
2025-05-02 16:26:20,921 ChatBI->     INFO     的需求
2025-05-02 16:26:20,939 ChatBI->     INFO     。
2025-05-02 16:26:20,956 ChatBI->     INFO     这是一个
2025-05-02 16:26:20,973 ChatBI->     INFO     查询
2025-05-02 16:26:20,991 ChatBI->     INFO     特定
2025-05-02 16:26:21,015 ChatBI->     INFO     时间段
2025-05-02 16:26:21,025 ChatBI->     INFO     内
2025-05-02 16:26:21,042 ChatBI->     INFO     特定
2025-05-02 16:26:21,060 ChatBI->     INFO     事项
2025-05-02 16:26:21,077 ChatBI->     INFO     类型
2025-05-02 16:26:21,094 ChatBI->     INFO     的需求
2025-05-02 16:26:21,115 ChatBI->     INFO     情况
2025-05-02 16:26:21,130 ChatBI->     INFO     的问题
2025-05-02 16:26:21,149 ChatBI->     INFO     。
2025-05-02 16:26:21,169 ChatBI->     INFO     需要
2025-05-02 16:26:21,182 ChatBI->     INFO     将
2025-05-02 16:26:21,199 ChatBI->     INFO     时间
2025-05-02 16:26:21,216 ChatBI->     INFO     设
2025-05-02 16:26:21,235 ChatBI->     INFO     为
2025-05-02 16:26:21,251 ChatBI->     INFO     维度
2025-05-02 16:26:21,271 ChatBI->     INFO     字段
2025-05-02 16:26:21,288 ChatBI->     INFO     ，并
2025-05-02 16:26:21,304 ChatBI->     INFO     限定
2025-05-02 16:26:21,322 ChatBI->     INFO     时间为
2025-05-02 16:26:21,341 ChatBI->     INFO     近
2025-05-02 16:26:21,362 ChatBI->     INFO     1
2025-05-02 16:26:21,374 ChatBI->     INFO     年
2025-05-02 16:26:21,392 ChatBI->     INFO     ；
2025-05-02 16:26:21,408 ChatBI->     INFO     同时
2025-05-02 16:26:21,427 ChatBI->     INFO     将
2025-05-02 16:26:21,451 ChatBI->     INFO     事项
2025-05-02 16:26:21,460 ChatBI->     INFO     类别
2025-05-02 16:26:21,478 ChatBI->     INFO     、
2025-05-02 16:26:21,496 ChatBI->     INFO     事项
2025-05-02 16:26:21,516 ChatBI->     INFO     大
2025-05-02 16:26:21,534 ChatBI->     INFO     类
2025-05-02 16:26:21,556 ChatBI->     INFO     、
2025-05-02 16:26:21,566 ChatBI->     INFO     事项
2025-05-02 16:26:21,585 ChatBI->     INFO     小
2025-05-02 16:26:21,601 ChatBI->     INFO     类
2025-05-02 16:26:21,618 ChatBI->     INFO     、
2025-05-02 16:26:21,635 ChatBI->     INFO     事项
2025-05-02 16:26:21,654 ChatBI->     INFO     名称
2025-05-02 16:26:21,671 ChatBI->     INFO     、
2025-05-02 16:26:21,691 ChatBI->     INFO     事项
2025-05-02 16:26:21,706 ChatBI->     INFO     标签
2025-05-02 16:26:21,723 ChatBI->     INFO     设
2025-05-02 16:26:21,742 ChatBI->     INFO     为
2025-05-02 16:26:21,757 ChatBI->     INFO     维度
2025-05-02 16:26:21,777 ChatBI->     INFO     字段
2025-05-02 16:26:21,794 ChatBI->     INFO     ，
2025-05-02 16:26:21,811 ChatBI->     INFO     以
2025-05-02 16:26:21,829 ChatBI->     INFO     区分
2025-05-02 16:26:21,846 ChatBI->     INFO     不同
2025-05-02 16:26:21,864 ChatBI->     INFO     类型的
2025-05-02 16:26:21,884 ChatBI->     INFO     工
2025-05-02 16:26:21,901 ChatBI->     INFO     单
2025-05-02 16:26:21,917 ChatBI->     INFO     ；
2025-05-02 16:26:21,933 ChatBI->     INFO     将
2025-05-02 16:26:21,951 ChatBI->     INFO     所属
2025-05-02 16:26:21,972 ChatBI->     INFO     居
2025-05-02 16:26:21,985 ChatBI->     INFO     委
2025-05-02 16:26:22,004 ChatBI->     INFO     设
2025-05-02 16:26:22,021 ChatBI->     INFO     为
2025-05-02 16:26:22,040 ChatBI->     INFO     维度
2025-05-02 16:26:22,055 ChatBI->     INFO     字段
2025-05-02 16:26:22,073 ChatBI->     INFO     ，
2025-05-02 16:26:22,093 ChatBI->     INFO     以
2025-05-02 16:26:22,110 ChatBI->     INFO     确定
2025-05-02 16:26:22,132 ChatBI->     INFO     具体的
2025-05-02 16:26:22,147 ChatBI->     INFO     小区
2025-05-02 16:26:22,163 ChatBI->     INFO     ；
2025-05-02 16:26:22,181 ChatBI->     INFO     将
2025-05-02 16:26:22,202 ChatBI->     INFO     案件
2025-05-02 16:26:22,215 ChatBI->     INFO     描述
2025-05-02 16:26:22,232 ChatBI->     INFO     /
2025-05-02 16:26:22,250 ChatBI->     INFO     内容
2025-05-02 16:26:22,268 ChatBI->     INFO     描述
2025-05-02 16:26:22,286 ChatBI->     INFO     设
2025-05-02 16:26:22,302 ChatBI->     INFO     为
2025-05-02 16:26:22,322 ChatBI->     INFO     指标
2025-05-02 16:26:22,342 ChatBI->     INFO     字段
2025-05-02 16:26:22,355 ChatBI->     INFO     ，
2025-05-02 16:26:22,383 ChatBI->     INFO     以
2025-05-02 16:26:22,392 ChatBI->     INFO     了解
2025-05-02 16:26:22,409 ChatBI->     INFO     具体的
2025-05-02 16:26:22,426 ChatBI->     INFO     维修
2025-05-02 16:26:22,443 ChatBI->     INFO     需求
2025-05-02 16:26:22,460 ChatBI->     INFO     情况
2025-05-02 16:26:22,478 ChatBI->     INFO     。
2025-05-02 16:26:22,495 ChatBI->     INFO     条件
2025-05-02 16:26:22,511 ChatBI->     INFO     字段
2025-05-02 16:26:22,529 ChatBI->     INFO     包括
2025-05-02 16:26:22,548 ChatBI->     INFO     时间
2025-05-02 16:26:22,565 ChatBI->     INFO     范围
2025-05-02 16:26:22,583 ChatBI->     INFO     为
2025-05-02 16:26:22,601 ChatBI->     INFO     近
2025-05-02 16:26:22,616 ChatBI->     INFO     1
2025-05-02 16:26:22,635 ChatBI->     INFO     年
2025-05-02 16:26:22,659 ChatBI->     INFO     ，
2025-05-02 16:26:22,670 ChatBI->     INFO     事项
2025-05-02 16:26:22,687 ChatBI->     INFO     标签
2025-05-02 16:26:22,707 ChatBI->     INFO     中
2025-05-02 16:26:22,727 ChatBI->     INFO     包含
2025-05-02 16:26:22,759 ChatBI->     INFO     “
2025-05-02 16:26:22,764 ChatBI->     INFO     设备
2025-05-02 16:26:22,776 ChatBI->     INFO     维修
2025-05-02 16:26:22,791 ChatBI->     INFO     ”
2025-05-02 16:26:22,809 ChatBI->     INFO     等相关
2025-05-02 16:26:22,827 ChatBI->     INFO     关键词
2025-05-02 16:26:22,844 ChatBI->     INFO     。


2025-05-02 16:26:22,862 ChatBI->     INFO     DONE
2025-05-02 16:26:22,879 ChatBI->     INFO     
2025-05-02 16:26:22,886 ChatBI->     INFO     任务类型: SQL
2025-05-02 16:26:24,278 ChatBI->     INFO     stad sql: SELECT `所属居委` FROM `HongKouDemo` WHERE `案件描述/内容描述` LIKE '%设备维修%' AND `发现时间` >= DATE_SUB(CURDATE(), INTERVAL 1 YEAR) GROUP BY `所属居委` LIMIT 10;
2025-05-02 16:26:24,287 ChatBI->     INFO     非结构化信息为: {"`案件描述/内容描述` LIKE '%设备维修%'": '设备维修'}
2025-05-02 16:26:24,689 ChatBI->     INFO     设备维修 的命名实体判别： no
2025-05-02 16:26:24,692 ChatBI->     INFO     开始对非结构化文档【粗略】检索
2025-05-02 16:26:25,741 ChatBI->     INFO     检索到的文档总数量为：607
2025-05-02 16:26:25,776 ChatBI->     INFO     开始对非结构化文档【深度】检索
2025-05-02 16:26:26,112 ChatBI->     INFO     层级抽取文档： 市民来电反映:上述地址的小区内的所有电动车充电装置，只能投币使用，不能线上支付，且现有的设备都是损坏，无法正常使用。诉求：请管理部门尽快维修设备，并尽快开通线上支付功能。 ==> yes  
2025-05-02 16:26:26,112 ChatBI->     INFO     层级抽取文档： 市民反映：衡水路89弄1号楼2903房屋内玻璃幕墙侧严重漏水，前期经城管、区应急管理中心、物业公司工程人员及居委会联合现场查看，认定为玻璃幕墙老化所致。业主提出应由物业负责提出检修方案并报业委会，使用维修基金进行修理。业委会主任拒绝相关要求。业主致电川北街道城建中心（房管所）反映此问题，某陈姓工作人员表示无权责。1、物业应对漏水问题出具正式的检修方案，报业委会。2、业委会应根据事实情况，征询意见或召开业主大会，明确维修基金的使用。3、物业应负责相应的检修。4、川北街道房管所人员应尽监督、管理、协调责任。5、物业应明确是否履行玻璃幕墙定期检查的职责。6、查明物业经理吴某、业委会主任是否存在不作为，川北街道陈某是否存在渎职。诉求：投诉物业不作为及街道房管渎职，要求协调解决使用维修基金事宜。（市民要求信息保密，需要回复）  市民投诉上述地址物业不作为及街道房管渎职，要求协调解决使用维修基金事宜。 ==> no  
2025-05-02 16:26:26,113 ChatBI->     INFO     层级抽取文档： 市民来电反映:其是上述地址居民，市民表示现在居民楼公共管道漏水，物业联系市民告知需要将市民家中的墙体破坏才能检查管道，市民表示应该有类似窥镜检查设备，物业告知整个虹口区的房管部门都没有，市民不认可，要求管理部门核实联系市民告知市民是否有相关设备可以检查。 ==> no  
2025-05-02 16:26:26,113 ChatBI->     INFO     层级抽取文档： 市民来电反映:其是上述地址的居民，因为其楼上1104室的排污水管道漏水了，造成其家里漏水，且房屋顶部和墙壁都损坏了。其联系物业报修，物业查看后，声称没钱维修，就不了了之了。市民对此不认可。市民认为物业存在不作为。诉求：请管理部门尽快查处物业的不作为，并给出一个合理的解决方案。 ==> no  
2025-05-02 16:26:26,113 ChatBI->     INFO     层级抽取文档： 市民来电反映:上述地址的居民装修从6:00到半夜，严重附近居民的生活，诉求：要求在规定的时间内装修，并且做好噪音防治措施（市民要求信息保密 无需回复） ==> no  
2025-05-02 16:26:26,114 ChatBI->     INFO     层级抽取文档： 市民反映：运光路伊敏河路路口东南角人行道砖松动起翘。诉求：需要维修 ==> no  
2025-05-02 16:26:26,114 ChatBI->     INFO     层级抽取文档： 市民来电反映:上述地址菜场在装修，除了噪音大，气味也很大，导致楼上居民家中不开窗开空调装修的气味还是很大，诉求：请管理部门核实处理。（市民要求信息保密 无需回复） ==> no  
2025-05-02 16:26:26,114 ChatBI->     INFO     层级抽取文档： 市民反映：上述地址的木制台阶上有木板松动掉落，有铁钉外露，极端情况下会出现人身伤害事件。诉求：请尽快维修木制台阶。 ==> yes  
2025-05-02 16:26:26,114 ChatBI->     INFO     层级抽取文档： 市民来电反映:8月24日上述地址8:00后就开始装修了，市民表示噪音非常吵，已经严重影响居民生活，而且噪音分贝也特别大，诉求：希望管理部门核实，市民希望双休日不要装修，工作日9:00之后开始装修，市民希望尽快处理。（市民要求信息保密 需回复） ==> no  
2025-05-02 16:26:26,115 ChatBI->     INFO     层级抽取文档： 市民来电反映:上述地址在装修严重影响市民的正常休息，诉求：请管理部门督促文明、规范施工，不要扰民。（市民要求信息保密 无需回复） ==> no  
2025-05-02 16:26:26,115 ChatBI->     INFO     阈值索引为：20, 窗口大小为: 40 
2025-05-02 16:26:26,115 ChatBI->     INFO     确定的文档: 0; 在次确认的文档: 60
2025-05-02 16:26:28,118 ChatBI->     INFO     从60个需再次确认的文档中筛选出的相关文档数量：24
2025-05-02 16:26:28,119 ChatBI->     INFO     示例文档：['市民来电反映:在上述地址公共区域靠着马路，有一排电瓶车的充电桩，也没有安装指示标牌：不对外使用，但是缺无法使用，市民表示之前是有一个可以使用的，现在一个都不能用，报修后也没有维修，说是物业不修。诉求：希望管理部门核实后尽快维修恢复使用。', '市民来电反映:6层小区的电梯前几年才加装，去年开始启用，8月14日晚上电梯故障影响居民上下楼，有联系物业， 物业表示不管，让找电梯维护单位，联系了电梯公司，表示配件坏了让等，为此市民等不及。诉求：希望帮忙督促催促电梯公司尽快来维修。（市民要求信息保密 无需回复）', '市民来电反映:8月16日晚把车停在上述小区，现在看到发生了剐蹭，向物业调看监控告知摄像头坏了，要求管理部门解释为什么不进行维修或重新安装。', '市民反映：上述地址和平公园内的荡秋千设备维修了将近三个月。诉求：请管理部门告知市民秋千维修完成时间。', '市民反映：和平公园以设备维修的名义，将整个儿童乐园区域封闭，禁止放暑假的儿童进入游玩，事实上没有任何设备在维修，而是将儿童乐园变成了工作人员休闲娱乐的场所。（详见附件）诉求：请管理部门核实尽快开放儿童乐园区域。（市民要求信息保密，无需回复）']
2025-05-02 16:26:28,120 ChatBI->     INFO     没有找到<  >对应的视图
2025-05-02 16:26:31,119 ChatBI->     INFO     websocket发送的数据为：{"sql_gen": "SELECT `所属居委` FROM `HongKouDemo` WHERE `案件描述/内容描述` LIKE '%设备维修%' AND `发现时间` >= DATE_SUB(CURDATE(), INTERVAL 1 YEAR) GROUP BY `所属居委` LIMIT 10;"}
2025-05-02 16:26:31,120 ChatBI->     INFO     websocket发送的数据为：{"response": [{"所属居委": "祥东居委"}, {"所属居委": "前进居委"}, {"所属居委": "纪念居委"}, {"所属居委": "和平居委"}, {"所属居委": "庆阳居委"}, {"所属居委": "镇西居委"}, {"所属居委": "横滨居委"}, {"所属居委": "东四居委"}, {"所属居委": "凉六居委"}, {"所属居委": "虹湾居委"}]}
2025-05-02 16:26:31,122 ChatBI->     INFO     websocket发送的数据为：{"data_detail": [{}]}
2025-05-02 16:26:31,849 ChatBI->     INFO     websocket发送的数据为：{"result_insight": "近一年，祥东、前进、纪念、和平、庆阳、镇西、横滨、东四、凉六、虹湾等居委有设备维修需求。"}
2025-05-02 16:26:33,204 ChatBI->     INFO     websocket发送的数据为：{"result_recommand": {"new_query_1": "这些小区中哪些是投诉举报类的工单？", "new_query_2": "这些小区中最近一次设备维修是什么时候？", "new_query_3": "这些小区中是否有涉及公共安全的工单？"}}
